Archive member included to satisfy reference by file (symbol)

C:/Program Files/SEGGER/SEGGER Embedded Studio 8.22a/lib/libc_v7em_fpv4_sp_d16_hard_t_le_eabi_balanced.a(sortops.o)
                              Output/Debug/Obj/flashwrite_pca10040/nrf_cli.o (qsort)
C:/Program Files/SEGGER/SEGGER Embedded Studio 8.22a/lib/libc_v7em_fpv4_sp_d16_hard_t_le_eabi_balanced.a(__SEGGER_RTL_vfprintf_long.o)
                              (__SEGGER_RTL_vfprintf_long)
C:/Program Files/SEGGER/SEGGER Embedded Studio 8.22a/lib/libc_v7em_fpv4_sp_d16_hard_t_le_eabi_balanced.a(__SEGGER_RTL_vfscanf_long.o)
                              (__SEGGER_RTL_vfscanf_long)
C:/Program Files/SEGGER/SEGGER Embedded Studio 8.22a/lib/libc_v7em_fpv4_sp_d16_hard_t_le_eabi_balanced.a(utilops.o)
                              C:/Program Files/SEGGER/SEGGER Embedded Studio 8.22a/lib/libc_v7em_fpv4_sp_d16_hard_t_le_eabi_balanced.a(__SEGGER_RTL_vfscanf_long.o) (__SEGGER_RTL_digit)
C:/Program Files/SEGGER/SEGGER Embedded Studio 8.22a/lib/libc_v7em_fpv4_sp_d16_hard_t_le_eabi_balanced.a(floatasmops_arm.o)
                              C:/Program Files/SEGGER/SEGGER Embedded Studio 8.22a/lib/libc_v7em_fpv4_sp_d16_hard_t_le_eabi_balanced.a(utilops.o) (__aeabi_dmul)
C:/Program Files/SEGGER/SEGGER Embedded Studio 8.22a/lib/libc_v7em_fpv4_sp_d16_hard_t_le_eabi_balanced.a(intasmops_arm.o)
                              C:/Program Files/SEGGER/SEGGER Embedded Studio 8.22a/lib/libc_v7em_fpv4_sp_d16_hard_t_le_eabi_balanced.a(__SEGGER_RTL_vfprintf_long.o) (__aeabi_uldivmod)
C:/Program Files/SEGGER/SEGGER Embedded Studio 8.22a/lib/libc_v7em_fpv4_sp_d16_hard_t_le_eabi_balanced.a(prinops.o)
                              C:/Program Files/SEGGER/SEGGER Embedded Studio 8.22a/lib/libc_v7em_fpv4_sp_d16_hard_t_le_eabi_balanced.a(__SEGGER_RTL_vfprintf_long.o) (__SEGGER_RTL_putc)
C:/Program Files/SEGGER/SEGGER Embedded Studio 8.22a/lib/libc_v7em_fpv4_sp_d16_hard_t_le_eabi_balanced.a(fileops.o)
                              C:/Program Files/SEGGER/SEGGER Embedded Studio 8.22a/lib/libc_v7em_fpv4_sp_d16_hard_t_le_eabi_balanced.a(prinops.o) (fwrite)
C:/Program Files/SEGGER/SEGGER Embedded Studio 8.22a/lib/libc_v7em_fpv4_sp_d16_hard_t_le_eabi_balanced.a(errno.o)
                              C:/Program Files/SEGGER/SEGGER Embedded Studio 8.22a/lib/libc_v7em_fpv4_sp_d16_hard_t_le_eabi_balanced.a(fileops.o) (__aeabi_errno_addr)
C:/Program Files/SEGGER/SEGGER Embedded Studio 8.22a/lib/heapops_basic_v7em_fpv4_sp_d16_hard_t_le_eabi_balanced.a(heapops_basic.o)
                              Output/Debug/Obj/flashwrite_pca10040/thumb_crt0.o (__SEGGER_RTL_init_heap)
C:/Program Files/SEGGER/SEGGER Embedded Studio 8.22a/lib/heapops_disable_interrupts_locking_v7em_fpv4_sp_d16_hard_t_le_eabi_balanced.a(heapops.o)
                              C:/Program Files/SEGGER/SEGGER Embedded Studio 8.22a/lib/libc_v7em_fpv4_sp_d16_hard_t_le_eabi_balanced.a(prinops.o) (free)
C:/Program Files/SEGGER/SEGGER Embedded Studio 8.22a/lib/strops_unaligned_v7em_fpv4_sp_d16_hard_t_le_eabi_balanced.a(strops.o)
                              Output/Debug/Obj/flashwrite_pca10040/nrf_cli.o (memmove)
C:/Program Files/SEGGER/SEGGER Embedded Studio 8.22a/lib/strops_unaligned_v7em_fpv4_sp_d16_hard_t_le_eabi_balanced.a(strasmops_arm.o)
                              Output/Debug/Obj/flashwrite_pca10040/nrf_cli.o (strcmp)
C:/Program Files/SEGGER/SEGGER Embedded Studio 8.22a/lib/mbops_timeops_v7em_fpv4_sp_d16_hard_t_le_eabi_balanced.a(mbops.o)
                              C:/Program Files/SEGGER/SEGGER Embedded Studio 8.22a/lib/libc_v7em_fpv4_sp_d16_hard_t_le_eabi_balanced.a(prinops.o) (__SEGGER_RTL_current_locale)
C:/Program Files/SEGGER/SEGGER Embedded Studio 8.22a/lib/mbops_timeops_v7em_fpv4_sp_d16_hard_t_le_eabi_balanced.a(timeops.o)
                              C:/Program Files/SEGGER/SEGGER Embedded Studio 8.22a/lib/mbops_timeops_v7em_fpv4_sp_d16_hard_t_le_eabi_balanced.a(mbops.o) (__SEGGER_RTL_string_list_encode)
C:/Program Files/SEGGER/SEGGER Embedded Studio 8.22a/lib/libc_v7em_fpv4_sp_d16_hard_t_le_eabi_balanced.a(execops.o)
                              C:/Program Files/SEGGER/SEGGER Embedded Studio 8.22a/lib/strops_unaligned_v7em_fpv4_sp_d16_hard_t_le_eabi_balanced.a(strops.o) (__SEGGER_RTL_constraint_violation)
C:/Program Files/SEGGER/SEGGER Embedded Studio 8.22a/lib/libc_v7em_fpv4_sp_d16_hard_t_le_eabi_balanced.a(execops_arm.o)
                              C:/Program Files/SEGGER/SEGGER Embedded Studio 8.22a/lib/libc_v7em_fpv4_sp_d16_hard_t_le_eabi_balanced.a(execops.o) (__aeabi_SIGABRT)
C:/Program Files/SEGGER/SEGGER Embedded Studio 8.22a/lib/libc_v7em_fpv4_sp_d16_hard_t_le_eabi_balanced.a(intops.o)
                              C:/Program Files/SEGGER/SEGGER Embedded Studio 8.22a/lib/mbops_timeops_v7em_fpv4_sp_d16_hard_t_le_eabi_balanced.a(timeops.o) (div)
C:/Program Files/SEGGER/SEGGER Embedded Studio 8.22a/lib/libc_v7em_fpv4_sp_d16_hard_t_le_eabi_balanced.a(convops.o)
[...]
Memory Configuration

Name             Origin             Length             Attributes
UNPLACED_SECTIONS 0x00000000         0x00000000         xw
RAM1             0x20000000         0x00010000         xw
FLASH1           0x00000000         0x00080000         xw
*default*        0x00000000         0xffffffff

Linker script and memory map

                0x20000000                        __RAM1_segment_start__ = 0x20000000
                0x20010000                        __RAM1_segment_end__ = 0x20010000
                0x00010000                        __RAM1_segment_size__ = 0x10000
                0x00000000                        __FLASH1_segment_start__ = 0x0
                0x00080000                        __FLASH1_segment_end__ = 0x80000
                0x00080000                        __FLASH1_segment_size__ = 0x80000
                0x00002000                        __HEAPSIZE__ = 0x2000
                0x00000000                        __SEGGER_RTL_vfprintf = __SEGGER_RTL_vfprintf_long
                0x00000000                        __SEGGER_RTL_vfscanf = __SEGGER_RTL_vfscanf_long
                0x00000000                        __STACKSIZE_PROCESS__ = 0x0
                0x00002000                        __STACKSIZE__ = 0x2000
                0x20000000                        __vectors_ram_load_start__ = 0x20000000

.vectors_ram    0x20000000        0x0
                0x20000000                        __vectors_ram_start__ = .
                0x20000000                        __app_ram_start__ = __vectors_ram_start__
 *(.vectors_ram .vectors_ram.*)
                0x20000000                        __vectors_ram_end__ = (__vectors_ram_start__ + SIZEOF (.vectors_ram))
                0x00000000                        __vectors_ram_size__ = SIZEOF (.vectors_ram)
                0x20000000                        __vectors_ram_load_end__ = __vectors_ram_end__
                0x00000001                        . = ASSERT (((__vectors_ram_start__ == __vectors_ram_end__) || ((__vectors_ram_end__ - __RAM1_segment_start__) <= __RAM1_segment_size__)), error: .vectors_ram is too large to fit in RAM1 memory segment)
                0x20000000                        __nrf_sections_run_load_start__ = ALIGN (__vectors_ram_end__, 0x4)

.nrf_sections_run
                0x20000000        0x0
                0x20000000                        __nrf_sections_run_start__ = .
                0x20000000                        __start_nrf_sections_run = __nrf_sections_run_start__
 *(.nrf_sections_run .nrf_sections_run.*)
                0x20000000                        __nrf_sections_run_end__ = (__nrf_sections_run_start__ + SIZEOF (.nrf_sections_run))
                0x00000000                        __nrf_sections_run_size__ = SIZEOF (.nrf_sections_run)
                0x20000000                        __nrf_sections_run_load_end__ = __nrf_sections_run_end__
                0x00000001                        . = ASSERT (((__nrf_sections_run_start__ == __nrf_sections_run_end__) || ((__nrf_sections_run_end__ - __RAM1_segment_start__) <= __RAM1_segment_size__)), error: .nrf_sections_run is too large to fit in RAM1 memory segment)
                0x00000000                        __vectors_load_start__ = 0x0

.vectors        0x00000000      0x200
                0x00000000                        __vectors_start__ = .
 *(.vectors .vectors.*)
 .vectors       0x00000000      0x200 Output/Debug/Obj/flashwrite_pca10040/ses_startup_nrf52.o
                0x00000000                _vectors
                0x00000200                        __vectors_end__ = (__vectors_start__ + SIZEOF (.vectors))
                0x00000200                        __vectors_size__ = SIZEOF (.vectors)
                0x00000200                        __vectors_load_end__ = __vectors_end__
                0x00000001                        . = ASSERT (((__vectors_start__ == __vectors_end__) || ((__vectors_end__ - __FLASH1_segment_start__) <= __FLASH1_segment_size__)), error: .vectors is too large to fit in FLASH1 memory segment)
                0x00000200                        __init_load_start__ = ALIGN (__vectors_end__, 0x4)

.init           0x00000200      0x1e4
                0x00000200                        __init_start__ = .
 *(.init .init.*)
 .init          0x00000200       0x18 Output/Debug/Obj/flashwrite_pca10040/ses_startup_nrf52.o
                0x00000200                NMI_Handler
                0x00000202                HardFault_Handler
                0x00000204                MemoryManagement_Handler
                0x00000206                BusFault_Handler
                0x00000208                UsageFault_Handler
                0x0000020a                SVC_Handler
                0x0000020c                DebugMon_Handler
                0x0000020e                PendSV_Handler
                0x00000210                SysTick_Handler
                0x00000212                PWM1_IRQHandler
                0x00000212                GPIOTE_IRQHandler
                0x00000212                SWI0_EGU0_IRQHandler
                0x00000212                RADIO_IRQHandler
                0x00000212                PDM_IRQHandler
                0x00000212                TEMP_IRQHandler
                0x00000212                QDEC_IRQHandler
                0x00000212                RTC0_IRQHandler
                0x00000212                FPU_IRQHandler
                0x00000212                SPIM0_SPIS0_TWIM0_TWIS0_SPI0_TWI0_IRQHandler
                0x00000212                SWI2_EGU2_IRQHandler
                0x00000212                TIMER4_IRQHandler
                0x00000212                I2S_IRQHandler
                0x00000212                SWI4_EGU4_IRQHandler
                0x00000212                TIMER0_IRQHandler
                0x00000212                Dummy_Handler
                0x00000212                TIMER1_IRQHandler
                0x00000212                PWM2_IRQHandler
                0x00000212                ECB_IRQHandler
                0x00000212                SPIM1_SPIS1_TWIM1_TWIS1_SPI1_TWI1_IRQHandler
                0x00000212                SAADC_IRQHandler
                0x00000212                CCM_AAR_IRQHandler
                0x00000212                WDT_IRQHandler
                0x00000212                TIMER3_IRQHandler
                0x00000212                SWI5_EGU5_IRQHandler
                0x00000212                RNG_IRQHandler
                0x00000212                RTC2_IRQHandler
                0x00000212                PWM0_IRQHandler
                0x00000212                SWI3_EGU3_IRQHandler
                0x00000212                SWI1_EGU1_IRQHandler
                0x00000212                SPIM2_SPIS2_SPI2_IRQHandler
                0x00000212                NFCT_IRQHandler
                0x00000212                TIMER2_IRQHandler
                0x00000212                MWU_IRQHandler
                0x00000212                COMP_LPCOMP_IRQHandler
                0x00000214                nRFInitialize
 .init          0x00000218       0x5c Output/Debug/Obj/flashwrite_pca10040/ses_startup_nrf_common.o
                0x00000218                Reset_Handler
                0x0000021c                afterInitialize
                0x00000240                InitializeUserMemorySections
 .init          0x00000274      0x170 Output/Debug/Obj/flashwrite_pca10040/thumb_crt0.o
                0x00000274                _start
                0x00000322                exit
                0x00000322                _Exit
                0x000003e4                        __init_end__ = (__init_start__ + SIZEOF (.init))
                0x000001e4                        __init_size__ = SIZEOF (.init)
                0x000003e4                        __init_load_end__ = __init_end__
                0x00000001                        . = ASSERT (((__init_start__ == __init_end__) || ((__init_end__ - __FLASH1_segment_start__) <= __FLASH1_segment_size__)), error: .init is too large to fit in FLASH1 memory segment)
                0x000003e4                        __init_rodata_load_start__ = ALIGN (__init_end__, 0x4)

.init_rodata    0x000003e4        0x0
                0x000003e4                        __init_rodata_start__ = .
 *(.init_rodata .init_rodata.*)
                0x000003e4                        __init_rodata_end__ = (__init_rodata_start__ + SIZEOF (.init_rodata))
                0x00000000                        __init_rodata_size__ = SIZEOF (.init_rodata)
                0x000003e4                        __init_rodata_load_end__ = __init_rodata_end__
                0x00000001                        . = ASSERT (((__init_rodata_start__ == __init_rodata_end__) || ((__init_rodata_end__ - __FLASH1_segment_start__) <= __FLASH1_segment_size__)), error: .init_rodata is too large to fit in FLASH1 memory segment)
                0x000003e4                        __text_load_start__ = ALIGN (__init_rodata_end__, 0x4)

.text           0x000003e4     0x735a
                0x000003e4                        __text_start__ = .
 *(.text .text.* .gnu.linkonce.t.* .glue_7t .glue_7 .gcc_except_table .ARM.extab* .gnu.linkonce.armextab.*)
 .glue_7        0x000003e4        0x0 linker stubs
 .glue_7t       0x000003e4        0x0 linker stubs
 .text.log_init
                0x000003e4       0x30 Output/Debug/Obj/flashwrite_pca10040/main.o
                0x000003e4                log_init
 .text.main     0x00000414      0x184 Output/Debug/Obj/flashwrite_pca10040/main.o
                0x00000414                main
 .text.__NVIC_SystemReset
                0x00000598       0x28 Output/Debug/Obj/flashwrite_pca10040/system_nrf52.o
 .text.nrf52_errata_12
                0x000005c0       0x88 Output/Debug/Obj/flashwrite_pca10040/system_nrf52.o
 .text.nrf52_errata_16
                0x00000648       0x68 Output/Debug/Obj/flashwrite_pca10040/system_nrf52.o
 .text.nrf52_errata_31
                0x000006b0       0x88 Output/Debug/Obj/flashwrite_pca10040/system_nrf52.o
 .text.nrf52_errata_32
                0x00000738       0x68 Output/Debug/Obj/flashwrite_pca10040/system_nrf52.o
 .text.nrf52_errata_36
                0x000007a0       0x88 Output/Debug/Obj/flashwrite_pca10040/system_nrf52.o
 .text.nrf52_errata_37
                0x00000828       0x68 Output/Debug/Obj/flashwrite_pca10040/system_nrf52.o
 .text.nrf52_errata_57
                0x00000890       0x68 Output/Debug/Obj/flashwrite_pca10040/system_nrf52.o
 .text.nrf52_errata_66
                0x000008f8       0x88 Output/Debug/Obj/flashwrite_pca10040/system_nrf52.o
 .text.nrf52_errata_108
                0x00000980       0x88 Output/Debug/Obj/flashwrite_pca10040/system_nrf52.o
 .text.nrf52_errata_136
                0x00000a08       0x88 Output/Debug/Obj/flashwrite_pca10040/system_nrf52.o
 .text.nrf52_errata_182
                0x00000a90       0x60 Output/Debug/Obj/flashwrite_pca10040/system_nrf52.o
 .text.nrf52_errata_249
                0x00000af0       0x60 Output/Debug/Obj/flashwrite_pca10040/system_nrf52.o
 .text.nrf52_handle_approtect
                0x00000b50       0x20 Output/Debug/Obj/flashwrite_pca10040/system_nrf52.o
 .text.nvmc_wait
                0x00000b70       0x18 Output/Debug/Obj/flashwrite_pca10040/system_nrf52.o
                0x00000b70                nvmc_wait
 .text.nvmc_config
                0x00000b88       0x20 Output/Debug/Obj/flashwrite_pca10040/system_nrf52.o
                0x00000b88                nvmc_config
 .text.SystemCoreClockUpdate
                0x00000ba8       0x14 Output/Debug/Obj/flashwrite_pca10040/system_nrf52.o
                0x00000ba8                SystemCoreClockUpdate
 .text.SystemInit
                0x00000bbc      0x2ac Output/Debug/Obj/flashwrite_pca10040/system_nrf52.o
                0x00000bbc                SystemInit
 .text.uarte_evt_handler
                0x00000e68       0x50 Output/Debug/Obj/flashwrite_pca10040/nrf_drv_uart.o
 .text.uart_evt_handler
                0x00000eb8       0x50 Output/Debug/Obj/flashwrite_pca10040/nrf_drv_uart.o
 .text.nrf_drv_uart_init
                0x00000f08       0xc0 Output/Debug/Obj/flashwrite_pca10040/nrf_drv_uart.o
                0x00000f08                nrf_drv_uart_init
 .text.wait_for_flash_ready
                0x00000fc8       0x18 Output/Debug/Obj/flashwrite_pca10040/nrf_nvmc.o
 .text.nrf_nvmc_page_erase
                0x00000fe0       0x48 Output/Debug/Obj/flashwrite_pca10040/nrf_nvmc.o
                0x00000fe0                nrf_nvmc_page_erase
 .text.nrf_nvmc_write_word
                0x00001028       0x48 Output/Debug/Obj/flashwrite_pca10040/nrf_nvmc.o
                0x00001028                nrf_nvmc_write_word
 .text.nrf_nvmc_write_words
                0x00001070       0x6c Output/Debug/Obj/flashwrite_pca10040/nrf_nvmc.o
                0x00001070                nrf_nvmc_write_words
 .text.nrf_clock_int_disable
                0x000010dc       0x14 Output/Debug/Obj/flashwrite_pca10040/nrfx_clock.o
 .text.nrf_clock_event_clear
                0x000010f0       0x28 Output/Debug/Obj/flashwrite_pca10040/nrfx_clock.o
 .text.nrf_clock_event_check
                0x00001118       0x22 Output/Debug/Obj/flashwrite_pca10040/nrfx_clock.o
 *fill*         0x0000113a        0x2 
 .text.POWER_CLOCK_IRQHandler
                0x0000113c       0x68 Output/Debug/Obj/flashwrite_pca10040/nrfx_clock.o
                0x0000113c                POWER_CLOCK_IRQHandler
 .text.UARTE0_UART0_IRQHandler
                0x000011a4       0x24 Output/Debug/Obj/flashwrite_pca10040/nrfx_prs.o
                0x000011a4                UARTE0_UART0_IRQHandler
 .text.prs_box_get
                0x000011c8       0x20 Output/Debug/Obj/flashwrite_pca10040/nrfx_prs.o
 .text.nrfx_prs_acquire
                0x000011e8       0x74 Output/Debug/Obj/flashwrite_pca10040/nrfx_prs.o
                0x000011e8                nrfx_prs_acquire
 .text.nrfx_prs_release
                0x0000125c       0x3c Output/Debug/Obj/flashwrite_pca10040/nrfx_prs.o
                0x0000125c                nrfx_prs_release
 .text.__NVIC_EnableIRQ
                0x00001298       0x34 Output/Debug/Obj/flashwrite_pca10040/nrfx_uart.o
 .text.__NVIC_DisableIRQ
                0x000012cc       0x44 Output/Debug/Obj/flashwrite_pca10040/nrfx_uart.o
 .text.__NVIC_SetPriority
                0x00001310       0x50 Output/Debug/Obj/flashwrite_pca10040/nrfx_uart.o
 .text.nrfx_get_irq_number
                0x00001360       0x10 Output/Debug/Obj/flashwrite_pca10040/nrfx_uart.o
 .text._NRFX_IRQ_PRIORITY_SET
                0x00001370       0x40 Output/Debug/Obj/flashwrite_pca10040/nrfx_uart.o
 .text._NRFX_IRQ_ENABLE
                0x000013b0       0x1c Output/Debug/Obj/flashwrite_pca10040/nrfx_uart.o
 .text._NRFX_IRQ_DISABLE
                0x000013cc       0x1c Output/Debug/Obj/flashwrite_pca10040/nrfx_uart.o
 .text.nrf_uart_event_clear
                0x000013e8       0x2a Output/Debug/Obj/flashwrite_pca10040/nrfx_uart.o
 .text.nrf_uart_event_check
                0x00001412       0x24 Output/Debug/Obj/flashwrite_pca10040/nrfx_uart.o
 .text.nrf_uart_int_enable
                0x00001436       0x14 Output/Debug/Obj/flashwrite_pca10040/nrfx_uart.o
 .text.nrf_uart_int_enable_check
                0x0000144a       0x20 Output/Debug/Obj/flashwrite_pca10040/nrfx_uart.o
 .text.nrf_uart_int_disable
                0x0000146a       0x14 Output/Debug/Obj/flashwrite_pca10040/nrfx_uart.o
 .text.nrf_uart_errorsrc_get_and_clear
                0x0000147e       0x1c Output/Debug/Obj/flashwrite_pca10040/nrfx_uart.o
 .text.nrf_uart_enable
                0x0000149a       0x12 Output/Debug/Obj/flashwrite_pca10040/nrfx_uart.o
 .text.nrf_uart_disable
                0x000014ac       0x12 Output/Debug/Obj/flashwrite_pca10040/nrfx_uart.o
 .text.nrf_uart_txrx_pins_set
                0x000014be       0x1e Output/Debug/Obj/flashwrite_pca10040/nrfx_uart.o
 .text.nrf_uart_txrx_pins_disconnect
                0x000014dc       0x1c Output/Debug/Obj/flashwrite_pca10040/nrfx_uart.o
 .text.nrf_uart_tx_pin_get
                0x000014f8       0x10 Output/Debug/Obj/flashwrite_pca10040/nrfx_uart.o
 .text.nrf_uart_rx_pin_get
                0x00001508       0x10 Output/Debug/Obj/flashwrite_pca10040/nrfx_uart.o
 .text.nrf_uart_rts_pin_get
                0x00001518       0x10 Output/Debug/Obj/flashwrite_pca10040/nrfx_uart.o
 .text.nrf_uart_cts_pin_get
                0x00001528       0x10 Output/Debug/Obj/flashwrite_pca10040/nrfx_uart.o
 .text.nrf_uart_hwfc_pins_set
                0x00001538       0x1e Output/Debug/Obj/flashwrite_pca10040/nrfx_uart.o
 .text.nrf_uart_hwfc_pins_disconnect
                0x00001556       0x1c Output/Debug/Obj/flashwrite_pca10040/nrfx_uart.o
 .text.nrf_uart_rxd_get
                0x00001572       0x12 Output/Debug/Obj/flashwrite_pca10040/nrfx_uart.o
 .text.nrf_uart_txd_set
                0x00001584       0x1a Output/Debug/Obj/flashwrite_pca10040/nrfx_uart.o
 .text.nrf_uart_task_trigger
                0x0000159e       0x1c Output/Debug/Obj/flashwrite_pca10040/nrfx_uart.o
 .text.nrf_uart_configure
                0x000015ba       0x2a Output/Debug/Obj/flashwrite_pca10040/nrfx_uart.o
 .text.nrf_uart_baudrate_set
                0x000015e4       0x14 Output/Debug/Obj/flashwrite_pca10040/nrfx_uart.o
 .text.nrf_gpio_pin_port_decode
                0x000015f8       0x30 Output/Debug/Obj/flashwrite_pca10040/nrfx_uart.o
 .text.nrf_gpio_cfg
                0x00001628       0x62 Output/Debug/Obj/flashwrite_pca10040/nrfx_uart.o
 .text.nrf_gpio_cfg_output
                0x0000168a       0x22 Output/Debug/Obj/flashwrite_pca10040/nrfx_uart.o
 .text.nrf_gpio_cfg_input
                0x000016ac       0x2a Output/Debug/Obj/flashwrite_pca10040/nrfx_uart.o
 .text.nrf_gpio_cfg_default
                0x000016d6       0x22 Output/Debug/Obj/flashwrite_pca10040/nrfx_uart.o
 .text.nrf_gpio_pin_set
                0x000016f8       0x28 Output/Debug/Obj/flashwrite_pca10040/nrfx_uart.o
 .text.nrf_gpio_port_out_set
                0x00001720       0x14 Output/Debug/Obj/flashwrite_pca10040/nrfx_uart.o
 .text.nrf_gpio_pin_present_check
                0x00001734       0x40 Output/Debug/Obj/flashwrite_pca10040/nrfx_uart.o
 .text.apply_config
                0x00001774       0xc6 Output/Debug/Obj/flashwrite_pca10040/nrfx_uart.o
 *fill*         0x0000183a        0x2 
 .text.interrupts_enable
                0x0000183c       0x6c Output/Debug/Obj/flashwrite_pca10040/nrfx_uart.o
 .text.interrupts_disable
                0x000018a8       0x30 Output/Debug/Obj/flashwrite_pca10040/nrfx_uart.o
 .text.pins_to_default
                0x000018d8       0x8a Output/Debug/Obj/flashwrite_pca10040/nrfx_uart.o
 *fill*         0x00001962        0x2 
 .text.nrfx_uart_init
                0x00001964       0xd4 Output/Debug/Obj/flashwrite_pca10040/nrfx_uart.o
                0x00001964                nrfx_uart_init
 .text.nrfx_uart_uninit
                0x00001a38       0x5c Output/Debug/Obj/flashwrite_pca10040/nrfx_uart.o
                0x00001a38                nrfx_uart_uninit
 .text.tx_byte  0x00001a94       0x40 Output/Debug/Obj/flashwrite_pca10040/nrfx_uart.o
 .text.tx_blocking
                0x00001ad4       0x52 Output/Debug/Obj/flashwrite_pca10040/nrfx_uart.o
 *fill*         0x00001b26        0x2 
 .text.nrfx_uart_tx
                0x00001b28      0x110 Output/Debug/Obj/flashwrite_pca10040/nrfx_uart.o
                0x00001b28                nrfx_uart_tx
 .text.nrfx_uart_tx_in_progress
                0x00001c38       0x2c Output/Debug/Obj/flashwrite_pca10040/nrfx_uart.o
                0x00001c38                nrfx_uart_tx_in_progress
 .text.rx_byte  0x00001c64       0x4e Output/Debug/Obj/flashwrite_pca10040/nrfx_uart.o
 .text.rx_done_event
                0x00001cb2       0x2e Output/Debug/Obj/flashwrite_pca10040/nrfx_uart.o
 .text.tx_done_event
                0x00001ce0       0x34 Output/Debug/Obj/flashwrite_pca10040/nrfx_uart.o
 .text.uart_irq_handler
                0x00001d14      0x1de Output/Debug/Obj/flashwrite_pca10040/nrfx_uart.o
 *fill*         0x00001ef2        0x2 
 .text.nrfx_uart_0_irq_handler
                0x00001ef4       0x18 Output/Debug/Obj/flashwrite_pca10040/nrfx_uart.o
                0x00001ef4                nrfx_uart_0_irq_handler
 .text.__NVIC_EnableIRQ
                0x00001f0c       0x34 Output/Debug/Obj/flashwrite_pca10040/nrfx_uarte.o
 .text.__NVIC_DisableIRQ
                0x00001f40       0x44 Output/Debug/Obj/flashwrite_pca10040/nrfx_uarte.o
 .text.__NVIC_SetPriority
                0x00001f84       0x50 Output/Debug/Obj/flashwrite_pca10040/nrfx_uarte.o
 .text.nrfx_is_in_ram
                0x00001fd4       0x1c Output/Debug/Obj/flashwrite_pca10040/nrfx_uarte.o
 .text.nrfx_get_irq_number
                0x00001ff0       0x10 Output/Debug/Obj/flashwrite_pca10040/nrfx_uarte.o
 .text._NRFX_IRQ_PRIORITY_SET
                0x00002000       0x40 Output/Debug/Obj/flashwrite_pca10040/nrfx_uarte.o
 .text._NRFX_IRQ_ENABLE
                0x00002040       0x1c Output/Debug/Obj/flashwrite_pca10040/nrfx_uarte.o
 .text._NRFX_IRQ_DISABLE
                0x0000205c       0x1c Output/Debug/Obj/flashwrite_pca10040/nrfx_uarte.o
 .text.nrf_uarte_event_clear
                0x00002078       0x2a Output/Debug/Obj/flashwrite_pca10040/nrfx_uarte.o
 .text.nrf_uarte_event_check
                0x000020a2       0x24 Output/Debug/Obj/flashwrite_pca10040/nrfx_uarte.o
 .text.nrf_uarte_shorts_disable
                0x000020c6       0x1e Output/Debug/Obj/flashwrite_pca10040/nrfx_uarte.o
 .text.nrf_uarte_int_enable
                0x000020e4       0x14 Output/Debug/Obj/flashwrite_pca10040/nrfx_uarte.o
 .text.nrf_uarte_int_disable
                0x000020f8       0x14 Output/Debug/Obj/flashwrite_pca10040/nrfx_uarte.o
 .text.nrf_uarte_errorsrc_get_and_clear
                0x0000210c       0x1c Output/Debug/Obj/flashwrite_pca10040/nrfx_uarte.o
 .text.nrf_uarte_enable
                0x00002128       0x12 Output/Debug/Obj/flashwrite_pca10040/nrfx_uarte.o
 .text.nrf_uarte_disable
                0x0000213a       0x12 Output/Debug/Obj/flashwrite_pca10040/nrfx_uarte.o
 .text.nrf_uarte_txrx_pins_set
                0x0000214c       0x1e Output/Debug/Obj/flashwrite_pca10040/nrfx_uarte.o
 .text.nrf_uarte_txrx_pins_disconnect
                0x0000216a       0x1c Output/Debug/Obj/flashwrite_pca10040/nrfx_uarte.o
 .text.nrf_uarte_tx_pin_get
                0x00002186       0x10 Output/Debug/Obj/flashwrite_pca10040/nrfx_uarte.o
 .text.nrf_uarte_rx_pin_get
                0x00002196       0x10 Output/Debug/Obj/flashwrite_pca10040/nrfx_uarte.o
 .text.nrf_uarte_rts_pin_get
                0x000021a6       0x10 Output/Debug/Obj/flashwrite_pca10040/nrfx_uarte.o
 .text.nrf_uarte_cts_pin_get
                0x000021b6       0x10 Output/Debug/Obj/flashwrite_pca10040/nrfx_uarte.o
 .text.nrf_uarte_hwfc_pins_set
                0x000021c6       0x1e Output/Debug/Obj/flashwrite_pca10040/nrfx_uarte.o
 .text.nrf_uarte_hwfc_pins_disconnect
                0x000021e4       0x1c Output/Debug/Obj/flashwrite_pca10040/nrfx_uarte.o
 .text.nrf_uarte_task_trigger
                0x00002200       0x1c Output/Debug/Obj/flashwrite_pca10040/nrfx_uarte.o
 .text.nrf_uarte_configure
                0x0000221c       0x2a Output/Debug/Obj/flashwrite_pca10040/nrfx_uarte.o
 .text.nrf_uarte_baudrate_set
                0x00002246       0x14 Output/Debug/Obj/flashwrite_pca10040/nrfx_uarte.o
 .text.nrf_uarte_tx_buffer_set
                0x0000225a       0x1e Output/Debug/Obj/flashwrite_pca10040/nrfx_uarte.o
 .text.nrf_uarte_tx_amount_get
                0x00002278       0x10 Output/Debug/Obj/flashwrite_pca10040/nrfx_uarte.o
 .text.nrf_uarte_rx_amount_get
                0x00002288       0x10 Output/Debug/Obj/flashwrite_pca10040/nrfx_uarte.o
 .text.nrf_gpio_pin_port_decode
                0x00002298       0x30 Output/Debug/Obj/flashwrite_pca10040/nrfx_uarte.o
 .text.nrf_gpio_cfg
                0x000022c8       0x62 Output/Debug/Obj/flashwrite_pca10040/nrfx_uarte.o
 .text.nrf_gpio_cfg_output
                0x0000232a       0x22 Output/Debug/Obj/flashwrite_pca10040/nrfx_uarte.o
 .text.nrf_gpio_cfg_input
                0x0000234c       0x2a Output/Debug/Obj/flashwrite_pca10040/nrfx_uarte.o
 .text.nrf_gpio_cfg_default
                0x00002376       0x22 Output/Debug/Obj/flashwrite_pca10040/nrfx_uarte.o
 .text.nrf_gpio_pin_set
                0x00002398       0x28 Output/Debug/Obj/flashwrite_pca10040/nrfx_uarte.o
 .text.nrf_gpio_port_out_set
                0x000023c0       0x14 Output/Debug/Obj/flashwrite_pca10040/nrfx_uarte.o
 .text.nrf_gpio_pin_present_check
                0x000023d4       0x40 Output/Debug/Obj/flashwrite_pca10040/nrfx_uarte.o
 .text.apply_config
                0x00002414       0xc6 Output/Debug/Obj/flashwrite_pca10040/nrfx_uarte.o
 *fill*         0x000024da        0x2 
 .text.interrupts_enable
                0x000024dc       0x98 Output/Debug/Obj/flashwrite_pca10040/nrfx_uarte.o
 .text.interrupts_disable
                0x00002574       0x30 Output/Debug/Obj/flashwrite_pca10040/nrfx_uarte.o
 .text.pins_to_default
                0x000025a4       0x8a Output/Debug/Obj/flashwrite_pca10040/nrfx_uarte.o
 *fill*         0x0000262e        0x2 
 .text.nrfx_uarte_init
                0x00002630       0xcc Output/Debug/Obj/flashwrite_pca10040/nrfx_uarte.o
                0x00002630                nrfx_uarte_init
 .text.nrfx_uarte_uninit
                0x000026fc       0xc4 Output/Debug/Obj/flashwrite_pca10040/nrfx_uarte.o
                0x000026fc                nrfx_uarte_uninit
 .text.nrfx_uarte_tx
                0x000027c0      0x17c Output/Debug/Obj/flashwrite_pca10040/nrfx_uarte.o
                0x000027c0                nrfx_uarte_tx
 .text.nrfx_uarte_tx_in_progress
                0x0000293c       0x30 Output/Debug/Obj/flashwrite_pca10040/nrfx_uarte.o
                0x0000293c                nrfx_uarte_tx_in_progress
 .text.rx_done_event
                0x0000296c       0x2e Output/Debug/Obj/flashwrite_pca10040/nrfx_uarte.o
 .text.tx_done_event
                0x0000299a       0x34 Output/Debug/Obj/flashwrite_pca10040/nrfx_uarte.o
 .text.uarte_irq_handler
                0x000029ce      0x18c Output/Debug/Obj/flashwrite_pca10040/nrfx_uarte.o
 *fill*         0x00002b5a        0x2 
 .text.nrfx_uarte_0_irq_handler
                0x00002b5c       0x18 Output/Debug/Obj/flashwrite_pca10040/nrfx_uarte.o
                0x00002b5c                nrfx_uarte_0_irq_handler
 .text.app_error_save_and_stop
                0x00002b74       0x98 Output/Debug/Obj/flashwrite_pca10040/app_error.o
                0x00002b74                app_error_save_and_stop
 .text.app_error_handler
                0x00002c0c       0x1c Output/Debug/Obj/flashwrite_pca10040/app_error_handler_gcc.o
                0x00002c0c                app_error_handler
 .text.app_error_fault_handler
                0x00002c28      0x130 Output/Debug/Obj/flashwrite_pca10040/app_error_weak.o
                0x00002c28                app_error_fault_handler
 .text.app_util_disable_irq
                0x00002d58       0x18 Output/Debug/Obj/flashwrite_pca10040/app_util_platform.o
                0x00002d58                app_util_disable_irq
 .text.app_util_enable_irq
                0x00002d70       0x20 Output/Debug/Obj/flashwrite_pca10040/app_util_platform.o
                0x00002d70                app_util_enable_irq
 .text.app_util_critical_region_enter
                0x00002d90       0x28 Output/Debug/Obj/flashwrite_pca10040/app_util_platform.o
                0x00002d90                app_util_critical_region_enter
 .text.app_util_critical_region_exit
                0x00002db8       0x2c Output/Debug/Obj/flashwrite_pca10040/app_util_platform.o
                0x00002db8                app_util_critical_region_exit
 .text.privilege_level_get
                0x00002de4       0x3a Output/Debug/Obj/flashwrite_pca10040/app_util_platform.o
                0x00002de4                privilege_level_get
 *fill*         0x00002e1e        0x2 
 .text.RTC1_IRQHandler
                0x00002e20       0x1c Output/Debug/Obj/flashwrite_pca10040/drv_rtc.o
                0x00002e20                RTC1_IRQHandler
 .text.assert_nrf_callback
                0x00002e3c       0x2c Output/Debug/Obj/flashwrite_pca10040/nrf_assert.o
                0x00002e3c                assert_nrf_callback
 .text.nrf_atomic_u32_fetch_store
                0x00002e68       0x2e Output/Debug/Obj/flashwrite_pca10040/nrf_atomic.o
                0x00002e68                nrf_atomic_u32_fetch_store
 .text.nrf_atomic_u32_or
                0x00002e96       0x30 Output/Debug/Obj/flashwrite_pca10040/nrf_atomic.o
                0x00002e96                nrf_atomic_u32_or
 .text.nrf_atomic_u32_fetch_and
                0x00002ec6       0x30 Output/Debug/Obj/flashwrite_pca10040/nrf_atomic.o
                0x00002ec6                nrf_atomic_u32_fetch_and
 .text.nrf_atomic_u32_add
                0x00002ef6       0x30 Output/Debug/Obj/flashwrite_pca10040/nrf_atomic.o
                0x00002ef6                nrf_atomic_u32_add
 .text.nrf_atomic_u32_sub
                0x00002f26       0x30 Output/Debug/Obj/flashwrite_pca10040/nrf_atomic.o
                0x00002f26                nrf_atomic_u32_sub
 .text.nrf_atomic_flag_set
                0x00002f56       0x18 Output/Debug/Obj/flashwrite_pca10040/nrf_atomic.o
                0x00002f56                nrf_atomic_flag_set
 .text.nrf_atomic_flag_clear_fetch
                0x00002f6e       0x18 Output/Debug/Obj/flashwrite_pca10040/nrf_atomic.o
                0x00002f6e                nrf_atomic_flag_clear_fetch
 *fill*         0x00002f86        0x2 
 .text.nrf_balloc_max_utilization_get
                0x00002f88       0x28 Output/Debug/Obj/flashwrite_pca10040/nrf_balloc.o
 .text.nrf_balloc_utilization_get
                0x00002fb0       0x30 Output/Debug/Obj/flashwrite_pca10040/nrf_balloc.o
 .text.nrf_cli_help_requested
                0x00002fe0       0x22 Output/Debug/Obj/flashwrite_pca10040/nrf_balloc.o
 *fill*         0x00003002        0x2 
 .text.nrf_balloc_status
                0x00003004      0x100 Output/Debug/Obj/flashwrite_pca10040/nrf_balloc.o
 .text.nrf_balloc_idx2block
                0x00003104       0x38 Output/Debug/Obj/flashwrite_pca10040/nrf_balloc.o
 .text.nrf_balloc_block2idx
                0x0000313c       0x34 Output/Debug/Obj/flashwrite_pca10040/nrf_balloc.o
 .text.nrf_balloc_init
                0x00003170       0xb8 Output/Debug/Obj/flashwrite_pca10040/nrf_balloc.o
                0x00003170                nrf_balloc_init
 .text.nrf_balloc_alloc
                0x00003228       0x84 Output/Debug/Obj/flashwrite_pca10040/nrf_balloc.o
                0x00003228                nrf_balloc_alloc
 .text.nrf_balloc_free
                0x000032ac       0x58 Output/Debug/Obj/flashwrite_pca10040/nrf_balloc.o
                0x000032ac                nrf_balloc_free
 .text.nrf_cli_help_requested
                0x00003304       0x22 Output/Debug/Obj/flashwrite_pca10040/nrf_cli.o
 *fill*         0x00003326        0x2 
 .text.nrfx_coredep_delay_us
                0x00003328       0x30 Output/Debug/Obj/flashwrite_pca10040/nrf_cli.o
 .text.transport_buffer_flush
                0x00003358       0x18 Output/Debug/Obj/flashwrite_pca10040/nrf_cli.o
 .text.cli_flag_echo_set
                0x00003370       0x1a Output/Debug/Obj/flashwrite_pca10040/nrf_cli.o
 .text.cli_flag_echo_clear
                0x0000338a       0x1a Output/Debug/Obj/flashwrite_pca10040/nrf_cli.o
 .text.cli_flag_echo_is_set
                0x000033a4       0x18 Output/Debug/Obj/flashwrite_pca10040/nrf_cli.o
 .text.cli_strlen
                0x000033bc       0x20 Output/Debug/Obj/flashwrite_pca10040/nrf_cli.o
 .text.cli_write
                0x000033dc       0xd4 Output/Debug/Obj/flashwrite_pca10040/nrf_cli.o
 .text.cli_putc
                0x000034b0       0x28 Output/Debug/Obj/flashwrite_pca10040/nrf_cli.o
 .text.cli_read
                0x000034d8       0x54 Output/Debug/Obj/flashwrite_pca10040/nrf_cli.o
 .text.cmd_get  0x0000352c      0x110 Output/Debug/Obj/flashwrite_pca10040/nrf_cli.o
 .text.cursor_next_line_move
                0x0000363c       0x20 Output/Debug/Obj/flashwrite_pca10040/nrf_cli.o
 .text.cursor_left_move
                0x0000365c       0x30 Output/Debug/Obj/flashwrite_pca10040/nrf_cli.o
 .text.cursor_right_move
                0x0000368c       0x30 Output/Debug/Obj/flashwrite_pca10040/nrf_cli.o
 .text.cursor_up_move
                0x000036bc       0x30 Output/Debug/Obj/flashwrite_pca10040/nrf_cli.o
 .text.cursor_down_move
                0x000036ec       0x30 Output/Debug/Obj/flashwrite_pca10040/nrf_cli.o
 .text.cursor_position_get
                0x0000371c      0x210 Output/Debug/Obj/flashwrite_pca10040/nrf_cli.o
 .text.terminal_size_get
                0x0000392c       0xc0 Output/Debug/Obj/flashwrite_pca10040/nrf_cli.o
 .text.vt100_color_set
                0x000039ec       0x9c Output/Debug/Obj/flashwrite_pca10040/nrf_cli.o
 .text.vt100_bgcolor_set
                0x00003a88       0x74 Output/Debug/Obj/flashwrite_pca10040/nrf_cli.o
 .text.vt100_colors_store
                0x00003afc       0x1a Output/Debug/Obj/flashwrite_pca10040/nrf_cli.o
 .text.vt100_colors_restore
                0x00003b16       0x28 Output/Debug/Obj/flashwrite_pca10040/nrf_cli.o
 *fill*         0x00003b3e        0x2 
 .text.nrf_cli_fprintf
                0x00003b40       0xc8 Output/Debug/Obj/flashwrite_pca10040/nrf_cli.o
                0x00003b40                nrf_cli_fprintf
 .text.format_offset_string_print
                0x00003c08      0x18e Output/Debug/Obj/flashwrite_pca10040/nrf_cli.o
 *fill*         0x00003d96        0x2 
 .text.nrf_cli_help_print
                0x00003d98      0x4b4 Output/Debug/Obj/flashwrite_pca10040/nrf_cli.o
                0x00003d98                nrf_cli_help_print
 .text.nrf_cli_build_in_cmd_common_executed
                0x0000424c       0x54 Output/Debug/Obj/flashwrite_pca10040/nrf_cli.o
 .text.nrf_cli_cmd_clear
                0x000042a0       0xd0 Output/Debug/Obj/flashwrite_pca10040/nrf_cli.o
 .text.nrf_cli_cmd_cli
                0x00004370       0x78 Output/Debug/Obj/flashwrite_pca10040/nrf_cli.o
 .text.nrf_cli_cmd_colors_off
                0x000043e8       0x40 Output/Debug/Obj/flashwrite_pca10040/nrf_cli.o
 .text.nrf_cli_cmd_colors_on
                0x00004428       0x40 Output/Debug/Obj/flashwrite_pca10040/nrf_cli.o
 .text.nrf_cli_cmd_colors
                0x00004468       0x9c Output/Debug/Obj/flashwrite_pca10040/nrf_cli.o
 .text.nrf_cli_cmd_echo
                0x00004504       0x84 Output/Debug/Obj/flashwrite_pca10040/nrf_cli.o
 .text.nrf_cli_cmd_echo_off
                0x00004588       0x36 Output/Debug/Obj/flashwrite_pca10040/nrf_cli.o
 .text.nrf_cli_cmd_echo_on
                0x000045be       0x36 Output/Debug/Obj/flashwrite_pca10040/nrf_cli.o
 .text.nrf_cli_cmd_history
                0x000045f4       0xd0 Output/Debug/Obj/flashwrite_pca10040/nrf_cli.o
 .text.nrf_cli_cmd_cli_stats
                0x000046c4       0x64 Output/Debug/Obj/flashwrite_pca10040/nrf_cli.o
                0x000046c4                nrf_cli_cmd_cli_stats
 .text.nrf_cli_cmd_cli_stats_show
                0x00004728       0x88 Output/Debug/Obj/flashwrite_pca10040/nrf_cli.o
                0x00004728                nrf_cli_cmd_cli_stats_show
 .text.nrf_cli_cmd_cli_stats_reset
                0x000047b0       0x48 Output/Debug/Obj/flashwrite_pca10040/nrf_cli.o
                0x000047b0                nrf_cli_cmd_cli_stats_reset
 .text.nrf_cli_cmd_resize_default
                0x000047f8       0x7c Output/Debug/Obj/flashwrite_pca10040/nrf_cli.o
 .text.nrf_cli_cmd_resize
                0x00004874       0xd0 Output/Debug/Obj/flashwrite_pca10040/nrf_cli.o
 .text.nrf_fprintf_buffer_flush
                0x00004944       0x44 Output/Debug/Obj/flashwrite_pca10040/nrf_fprintf.o
                0x00004944                nrf_fprintf_buffer_flush
 .text.nrf_fprintf
                0x00004988       0x74 Output/Debug/Obj/flashwrite_pca10040/nrf_fprintf.o
                0x00004988                nrf_fprintf
 .text.buffer_add
                0x000049fc       0x4c Output/Debug/Obj/flashwrite_pca10040/nrf_fprintf_format.o
 .text.string_print
                0x00004a48       0xc2 Output/Debug/Obj/flashwrite_pca10040/nrf_fprintf_format.o
 *fill*         0x00004b0a        0x2 
 .text.unsigned_print
                0x00004b0c      0x130 Output/Debug/Obj/flashwrite_pca10040/nrf_fprintf_format.o
 .text.int_print
                0x00004c3c      0x11c Output/Debug/Obj/flashwrite_pca10040/nrf_fprintf_format.o
 .text.nrf_fprintf_fmt
                0x00004d58      0x388 Output/Debug/Obj/flashwrite_pca10040/nrf_fprintf_format.o
                0x00004d58                nrf_fprintf_fmt
 .text.nrf_memobj_pool_init
                0x000050e0       0x16 Output/Debug/Obj/flashwrite_pca10040/nrf_memobj.o
                0x000050e0                nrf_memobj_pool_init
 .text.nrf_memobj_alloc
                0x000050f6       0xae Output/Debug/Obj/flashwrite_pca10040/nrf_memobj.o
                0x000050f6                nrf_memobj_alloc
 .text.nrf_memobj_free
                0x000051a4       0x74 Output/Debug/Obj/flashwrite_pca10040/nrf_memobj.o
                0x000051a4                nrf_memobj_free
 .text.nrf_memobj_get
                0x00005218       0x1e Output/Debug/Obj/flashwrite_pca10040/nrf_memobj.o
                0x00005218                nrf_memobj_get
 .text.nrf_memobj_put
                0x00005236       0x34 Output/Debug/Obj/flashwrite_pca10040/nrf_memobj.o
                0x00005236                nrf_memobj_put
 *fill*         0x0000526a        0x2 
 .text.memobj_op
                0x0000526c      0x124 Output/Debug/Obj/flashwrite_pca10040/nrf_memobj.o
 .text.nrf_memobj_write
                0x00005390       0x3c Output/Debug/Obj/flashwrite_pca10040/nrf_memobj.o
                0x00005390                nrf_memobj_write
 .text.nrf_memobj_read
                0x000053cc       0x40 Output/Debug/Obj/flashwrite_pca10040/nrf_memobj.o
                0x000053cc                nrf_memobj_read
 .text.nrf_cli_help_requested
                0x0000540c       0x22 Output/Debug/Obj/flashwrite_pca10040/nrf_queue.o
 *fill*         0x0000542e        0x2 
 .text.nrf_queue_status
                0x00005430      0x100 Output/Debug/Obj/flashwrite_pca10040/nrf_queue.o
 .text.circullar_buffer_size_get
                0x00005530       0x18 Output/Debug/Obj/flashwrite_pca10040/nrf_queue.o
 .text.queue_utilization_get
                0x00005548       0x3e Output/Debug/Obj/flashwrite_pca10040/nrf_queue.o
 *fill*         0x00005586        0x2 
 .text.nrf_queue_utilization_get
                0x00005588       0x38 Output/Debug/Obj/flashwrite_pca10040/nrf_queue.o
                0x00005588                nrf_queue_utilization_get
 .text.nrf_queue_max_utilization_get
                0x000055c0       0x28 Output/Debug/Obj/flashwrite_pca10040/nrf_queue.o
                0x000055c0                nrf_queue_max_utilization_get
 .text.nrf_queue_max_utilization_reset
                0x000055e8       0x2c Output/Debug/Obj/flashwrite_pca10040/nrf_queue.o
                0x000055e8                nrf_queue_max_utilization_reset
 .text.nrf_ringbuf_init
                0x00005614       0x3a Output/Debug/Obj/flashwrite_pca10040/nrf_ringbuf.o
                0x00005614                nrf_ringbuf_init
 *fill*         0x0000564e        0x2 
 .text.nrf_strerror_get
                0x00005650       0x28 Output/Debug/Obj/flashwrite_pca10040/nrf_strerror.o
                0x00005650                nrf_strerror_get
 .text.nrf_strerror_find
                0x00005678       0x68 Output/Debug/Obj/flashwrite_pca10040/nrf_strerror.o
                0x00005678                nrf_strerror_find
 .text.nrf_log_backend_serial_put
                0x000056e0      0x124 Output/Debug/Obj/flashwrite_pca10040/nrf_log_backend_serial.o
                0x000056e0                nrf_log_backend_serial_put
 .text.nrf_drv_uart_uninit
                0x00005804       0x44 Output/Debug/Obj/flashwrite_pca10040/nrf_log_backend_uart.o
 .text.nrf_drv_uart_tx
                0x00005848       0x64 Output/Debug/Obj/flashwrite_pca10040/nrf_log_backend_uart.o
 .text.uart_evt_handler
                0x000058ac       0x18 Output/Debug/Obj/flashwrite_pca10040/nrf_log_backend_uart.o
 .text.uart_init
                0x000058c4       0x88 Output/Debug/Obj/flashwrite_pca10040/nrf_log_backend_uart.o
 .text.nrf_log_backend_uart_init
                0x0000594c       0x1c Output/Debug/Obj/flashwrite_pca10040/nrf_log_backend_uart.o
                0x0000594c                nrf_log_backend_uart_init
 .text.serial_tx
                0x00005968       0x6c Output/Debug/Obj/flashwrite_pca10040/nrf_log_backend_uart.o
 .text.nrf_log_backend_uart_put
                0x000059d4       0x28 Output/Debug/Obj/flashwrite_pca10040/nrf_log_backend_uart.o
 .text.nrf_log_backend_uart_flush
                0x000059fc        0xa Output/Debug/Obj/flashwrite_pca10040/nrf_log_backend_uart.o
 *fill*         0x00005a06        0x2 
 .text.nrf_log_backend_uart_panic_set
                0x00005a08       0x20 Output/Debug/Obj/flashwrite_pca10040/nrf_log_backend_uart.o
 .text.nrf_log_backend_enable
                0x00005a28       0x12 Output/Debug/Obj/flashwrite_pca10040/nrf_log_default_backends.o
 *fill*         0x00005a3a        0x2 
 .text.nrf_log_default_backends_init
                0x00005a3c       0x3c Output/Debug/Obj/flashwrite_pca10040/nrf_log_default_backends.o
                0x00005a3c                nrf_log_default_backends_init
 .text.nrf_log_backend_put
                0x00005a78       0x1c Output/Debug/Obj/flashwrite_pca10040/nrf_log_frontend.o
 .text.nrf_log_backend_panic_set
                0x00005a94       0x18 Output/Debug/Obj/flashwrite_pca10040/nrf_log_frontend.o
 .text.nrf_log_backend_flush
                0x00005aac       0x18 Output/Debug/Obj/flashwrite_pca10040/nrf_log_frontend.o
 .text.nrf_log_backend_id_set
                0x00005ac4       0x1a Output/Debug/Obj/flashwrite_pca10040/nrf_log_frontend.o
 .text.nrf_log_backend_id_get
                0x00005ade       0x10 Output/Debug/Obj/flashwrite_pca10040/nrf_log_frontend.o
 .text.nrf_log_backend_enable
                0x00005aee       0x12 Output/Debug/Obj/flashwrite_pca10040/nrf_log_frontend.o
 .text.nrf_log_backend_disable
                0x00005b00       0x12 Output/Debug/Obj/flashwrite_pca10040/nrf_log_frontend.o
 .text.nrf_log_backend_is_enabled
                0x00005b12       0x10 Output/Debug/Obj/flashwrite_pca10040/nrf_log_frontend.o
 *fill*         0x00005b22        0x2 
 .text.nrf_log_init
                0x00005b24      0x100 Output/Debug/Obj/flashwrite_pca10040/nrf_log_frontend.o
                0x00005b24                nrf_log_init
 .text.nrf_log_module_cnt_get
                0x00005c24       0x14 Output/Debug/Obj/flashwrite_pca10040/nrf_log_frontend.o
                0x00005c24                nrf_log_module_cnt_get
 .text.module_idx_get
                0x00005c38       0x64 Output/Debug/Obj/flashwrite_pca10040/nrf_log_frontend.o
 .text.nrf_log_module_name_get
                0x00005c9c       0x40 Output/Debug/Obj/flashwrite_pca10040/nrf_log_frontend.o
                0x00005c9c                nrf_log_module_name_get
 .text.nrf_log_color_id_get
                0x00005cdc       0x70 Output/Debug/Obj/flashwrite_pca10040/nrf_log_frontend.o
                0x00005cdc                nrf_log_color_id_get
 .text.higher_lvl_get
                0x00005d4c       0x4e Output/Debug/Obj/flashwrite_pca10040/nrf_log_frontend.o
 *fill*         0x00005d9a        0x2 
 .text.nrf_log_module_filter_set
                0x00005d9c       0x8c Output/Debug/Obj/flashwrite_pca10040/nrf_log_frontend.o
                0x00005d9c                nrf_log_module_filter_set
 .text.nrf_log_module_init_filter_get
                0x00005e28       0x1c Output/Debug/Obj/flashwrite_pca10040/nrf_log_frontend.o
 .text.nrf_log_module_filter_get
                0x00005e44       0xb4 Output/Debug/Obj/flashwrite_pca10040/nrf_log_frontend.o
                0x00005e44                nrf_log_module_filter_get
 .text.invalid_packets_omit
                0x00005ef8       0x6e Output/Debug/Obj/flashwrite_pca10040/nrf_log_frontend.o
 *fill*         0x00005f66        0x2 
 .text.log_skip
                0x00005f68      0x118 Output/Debug/Obj/flashwrite_pca10040/nrf_log_frontend.o
 .text.dropped_sat16_get
                0x00006080       0x28 Output/Debug/Obj/flashwrite_pca10040/nrf_log_frontend.o
 .text.std_header_set
                0x000060a8       0xb4 Output/Debug/Obj/flashwrite_pca10040/nrf_log_frontend.o
 .text.log_pending_hook
                0x0000615c        0x4 Output/Debug/Obj/flashwrite_pca10040/nrf_log_frontend.o
                0x0000615c                log_pending_hook
 .text.buf_prealloc
                0x00006160      0x128 Output/Debug/Obj/flashwrite_pca10040/nrf_log_frontend.o
 .text.std_n    0x00006288       0x94 Output/Debug/Obj/flashwrite_pca10040/nrf_log_frontend.o
 .text.nrf_log_frontend_std_0
                0x0000631c       0x1c Output/Debug/Obj/flashwrite_pca10040/nrf_log_frontend.o
                0x0000631c                nrf_log_frontend_std_0
 .text.nrf_log_frontend_std_1
                0x00006338       0x22 Output/Debug/Obj/flashwrite_pca10040/nrf_log_frontend.o
                0x00006338                nrf_log_frontend_std_1
 .text.nrf_log_frontend_std_2
                0x0000635a       0x28 Output/Debug/Obj/flashwrite_pca10040/nrf_log_frontend.o
                0x0000635a                nrf_log_frontend_std_2
 .text.nrf_log_frontend_std_5
                0x00006382       0x34 Output/Debug/Obj/flashwrite_pca10040/nrf_log_frontend.o
                0x00006382                nrf_log_frontend_std_5
 *fill*         0x000063b6        0x2 
 .text.buffer_is_empty
                0x000063b8       0x1c Output/Debug/Obj/flashwrite_pca10040/nrf_log_frontend.o
                0x000063b8                buffer_is_empty
 .text.nrf_log_frontend_dequeue
                0x000063d4      0x404 Output/Debug/Obj/flashwrite_pca10040/nrf_log_frontend.o
                0x000063d4                nrf_log_frontend_dequeue
 .text.backend_id_assign
                0x000067d8       0x68 Output/Debug/Obj/flashwrite_pca10040/nrf_log_frontend.o
 .text.nrf_log_backend_add
                0x00006840       0xbc Output/Debug/Obj/flashwrite_pca10040/nrf_log_frontend.o
                0x00006840                nrf_log_backend_add
 .text.nrf_log_panic
                0x000068fc       0x3c Output/Debug/Obj/flashwrite_pca10040/nrf_log_frontend.o
                0x000068fc                nrf_log_panic
 .text.nrf_cli_help_requested
                0x00006938       0x22 Output/Debug/Obj/flashwrite_pca10040/nrf_log_frontend.o
 *fill*         0x0000695a        0x2 
 .text.backend_find
                0x0000695c       0x58 Output/Debug/Obj/flashwrite_pca10040/nrf_log_frontend.o
 .text.nrf_cli_backend_cmd_execute
                0x000069b4       0x48 Output/Debug/Obj/flashwrite_pca10040/nrf_log_frontend.o
 .text.log_status
                0x000069fc       0xfc Output/Debug/Obj/flashwrite_pca10040/nrf_log_frontend.o
 .text.log_self_status
                0x00006af8       0x20 Output/Debug/Obj/flashwrite_pca10040/nrf_log_frontend.o
 .text.log_backend_status
                0x00006b18       0x24 Output/Debug/Obj/flashwrite_pca10040/nrf_log_frontend.o
 .text.module_id_get
                0x00006b3c       0x5a Output/Debug/Obj/flashwrite_pca10040/nrf_log_frontend.o
 .text.module_id_filter_set
                0x00006b96       0x48 Output/Debug/Obj/flashwrite_pca10040/nrf_log_frontend.o
 *fill*         0x00006bde        0x2 
 .text.log_ctrl
                0x00006be0      0x1d8 Output/Debug/Obj/flashwrite_pca10040/nrf_log_frontend.o
 .text.log_self_ctrl
                0x00006db8       0x20 Output/Debug/Obj/flashwrite_pca10040/nrf_log_frontend.o
 .text.log_backend_ctrl
                0x00006dd8       0x24 Output/Debug/Obj/flashwrite_pca10040/nrf_log_frontend.o
 .text.module_name_get
                0x00006dfc       0x34 Output/Debug/Obj/flashwrite_pca10040/nrf_log_frontend.o
 .text.severity_lvl_get
                0x00006e30       0x3c Output/Debug/Obj/flashwrite_pca10040/nrf_log_frontend.o
 .text.log_halt
                0x00006e6c       0x1a Output/Debug/Obj/flashwrite_pca10040/nrf_log_frontend.o
 *fill*         0x00006e86        0x2 
 .text.log_backend_halt
                0x00006e88       0x24 Output/Debug/Obj/flashwrite_pca10040/nrf_log_frontend.o
 .text.log_self_halt
                0x00006eac       0x20 Output/Debug/Obj/flashwrite_pca10040/nrf_log_frontend.o
 .text.log_go   0x00006ecc       0x1a Output/Debug/Obj/flashwrite_pca10040/nrf_log_frontend.o
 *fill*         0x00006ee6        0x2 
 .text.log_backend_go
                0x00006ee8       0x24 Output/Debug/Obj/flashwrite_pca10040/nrf_log_frontend.o
 .text.log_self_go
                0x00006f0c       0x20 Output/Debug/Obj/flashwrite_pca10040/nrf_log_frontend.o
 .text.log_cmd_backends_list
                0x00006f2c       0xac Output/Debug/Obj/flashwrite_pca10040/nrf_log_frontend.o
 .text.backend_name_get
                0x00006fd8       0x7c Output/Debug/Obj/flashwrite_pca10040/nrf_log_frontend.o
 .text.log_config_load_cmd
                0x00007054       0x38 Output/Debug/Obj/flashwrite_pca10040/nrf_log_frontend.o
 .text.log_config_store_cmd
                0x0000708c       0x38 Output/Debug/Obj/flashwrite_pca10040/nrf_log_frontend.o
 .text.log_cmd  0x000070c4       0x54 Output/Debug/Obj/flashwrite_pca10040/nrf_log_frontend.o
 .text.timestamp_print
                0x00007118        0xc Output/Debug/Obj/flashwrite_pca10040/nrf_log_str_formatter.o
 .text.prefix_process
                0x00007124       0xb0 Output/Debug/Obj/flashwrite_pca10040/nrf_log_str_formatter.o
 .text.postfix_process
                0x000071d4       0x60 Output/Debug/Obj/flashwrite_pca10040/nrf_log_str_formatter.o
 .text.nrf_log_std_entry_process
                0x00007234      0x144 Output/Debug/Obj/flashwrite_pca10040/nrf_log_str_formatter.o
                0x00007234                nrf_log_std_entry_process
 .text.nrf_log_hexdump_entry_process
                0x00007378       0xf0 Output/Debug/Obj/flashwrite_pca10040/nrf_log_str_formatter.o
                0x00007378                nrf_log_hexdump_entry_process
 .text.libc.__SEGGER_RTL_init_heap
                0x00007468       0x18 C:/Program Files/SEGGER/SEGGER Embedded Studio 8.22a/lib/heapops_basic_v7em_fpv4_sp_d16_hard_t_le_eabi_balanced.a(heapops_basic.o)
                0x00007468                __SEGGER_RTL_init_heap
 .text.libc.strlen
                0x00007480       0x2c C:/Program Files/SEGGER/SEGGER Embedded Studio 8.22a/lib/strops_unaligned_v7em_fpv4_sp_d16_hard_t_le_eabi_balanced.a(strops.o)
                0x00007480                strlen
 .text.libc.strncmp
                0x000074ac       0x6e C:/Program Files/SEGGER/SEGGER Embedded Studio 8.22a/lib/strops_unaligned_v7em_fpv4_sp_d16_hard_t_le_eabi_balanced.a(strops.o)
                0x000074ac                strncmp
 *fill*         0x0000751a        0x2 
 .text.libc.strcmp
                0x0000751c       0x68 C:/Program Files/SEGGER/SEGGER Embedded Studio 8.22a/lib/strops_unaligned_v7em_fpv4_sp_d16_hard_t_le_eabi_balanced.a(strasmops_arm.o)
                0x0000751c                strcmp
 .text.libc.memcpy
                0x00007584       0x5c C:/Program Files/SEGGER/SEGGER Embedded Studio 8.22a/lib/strops_unaligned_v7em_fpv4_sp_d16_hard_t_le_eabi_balanced.a(strasmops_arm.o)
                0x00007584                __aeabi_memcpy
                0x00007584                memcpy
                0x000075a2                __aeabi_memcpy8
                0x000075a2                __aeabi_memcpy4
 .text.libc.__aeabi_memclr
                0x000075e0       0x68 C:/Program Files/SEGGER/SEGGER Embedded Studio 8.22a/lib/strops_unaligned_v7em_fpv4_sp_d16_hard_t_le_eabi_balanced.a(strasmops_arm.o)
                0x000075e0                __aeabi_memclr8
                0x000075e0                __aeabi_memclr
                0x000075e0                __aeabi_memclr4
                0x000075e2                __aeabi_memset4
                0x000075e2                __aeabi_memset8
                0x000075e2                __aeabi_memset
                0x000075e8                memset
 .text.libc.__SEGGER_RTL_ascii_mbtowc
                0x00007648       0x34 C:/Program Files/SEGGER/SEGGER Embedded Studio 8.22a/lib/mbops_timeops_v7em_fpv4_sp_d16_hard_t_le_eabi_balanced.a(mbops.o)
                0x00007648                __SEGGER_RTL_ascii_mbtowc
 .text.libc.__SEGGER_RTL_ascii_wctomb
                0x0000767c        0xe C:/Program Files/SEGGER/SEGGER Embedded Studio 8.22a/lib/mbops_timeops_v7em_fpv4_sp_d16_hard_t_le_eabi_balanced.a(mbops.o)
                0x0000767c                __SEGGER_RTL_ascii_wctomb
 .text.libc.isspace
                0x0000768a       0x20 C:/Program Files/SEGGER/SEGGER Embedded Studio 8.22a/lib/mbops_timeops_v7em_fpv4_sp_d16_hard_t_le_eabi_balanced.a(mbops.o)
                0x0000768a                isspace
 .text.libc.isprint
                0x000076aa       0x20 C:/Program Files/SEGGER/SEGGER Embedded Studio 8.22a/lib/mbops_timeops_v7em_fpv4_sp_d16_hard_t_le_eabi_balanced.a(mbops.o)
                0x000076aa                isprint
 .text.libc.__SEGGER_RTL_ascii_isctype
                0x000076ca       0x20 C:/Program Files/SEGGER/SEGGER Embedded Studio 8.22a/lib/mbops_timeops_v7em_fpv4_sp_d16_hard_t_le_eabi_balanced.a(mbops.o)
 .text.libc.__SEGGER_RTL_ascii_toupper
                0x000076ea        0xc C:/Program Files/SEGGER/SEGGER Embedded Studio 8.22a/lib/mbops_timeops_v7em_fpv4_sp_d16_hard_t_le_eabi_balanced.a(mbops.o)
 .text.libc.__SEGGER_RTL_ascii_tolower
                0x000076f6        0xe C:/Program Files/SEGGER/SEGGER Embedded Studio 8.22a/lib/mbops_timeops_v7em_fpv4_sp_d16_hard_t_le_eabi_balanced.a(mbops.o)
 .text.libc.__SEGGER_RTL_ascii_iswctype
                0x00007704       0x20 C:/Program Files/SEGGER/SEGGER Embedded Studio 8.22a/lib/mbops_timeops_v7em_fpv4_sp_d16_hard_t_le_eabi_balanced.a(mbops.o)
 .text.libc.__SEGGER_RTL_ascii_towupper
                0x00007724        0xc C:/Program Files/SEGGER/SEGGER Embedded Studio 8.22a/lib/mbops_timeops_v7em_fpv4_sp_d16_hard_t_le_eabi_balanced.a(mbops.o)
 .text.libc.__SEGGER_RTL_ascii_towlower
                0x00007730        0xe C:/Program Files/SEGGER/SEGGER Embedded Studio 8.22a/lib/mbops_timeops_v7em_fpv4_sp_d16_hard_t_le_eabi_balanced.a(mbops.o)
                0x0000773e                        __text_end__ = (__text_start__ + SIZEOF (.text))
                0x0000735a                        __text_size__ = SIZEOF (.text)
                0x0000773e                        __text_load_end__ = __text_end__

.vfp11_veneer   0x00000000        0x0
 .vfp11_veneer  0x00000000        0x0 linker stubs

.v4_bx          0x00000000        0x0
 .v4_bx         0x00000000        0x0 linker stubs

.iplt           0x00000000        0x0
 .iplt          0x00000000        0x0 Output/Debug/Obj/flashwrite_pca10040/main.o
                0x00000001                        . = ASSERT (((__text_start__ == __text_end__) || ((__text_end__ - __FLASH1_segment_start__) <= __FLASH1_segment_size__)), error: .text is too large to fit in FLASH1 memory segment)
                0x00007740                        __cli_command_load_start__ = ALIGN (__text_end__, 0x4)

.cli_command    0x00007740       0x38
                0x00007740                        __cli_command_start__ = .
                0x00007740                        __start_cli_command = __cli_command_start__
 *(.cli_command*)
 .cli_command   0x00007740        0x8 Output/Debug/Obj/flashwrite_pca10040/nrf_balloc.o
                0x00007740                nrf_cli_balloc_const
 .cli_command   0x00007748       0x20 Output/Debug/Obj/flashwrite_pca10040/nrf_cli.o
                0x00007748                nrf_cli_clear_const
                0x00007750                nrf_cli_cli_const
                0x00007758                nrf_cli_history_const
                0x00007760                nrf_cli_resize_const
 .cli_command   0x00007768        0x8 Output/Debug/Obj/flashwrite_pca10040/nrf_queue.o
                0x00007768                nrf_cli_queue_const
 .cli_command   0x00007770        0x8 Output/Debug/Obj/flashwrite_pca10040/nrf_log_frontend.o
                0x00007770                nrf_cli_log_const
                0x00007778                        __cli_command_end__ = (__cli_command_start__ + SIZEOF (.cli_command))
                0x00000038                        __cli_command_size__ = SIZEOF (.cli_command)
                0x00007778                        __stop_cli_command = __cli_command_end__
                0x00007778                        __cli_command_load_end__ = __cli_command_end__
                0x00000001                        . = ASSERT (((__cli_command_start__ == __cli_command_end__) || ((__cli_command_end__ - __FLASH1_segment_start__) <= __FLASH1_segment_size__)), error: .cli_command is too large to fit in FLASH1 memory segment)
                0x00007778                        __pwr_mgmt_data_load_start__ = ALIGN (__cli_command_end__, 0x4)

.pwr_mgmt_data  0x00007778        0x0
                0x00007778                        __pwr_mgmt_data_start__ = .
                0x00007778                        __start_pwr_mgmt_data = __pwr_mgmt_data_start__
 *(SORT_BY_NAME(.pwr_mgmt_data*))
                0x00007778                        __pwr_mgmt_data_end__ = (__pwr_mgmt_data_start__ + SIZEOF (.pwr_mgmt_data))
                0x00000000                        __pwr_mgmt_data_size__ = SIZEOF (.pwr_mgmt_data)
                0x00007778                        __stop_pwr_mgmt_data = __pwr_mgmt_data_end__
                0x00007778                        __pwr_mgmt_data_load_end__ = __pwr_mgmt_data_end__
                0x00000001                        . = ASSERT (((__pwr_mgmt_data_start__ == __pwr_mgmt_data_end__) || ((__pwr_mgmt_data_end__ - __FLASH1_segment_start__) <= __FLASH1_segment_size__)), error: .pwr_mgmt_data is too large to fit in FLASH1 memory segment)
                0x00007778                        __nrf_queue_load_start__ = ALIGN (__pwr_mgmt_data_end__, 0x4)

.nrf_queue      0x00007778        0x0
                0x00007778                        __nrf_queue_start__ = .
                0x00007778                        __start_nrf_queue = __nrf_queue_start__
 *(.nrf_queue*)
                0x00007778                        __nrf_queue_end__ = (__nrf_queue_start__ + SIZEOF (.nrf_queue))
                0x00000000                        __nrf_queue_size__ = SIZEOF (.nrf_queue)
                0x00007778                        __stop_nrf_queue = __nrf_queue_end__
                0x00007778                        __nrf_queue_load_end__ = __nrf_queue_end__
                0x00000001                        . = ASSERT (((__nrf_queue_start__ == __nrf_queue_end__) || ((__nrf_queue_end__ - __FLASH1_segment_start__) <= __FLASH1_segment_size__)), error: .nrf_queue is too large to fit in FLASH1 memory segment)
                0x00007778                        __log_const_data_load_start__ = ALIGN (__nrf_queue_end__, 0x4)

.log_const_data
                0x00007778       0x60
                0x00007778                        __log_const_data_start__ = .
                0x00007778                        __start_log_const_data = __log_const_data_start__
 *(SORT_BY_NAME(.log_const_data*))
 .log_const_data_CLOCK
                0x00007778        0x8 Output/Debug/Obj/flashwrite_pca10040/nrfx_clock.o
                0x00007778                m_nrf_log_CLOCK_logs_data_const
 .log_const_data_PRS
                0x00007780        0x8 Output/Debug/Obj/flashwrite_pca10040/nrfx_prs.o
                0x00007780                m_nrf_log_PRS_logs_data_const
 .log_const_data_UART
                0x00007788        0x8 Output/Debug/Obj/flashwrite_pca10040/nrfx_uart.o
                0x00007788                m_nrf_log_UART_logs_data_const
 .log_const_data_UARTE
                0x00007790        0x8 Output/Debug/Obj/flashwrite_pca10040/nrfx_uarte.o
                0x00007790                m_nrf_log_UARTE_logs_data_const
 .log_const_data_app
                0x00007798        0x8 Output/Debug/Obj/flashwrite_pca10040/nrf_log_frontend.o
                0x00007798                m_nrf_log_app_logs_data_const
 .log_const_data_app_timer
                0x000077a0        0x8 Output/Debug/Obj/flashwrite_pca10040/app_timer2.o
                0x000077a0                m_nrf_log_app_timer_logs_data_const
 .log_const_data_atfifo_m_req_fifo
                0x000077a8        0x8 Output/Debug/Obj/flashwrite_pca10040/app_timer2.o
                0x000077a8                m_nrf_log_atfifo_m_req_fifo_logs_data_const
 .log_const_data_balloc_log_mempool
                0x000077b0        0x8 Output/Debug/Obj/flashwrite_pca10040/nrf_log_frontend.o
                0x000077b0                m_nrf_log_balloc_log_mempool_logs_data_const
 .log_const_data_cli_uart
                0x000077b8        0x8 Output/Debug/Obj/flashwrite_pca10040/nrf_cli_uart.o
                0x000077b8                m_nrf_log_cli_uart_logs_data_const
 .log_const_data_clock
                0x000077c0        0x8 Output/Debug/Obj/flashwrite_pca10040/nrf_drv_clock.o
                0x000077c0                m_nrf_log_clock_logs_data_const
 .log_const_data_pwr_mgmt
                0x000077c8        0x8 Output/Debug/Obj/flashwrite_pca10040/nrf_pwr_mgmt.o
                0x000077c8                m_nrf_log_pwr_mgmt_logs_data_const
 .log_const_data_sortlist
                0x000077d0        0x8 Output/Debug/Obj/flashwrite_pca10040/nrf_sortlist.o
                0x000077d0                m_nrf_log_sortlist_logs_data_const
                0x000077d8                        __log_const_data_end__ = (__log_const_data_start__ + SIZEOF (.log_const_data))
                0x00000060                        __log_const_data_size__ = SIZEOF (.log_const_data)
                0x000077d8                        __stop_log_const_data = __log_const_data_end__
                0x000077d8                        __log_const_data_load_end__ = __log_const_data_end__
                0x00000001                        . = ASSERT (((__log_const_data_start__ == __log_const_data_end__) || ((__log_const_data_end__ - __FLASH1_segment_start__) <= __FLASH1_segment_size__)), error: .log_const_data is too large to fit in FLASH1 memory segment)
                0x000077d8                        __log_backends_load_start__ = ALIGN (__log_const_data_end__, 0x4)

.log_backends   0x000077d8       0x10
                0x000077d8                        __log_backends_start__ = .
                0x000077d8                        __start_log_backends = __log_backends_start__
 *(SORT_BY_NAME(.log_backends*))
 .log_backends  0x000077d8       0x10 Output/Debug/Obj/flashwrite_pca10040/nrf_log_default_backends.o
                0x000077e8                        __log_backends_end__ = (__log_backends_start__ + SIZEOF (.log_backends))
                0x00000010                        __log_backends_size__ = SIZEOF (.log_backends)
                0x000077e8                        __stop_log_backends = __log_backends_end__
                0x000077e8                        __log_backends_load_end__ = __log_backends_end__
                0x00000001                        . = ASSERT (((__log_backends_start__ == __log_backends_end__) || ((__log_backends_end__ - __FLASH1_segment_start__) <= __FLASH1_segment_size__)), error: .log_backends is too large to fit in FLASH1 memory segment)
                0x000077e8                        __nrf_balloc_load_start__ = ALIGN (__log_backends_end__, 0x4)

.nrf_balloc     0x000077e8       0x1c
                0x000077e8                        __nrf_balloc_start__ = .
                0x000077e8                        __start_nrf_balloc = __nrf_balloc_start__
 *(.nrf_balloc*)
 .nrf_balloc    0x000077e8       0x1c Output/Debug/Obj/flashwrite_pca10040/nrf_log_frontend.o
                0x000077e8                log_mempool
                0x00007804                        __nrf_balloc_end__ = (__nrf_balloc_start__ + SIZEOF (.nrf_balloc))
                0x0000001c                        __nrf_balloc_size__ = SIZEOF (.nrf_balloc)
                0x00007804                        __stop_nrf_balloc = __nrf_balloc_end__
                0x00007804                        __nrf_balloc_load_end__ = __nrf_balloc_end__
                0x00000001                        . = ASSERT (((__nrf_balloc_start__ == __nrf_balloc_end__) || ((__nrf_balloc_end__ - __FLASH1_segment_start__) <= __FLASH1_segment_size__)), error: .nrf_balloc is too large to fit in FLASH1 memory segment)
                0x00007804                        __nrf_sections_load_start__ = ALIGN (__nrf_balloc_end__, 0x4)

.nrf_sections   0x00007804        0x0
                0x00007804                        __nrf_sections_start__ = .
                0x00007804                        __start_nrf_sections = __nrf_sections_start__
 *(.nrf_sections .nrf_sections.*)
                0x00007804                        __nrf_sections_end__ = (__nrf_sections_start__ + SIZEOF (.nrf_sections))
                0x00000000                        __nrf_sections_size__ = SIZEOF (.nrf_sections)
                0x00007804                        __nrf_sections_load_end__ = __nrf_sections_end__
                0x00000001                        . = ASSERT (((__nrf_sections_start__ == __nrf_sections_end__) || ((__nrf_sections_end__ - __FLASH1_segment_start__) <= __FLASH1_segment_size__)), error: .nrf_sections is too large to fit in FLASH1 memory segment)
                0x00007804                        __cli_sorted_cmd_ptrs_load_start__ = ALIGN (__nrf_sections_end__, 0x4)

.cli_sorted_cmd_ptrs
                0x20000000       0x1c load address 0x00007804
                0x20000000                        __cli_sorted_cmd_ptrs_start__ = .
 *(.cli_sorted_cmd_ptrs*)
 .cli_sorted_cmd_ptrs
                0x20000000        0x4 Output/Debug/Obj/flashwrite_pca10040/nrf_balloc.o
                0x20000000                balloc_str_ptr
 .cli_sorted_cmd_ptrs
                0x20000004       0x10 Output/Debug/Obj/flashwrite_pca10040/nrf_cli.o
                0x20000004                clear_str_ptr
                0x20000008                cli_str_ptr
                0x2000000c                history_str_ptr
                0x20000010                resize_str_ptr
 .cli_sorted_cmd_ptrs
                0x20000014        0x4 Output/Debug/Obj/flashwrite_pca10040/nrf_queue.o
                0x20000014                queue_str_ptr
 .cli_sorted_cmd_ptrs
                0x20000018        0x4 Output/Debug/Obj/flashwrite_pca10040/nrf_log_frontend.o
                0x20000018                log_str_ptr
                0x2000001c                        __cli_sorted_cmd_ptrs_end__ = (__cli_sorted_cmd_ptrs_start__ + SIZEOF (.cli_sorted_cmd_ptrs))
                0x0000001c                        __cli_sorted_cmd_ptrs_size__ = SIZEOF (.cli_sorted_cmd_ptrs)
                0x00007820                        __cli_sorted_cmd_ptrs_load_end__ = (__cli_sorted_cmd_ptrs_load_start__ + SIZEOF (.cli_sorted_cmd_ptrs))
                0x00000001                        . = ASSERT (((__cli_sorted_cmd_ptrs_load_start__ == __cli_sorted_cmd_ptrs_load_end__) || ((__cli_sorted_cmd_ptrs_load_end__ - __FLASH1_segment_start__) <= __FLASH1_segment_size__)), error: .cli_sorted_cmd_ptrs is too large to fit in FLASH1 memory segment)

.cli_sorted_cmd_ptrs_run
                0x20000000        0x0
                0x20000000                        __cli_sorted_cmd_ptrs_run_start__ = .
                0x20000000                        __start_cli_sorted_cmd_ptrs = __cli_sorted_cmd_ptrs_run_start__
                0x2000001c                        __cli_sorted_cmd_ptrs_run_end__ = (__cli_sorted_cmd_ptrs_run_start__ + SIZEOF (.cli_sorted_cmd_ptrs))
                0x0000001c                        __cli_sorted_cmd_ptrs_run_size__ = (__cli_sorted_cmd_ptrs_run_end__ - __cli_sorted_cmd_ptrs_run_start__)
                0x2000001c                        __stop_cli_sorted_cmd_ptrs = __cli_sorted_cmd_ptrs_run_end__
                0x2000001c                        __cli_sorted_cmd_ptrs_run_load_end__ = __cli_sorted_cmd_ptrs_run_end__
                0x00000001                        . = ASSERT (((__cli_sorted_cmd_ptrs_run_start__ == __cli_sorted_cmd_ptrs_run_end__) || ((__cli_sorted_cmd_ptrs_run_end__ - __RAM1_segment_start__) <= __RAM1_segment_size__)), error: .cli_sorted_cmd_ptrs_run is too large to fit in RAM1 memory segment)
                0x00007820                        __log_dynamic_data_load_start__ = ALIGN ((__cli_sorted_cmd_ptrs_load_start__ + SIZEOF (.cli_sorted_cmd_ptrs)), 0x4)

.log_dynamic_data
                0x2000001c       0x30 load address 0x00007820
                0x2000001c                        __log_dynamic_data_start__ = .
 *(SORT_BY_NAME(.log_dynamic_data*))
 .log_dynamic_data_CLOCK
                0x2000001c        0x4 Output/Debug/Obj/flashwrite_pca10040/nrfx_clock.o
                0x2000001c                m_nrf_log_CLOCK_logs_data_dynamic
 .log_dynamic_data_PRS
                0x20000020        0x4 Output/Debug/Obj/flashwrite_pca10040/nrfx_prs.o
                0x20000020                m_nrf_log_PRS_logs_data_dynamic
 .log_dynamic_data_UART
                0x20000024        0x4 Output/Debug/Obj/flashwrite_pca10040/nrfx_uart.o
                0x20000024                m_nrf_log_UART_logs_data_dynamic
 .log_dynamic_data_UARTE
                0x20000028        0x4 Output/Debug/Obj/flashwrite_pca10040/nrfx_uarte.o
                0x20000028                m_nrf_log_UARTE_logs_data_dynamic
 .log_dynamic_data_app
                0x2000002c        0x4 Output/Debug/Obj/flashwrite_pca10040/nrf_log_frontend.o
                0x2000002c                m_nrf_log_app_logs_data_dynamic
 .log_dynamic_data_app_timer
                0x20000030        0x4 Output/Debug/Obj/flashwrite_pca10040/app_timer2.o
                0x20000030                m_nrf_log_app_timer_logs_data_dynamic
 .log_dynamic_data_atfifo_m_req_fifo
                0x20000034        0x4 Output/Debug/Obj/flashwrite_pca10040/app_timer2.o
                0x20000034                m_nrf_log_atfifo_m_req_fifo_logs_data_dynamic
 .log_dynamic_data_balloc_log_mempool
                0x20000038        0x4 Output/Debug/Obj/flashwrite_pca10040/nrf_log_frontend.o
                0x20000038                m_nrf_log_balloc_log_mempool_logs_data_dynamic
 .log_dynamic_data_cli_uart
                0x2000003c        0x4 Output/Debug/Obj/flashwrite_pca10040/nrf_cli_uart.o
                0x2000003c                m_nrf_log_cli_uart_logs_data_dynamic
 .log_dynamic_data_clock
                0x20000040        0x4 Output/Debug/Obj/flashwrite_pca10040/nrf_drv_clock.o
                0x20000040                m_nrf_log_clock_logs_data_dynamic
 .log_dynamic_data_pwr_mgmt
                0x20000044        0x4 Output/Debug/Obj/flashwrite_pca10040/nrf_pwr_mgmt.o
                0x20000044                m_nrf_log_pwr_mgmt_logs_data_dynamic
 .log_dynamic_data_sortlist
                0x20000048        0x4 Output/Debug/Obj/flashwrite_pca10040/nrf_sortlist.o
                0x20000048                m_nrf_log_sortlist_logs_data_dynamic
                0x2000004c                        __log_dynamic_data_end__ = (__log_dynamic_data_start__ + SIZEOF (.log_dynamic_data))
                0x00000030                        __log_dynamic_data_size__ = SIZEOF (.log_dynamic_data)
                0x00007850                        __log_dynamic_data_load_end__ = (__log_dynamic_data_load_start__ + SIZEOF (.log_dynamic_data))
                0x00000001                        . = ASSERT (((__log_dynamic_data_load_start__ == __log_dynamic_data_load_end__) || ((__log_dynamic_data_load_end__ - __FLASH1_segment_start__) <= __FLASH1_segment_size__)), error: .log_dynamic_data is too large to fit in FLASH1 memory segment)

.log_dynamic_data_run
                0x2000001c        0x0
                0x2000001c                        __log_dynamic_data_run_start__ = .
                0x2000001c                        __start_log_dynamic_data = __log_dynamic_data_run_start__
                0x2000004c                        __log_dynamic_data_run_end__ = (__log_dynamic_data_run_start__ + SIZEOF (.log_dynamic_data))
                0x00000030                        __log_dynamic_data_run_size__ = (__log_dynamic_data_run_end__ - __log_dynamic_data_run_start__)
                0x2000004c                        __stop_log_dynamic_data = __log_dynamic_data_run_end__
                0x2000004c                        __log_dynamic_data_run_load_end__ = __log_dynamic_data_run_end__
                0x00000001                        . = ASSERT (((__log_dynamic_data_run_start__ == __log_dynamic_data_run_end__) || ((__log_dynamic_data_run_end__ - __RAM1_segment_start__) <= __RAM1_segment_size__)), error: .log_dynamic_data_run is too large to fit in RAM1 memory segment)
                0x00007850                        __log_filter_data_load_start__ = ALIGN ((__log_dynamic_data_load_start__ + SIZEOF (.log_dynamic_data)), 0x4)

.log_filter_data
                0x2000004c       0x30 load address 0x00007850
                0x2000004c                        __log_filter_data_start__ = .
 *(SORT_BY_NAME(.log_filter_data*))
 .log_filter_data_CLOCK
                0x2000004c        0x4 Output/Debug/Obj/flashwrite_pca10040/nrfx_clock.o
                0x2000004c                m_nrf_log_CLOCK_logs_data_filter
 .log_filter_data_PRS
                0x20000050        0x4 Output/Debug/Obj/flashwrite_pca10040/nrfx_prs.o
                0x20000050                m_nrf_log_PRS_logs_data_filter
 .log_filter_data_UART
                0x20000054        0x4 Output/Debug/Obj/flashwrite_pca10040/nrfx_uart.o
                0x20000054                m_nrf_log_UART_logs_data_filter
 .log_filter_data_UARTE
                0x20000058        0x4 Output/Debug/Obj/flashwrite_pca10040/nrfx_uarte.o
                0x20000058                m_nrf_log_UARTE_logs_data_filter
 .log_filter_data_app
                0x2000005c        0x4 Output/Debug/Obj/flashwrite_pca10040/nrf_log_frontend.o
                0x2000005c                m_nrf_log_app_logs_data_filter
 .log_filter_data_app_timer
                0x20000060        0x4 Output/Debug/Obj/flashwrite_pca10040/app_timer2.o
                0x20000060                m_nrf_log_app_timer_logs_data_filter
 .log_filter_data_atfifo_m_req_fifo
                0x20000064        0x4 Output/Debug/Obj/flashwrite_pca10040/app_timer2.o
                0x20000064                m_nrf_log_atfifo_m_req_fifo_logs_data_filter
 .log_filter_data_balloc_log_mempool
                0x20000068        0x4 Output/Debug/Obj/flashwrite_pca10040/nrf_log_frontend.o
                0x20000068                m_nrf_log_balloc_log_mempool_logs_data_filter
 .log_filter_data_cli_uart
                0x2000006c        0x4 Output/Debug/Obj/flashwrite_pca10040/nrf_cli_uart.o
                0x2000006c                m_nrf_log_cli_uart_logs_data_filter
 .log_filter_data_clock
                0x20000070        0x4 Output/Debug/Obj/flashwrite_pca10040/nrf_drv_clock.o
                0x20000070                m_nrf_log_clock_logs_data_filter
 .log_filter_data_pwr_mgmt
                0x20000074        0x4 Output/Debug/Obj/flashwrite_pca10040/nrf_pwr_mgmt.o
                0x20000074                m_nrf_log_pwr_mgmt_logs_data_filter
 .log_filter_data_sortlist
                0x20000078        0x4 Output/Debug/Obj/flashwrite_pca10040/nrf_sortlist.o
                0x20000078                m_nrf_log_sortlist_logs_data_filter
                0x2000007c                        __log_filter_data_end__ = (__log_filter_data_start__ + SIZEOF (.log_filter_data))
                0x00000030                        __log_filter_data_size__ = SIZEOF (.log_filter_data)
                0x00007880                        __log_filter_data_load_end__ = (__log_filter_data_load_start__ + SIZEOF (.log_filter_data))
                0x00000001                        . = ASSERT (((__log_filter_data_load_start__ == __log_filter_data_load_end__) || ((__log_filter_data_load_end__ - __FLASH1_segment_start__) <= __FLASH1_segment_size__)), error: .log_filter_data is too large to fit in FLASH1 memory segment)

.log_filter_data_run
                0x2000004c        0x0
                0x2000004c                        __log_filter_data_run_start__ = .
                0x2000004c                        __start_log_filter_data = __log_filter_data_run_start__
                0x2000007c                        __log_filter_data_run_end__ = (__log_filter_data_run_start__ + SIZEOF (.log_filter_data))
                0x00000030                        __log_filter_data_run_size__ = (__log_filter_data_run_end__ - __log_filter_data_run_start__)
                0x2000007c                        __stop_log_filter_data = __log_filter_data_run_end__
                0x2000007c                        __log_filter_data_run_load_end__ = __log_filter_data_run_end__
                0x00000001                        . = ASSERT (((__log_filter_data_run_start__ == __log_filter_data_run_end__) || ((__log_filter_data_run_end__ - __RAM1_segment_start__) <= __RAM1_segment_size__)), error: .log_filter_data_run is too large to fit in RAM1 memory segment)
                0x2000007c                        __nrf_sections_run_end_load_start__ = ALIGN (__log_filter_data_run_end__, 0x4)

.nrf_sections_run_end
                0x2000007c        0x0
                0x2000007c                        __nrf_sections_run_end_start__ = .
                0x2000007c                        __end_nrf_sections_run = __nrf_sections_run_end_start__
 *(.nrf_sections_run_end .nrf_sections_run_end.*)
                0x2000007c                        __nrf_sections_run_end_end__ = (__nrf_sections_run_end_start__ + SIZEOF (.nrf_sections_run_end))
                0x00000000                        __nrf_sections_run_end_size__ = SIZEOF (.nrf_sections_run_end)
                0x2000007c                        __nrf_sections_run_end_load_end__ = __nrf_sections_run_end_end__
                0x00000001                        . = ASSERT (((__nrf_sections_run_end_start__ == __nrf_sections_run_end_end__) || ((__nrf_sections_run_end_end__ - __RAM1_segment_start__) <= __RAM1_segment_size__)), error: .nrf_sections_run_end is too large to fit in RAM1 memory segment)
                0x00007880                        __dtors_load_start__ = ALIGN ((__log_filter_data_load_start__ + SIZEOF (.log_filter_data)), 0x4)

.dtors          0x00007880        0x0
                0x00007880                        __dtors_start__ = .
 *(SORT_BY_NAME(.dtors.*))
 *(.dtors)
 *(.fini_array)
 *(SORT_BY_NAME(.fini_array.*))
                0x00007880                        __dtors_end__ = (__dtors_start__ + SIZEOF (.dtors))
                0x00000000                        __dtors_size__ = SIZEOF (.dtors)
                0x00007880                        __dtors_load_end__ = __dtors_end__
                0x00000001                        . = ASSERT (((__dtors_start__ == __dtors_end__) || ((__dtors_end__ - __FLASH1_segment_start__) <= __FLASH1_segment_size__)), error: .dtors is too large to fit in FLASH1 memory segment)
                0x00007880                        __ctors_load_start__ = ALIGN (__dtors_end__, 0x4)

.ctors          0x00007880        0x0
                0x00007880                        __ctors_start__ = .
 *(SORT_BY_NAME(.ctors.*))
 *(.ctors)
 *(.init_array)
 *(SORT_BY_NAME(.init_array.*))
                0x00007880                        __ctors_end__ = (__ctors_start__ + SIZEOF (.ctors))
                0x00000000                        __ctors_size__ = SIZEOF (.ctors)
                0x00007880                        __ctors_load_end__ = __ctors_end__
                0x00000001                        . = ASSERT (((__ctors_start__ == __ctors_end__) || ((__ctors_end__ - __FLASH1_segment_start__) <= __FLASH1_segment_size__)), error: .ctors is too large to fit in FLASH1 memory segment)
                0x00007880                        __rodata_load_start__ = ALIGN (__ctors_end__, 0x4)

.rodata         0x00007880     0x1f31
                0x00007880                        __rodata_start__ = .
 *(.rodata .rodata.* .gnu.linkonce.r.* .data.rel.ro .data.rel.ro.*)
 .rodata        0x00007880      0x140 Output/Debug/Obj/flashwrite_pca10040/main.o
 .rodata        0x000079c0       0x42 Output/Debug/Obj/flashwrite_pca10040/nrf_drv_clock.o
 *fill*         0x00007a02        0x2 
 .rodata        0x00007a04       0x70 Output/Debug/Obj/flashwrite_pca10040/nrfx_clock.o
 .rodata        0x00007a74       0x3e Output/Debug/Obj/flashwrite_pca10040/nrfx_prs.o
 *fill*         0x00007ab2        0x2 
 .rodata        0x00007ab4       0x9f Output/Debug/Obj/flashwrite_pca10040/nrfx_uart.o
 *fill*         0x00007b53        0x1 
 .rodata.irq_handlers.0
                0x00007b54        0x4 Output/Debug/Obj/flashwrite_pca10040/nrfx_uart.o
 .rodata        0x00007b58       0xa0 Output/Debug/Obj/flashwrite_pca10040/nrfx_uarte.o
 .rodata.irq_handlers.0
                0x00007bf8        0x4 Output/Debug/Obj/flashwrite_pca10040/nrfx_uarte.o
 .rodata        0x00007bfc       0x70 Output/Debug/Obj/flashwrite_pca10040/app_error_weak.o
 .rodata        0x00007c6c       0x60 Output/Debug/Obj/flashwrite_pca10040/app_timer2.o
 .rodata        0x00007ccc       0x40 Output/Debug/Obj/flashwrite_pca10040/app_util_platform.o
 .rodata        0x00007d0c      0x16f Output/Debug/Obj/flashwrite_pca10040/nrf_balloc.o
 *fill*         0x00007e7b        0x1 
 .rodata.nrf_balloc_commands_raw
                0x00007e7c       0x20 Output/Debug/Obj/flashwrite_pca10040/nrf_balloc.o
 .rodata.nrf_balloc_commands
                0x00007e9c        0x8 Output/Debug/Obj/flashwrite_pca10040/nrf_balloc.o
 .rodata.nrf_cli_balloc_raw
                0x00007ea4       0x10 Output/Debug/Obj/flashwrite_pca10040/nrf_balloc.o
                0x00007ea4                nrf_cli_balloc_raw
 .rodata        0x00007eb4      0x503 Output/Debug/Obj/flashwrite_pca10040/nrf_cli.o
 *fill*         0x000083b7        0x1 
 .rodata.m_sub_colors_raw
                0x000083b8       0x30 Output/Debug/Obj/flashwrite_pca10040/nrf_cli.o
 .rodata.m_sub_colors
                0x000083e8        0x8 Output/Debug/Obj/flashwrite_pca10040/nrf_cli.o
 .rodata.m_sub_echo_raw
                0x000083f0       0x30 Output/Debug/Obj/flashwrite_pca10040/nrf_cli.o
 .rodata.m_sub_echo
                0x00008420        0x8 Output/Debug/Obj/flashwrite_pca10040/nrf_cli.o
 .rodata.m_sub_cli_stats_raw
                0x00008428       0x30 Output/Debug/Obj/flashwrite_pca10040/nrf_cli.o
 .rodata.m_sub_cli_stats
                0x00008458        0x8 Output/Debug/Obj/flashwrite_pca10040/nrf_cli.o
 .rodata.m_sub_cli_raw
                0x00008460       0x40 Output/Debug/Obj/flashwrite_pca10040/nrf_cli.o
 .rodata.m_sub_cli
                0x000084a0        0x8 Output/Debug/Obj/flashwrite_pca10040/nrf_cli.o
 .rodata.m_sub_resize_raw
                0x000084a8       0x20 Output/Debug/Obj/flashwrite_pca10040/nrf_cli.o
 .rodata.m_sub_resize
                0x000084c8        0x8 Output/Debug/Obj/flashwrite_pca10040/nrf_cli.o
 .rodata.nrf_cli_clear_raw
                0x000084d0       0x10 Output/Debug/Obj/flashwrite_pca10040/nrf_cli.o
                0x000084d0                nrf_cli_clear_raw
 .rodata.nrf_cli_cli_raw
                0x000084e0       0x10 Output/Debug/Obj/flashwrite_pca10040/nrf_cli.o
                0x000084e0                nrf_cli_cli_raw
 .rodata.nrf_cli_history_raw
                0x000084f0       0x10 Output/Debug/Obj/flashwrite_pca10040/nrf_cli.o
                0x000084f0                nrf_cli_history_raw
 .rodata.nrf_cli_resize_raw
                0x00008500       0x10 Output/Debug/Obj/flashwrite_pca10040/nrf_cli.o
                0x00008500                nrf_cli_resize_raw
 .rodata.cmd_get_terminal_size.15
                0x00008510        0x5 Output/Debug/Obj/flashwrite_pca10040/nrf_cli.o
 *fill*         0x00008515        0xb 
 .rodata.delay_machine_code.14
                0x00008520        0x6 Output/Debug/Obj/flashwrite_pca10040/nrf_cli.o
 *fill*         0x00008526        0x2 
 .rodata.cmd.13
                0x00008528        0x4 Output/Debug/Obj/flashwrite_pca10040/nrf_cli.o
 .rodata.help.6
                0x0000852c        0xb Output/Debug/Obj/flashwrite_pca10040/nrf_cli.o
 *fill*         0x00008537        0x1 
 .rodata.opt_sep.5
                0x00008538        0x3 Output/Debug/Obj/flashwrite_pca10040/nrf_cli.o
 *fill*         0x0000853b        0x1 
 .rodata.cmd_sep.4
                0x0000853c        0x4 Output/Debug/Obj/flashwrite_pca10040/nrf_cli.o
 .rodata.tab_len.3
                0x00008540        0x1 Output/Debug/Obj/flashwrite_pca10040/nrf_cli.o
 *fill*         0x00008541        0x3 
 .rodata.cmd.2  0x00008544        0x4 Output/Debug/Obj/flashwrite_pca10040/nrf_cli.o
 .rodata.cmd.1  0x00008548        0x5 Output/Debug/Obj/flashwrite_pca10040/nrf_cli.o
 *fill*         0x0000854d        0x3 
 .rodata.cmd.0  0x00008550        0x6 Output/Debug/Obj/flashwrite_pca10040/nrf_cli.o
 *fill*         0x00008556        0x2 
 .rodata        0x00008558       0x4b Output/Debug/Obj/flashwrite_pca10040/nrf_cli_uart.o
 *fill*         0x000085a3        0x1 
 .rodata        0x000085a4       0x31 Output/Debug/Obj/flashwrite_pca10040/nrf_fprintf.o
 *fill*         0x000085d5        0x3 
 .rodata        0x000085d8       0x38 Output/Debug/Obj/flashwrite_pca10040/nrf_fprintf_format.o
 .rodata._aV2C.0
                0x00008610       0x10 Output/Debug/Obj/flashwrite_pca10040/nrf_fprintf_format.o
 .rodata        0x00008620       0x3b Output/Debug/Obj/flashwrite_pca10040/nrf_memobj.o
 *fill*         0x0000865b        0x1 
 .rodata        0x0000865c       0xd7 Output/Debug/Obj/flashwrite_pca10040/nrf_pwr_mgmt.o
 *fill*         0x00008733        0x1 
 .rodata        0x00008734      0x135 Output/Debug/Obj/flashwrite_pca10040/nrf_queue.o
 *fill*         0x00008869        0x3 
 .rodata.nrf_queue_commands_raw
                0x0000886c       0x20 Output/Debug/Obj/flashwrite_pca10040/nrf_queue.o
 .rodata.nrf_queue_commands
                0x0000888c        0x8 Output/Debug/Obj/flashwrite_pca10040/nrf_queue.o
 .rodata.nrf_cli_queue_raw
                0x00008894       0x10 Output/Debug/Obj/flashwrite_pca10040/nrf_queue.o
                0x00008894                nrf_cli_queue_raw
 .rodata.full_queue_indicator.0
                0x000088a4        0x1 Output/Debug/Obj/flashwrite_pca10040/nrf_queue.o
 *fill*         0x000088a5        0x3 
 .rodata        0x000088a8       0x4b Output/Debug/Obj/flashwrite_pca10040/nrf_sortlist.o
 *fill*         0x000088f3        0x1 
 .rodata.m_unknown_str
                0x000088f4       0x13 Output/Debug/Obj/flashwrite_pca10040/nrf_strerror.o
 *fill*         0x00008907        0x1 
 .rodata        0x00008908      0x3bd Output/Debug/Obj/flashwrite_pca10040/nrf_strerror.o
 *fill*         0x00008cc5        0x3 
 .rodata.nrf_strerror_array
                0x00008cc8      0x118 Output/Debug/Obj/flashwrite_pca10040/nrf_strerror.o
 .rodata        0x00008de0       0x68 Output/Debug/Obj/flashwrite_pca10040/nrf_log_backend_uart.o
 .rodata.nrf_log_backend_uart_api
                0x00008e48        0xc Output/Debug/Obj/flashwrite_pca10040/nrf_log_backend_uart.o
                0x00008e48                nrf_log_backend_uart_api
 .rodata        0x00008e54       0x5e Output/Debug/Obj/flashwrite_pca10040/nrf_log_default_backends.o
 *fill*         0x00008eb2        0x2 
 .rodata        0x00008eb4      0x4c4 Output/Debug/Obj/flashwrite_pca10040/nrf_log_frontend.o
 .rodata.m_log_push_ringbuf
                0x00009378        0xc Output/Debug/Obj/flashwrite_pca10040/nrf_log_frontend.o
 .rodata.m_module_name
                0x00009384        0x8 Output/Debug/Obj/flashwrite_pca10040/nrf_log_frontend.o
 .rodata.m_severity_lvl
                0x0000938c        0x8 Output/Debug/Obj/flashwrite_pca10040/nrf_log_frontend.o
 .rodata.m_sub_log_backend_raw
                0x00009394       0x60 Output/Debug/Obj/flashwrite_pca10040/nrf_log_frontend.o
 .rodata.m_sub_log_backend
                0x000093f4        0x8 Output/Debug/Obj/flashwrite_pca10040/nrf_log_frontend.o
 .rodata.m_backend_name_dynamic
                0x000093fc        0x8 Output/Debug/Obj/flashwrite_pca10040/nrf_log_frontend.o
 .rodata.m_sub_log_config_raw
                0x00009404       0x30 Output/Debug/Obj/flashwrite_pca10040/nrf_log_frontend.o
 .rodata.m_sub_log_config
                0x00009434        0x8 Output/Debug/Obj/flashwrite_pca10040/nrf_log_frontend.o
 .rodata.m_sub_log_stat_raw
                0x0000943c       0x90 Output/Debug/Obj/flashwrite_pca10040/nrf_log_frontend.o
 .rodata.m_sub_log_stat
                0x000094cc        0x8 Output/Debug/Obj/flashwrite_pca10040/nrf_log_frontend.o
 .rodata.nrf_cli_log_raw
                0x000094d4       0x10 Output/Debug/Obj/flashwrite_pca10040/nrf_log_frontend.o
                0x000094d4                nrf_cli_log_raw
 .rodata        0x000094e4       0xaa Output/Debug/Obj/flashwrite_pca10040/nrf_log_str_formatter.o
 *fill*         0x0000958e        0x2 
 .rodata.libc.__SEGGER_RTL_c_locale
                0x00009590        0xc C:/Program Files/SEGGER/SEGGER Embedded Studio 8.22a/lib/mbops_timeops_v7em_fpv4_sp_d16_hard_t_le_eabi_balanced.a(mbops.o)
                0x00009590                __SEGGER_RTL_c_locale
 .rodata.libc.__SEGGER_RTL_c_locale_day_names
                0x0000959c       0x3a C:/Program Files/SEGGER/SEGGER Embedded Studio 8.22a/lib/mbops_timeops_v7em_fpv4_sp_d16_hard_t_le_eabi_balanced.a(mbops.o)
                0x0000959c                __SEGGER_RTL_c_locale_day_names
 .rodata.libc.__SEGGER_RTL_c_locale_month_names
                0x000095d6       0x57 C:/Program Files/SEGGER/SEGGER Embedded Studio 8.22a/lib/mbops_timeops_v7em_fpv4_sp_d16_hard_t_le_eabi_balanced.a(mbops.o)
                0x000095d6                __SEGGER_RTL_c_locale_month_names
 .rodata.libc.__SEGGER_RTL_c_locale_am_pm_indicator
                0x0000962d        0x7 C:/Program Files/SEGGER/SEGGER Embedded Studio 8.22a/lib/mbops_timeops_v7em_fpv4_sp_d16_hard_t_le_eabi_balanced.a(mbops.o)
                0x0000962d                __SEGGER_RTL_c_locale_am_pm_indicator
 .rodata.libc.__SEGGER_RTL_c_locale_date_format
                0x00009634        0x9 C:/Program Files/SEGGER/SEGGER Embedded Studio 8.22a/lib/mbops_timeops_v7em_fpv4_sp_d16_hard_t_le_eabi_balanced.a(mbops.o)
                0x00009634                __SEGGER_RTL_c_locale_date_format
 .rodata.libc.__SEGGER_RTL_c_locale_time_format
                0x0000963d        0x9 C:/Program Files/SEGGER/SEGGER Embedded Studio 8.22a/lib/mbops_timeops_v7em_fpv4_sp_d16_hard_t_le_eabi_balanced.a(mbops.o)
                0x0000963d                __SEGGER_RTL_c_locale_time_format
 .rodata.libc.__SEGGER_RTL_c_locale_date_time_format
                0x00009646        0xf C:/Program Files/SEGGER/SEGGER Embedded Studio 8.22a/lib/mbops_timeops_v7em_fpv4_sp_d16_hard_t_le_eabi_balanced.a(mbops.o)
                0x00009646                __SEGGER_RTL_c_locale_date_time_format
 .rodata.libc..L.str
                0x00009655        0x2 C:/Program Files/SEGGER/SEGGER Embedded Studio 8.22a/lib/mbops_timeops_v7em_fpv4_sp_d16_hard_t_le_eabi_balanced.a(mbops.o)
 *fill*         0x00009657        0x1 
 .rodata.libc.__SEGGER_RTL_codeset_ascii
                0x00009658       0x20 C:/Program Files/SEGGER/SEGGER Embedded Studio 8.22a/lib/mbops_timeops_v7em_fpv4_sp_d16_hard_t_le_eabi_balanced.a(mbops.o)
                0x00009658                __SEGGER_RTL_codeset_ascii
 .rodata.libc.__SEGGER_RTL_c_locale_abbrev_day_names
                0x00009678       0x1d C:/Program Files/SEGGER/SEGGER Embedded Studio 8.22a/lib/mbops_timeops_v7em_fpv4_sp_d16_hard_t_le_eabi_balanced.a(mbops.o)
                0x00009678                __SEGGER_RTL_c_locale_abbrev_day_names
 .rodata.libc.__SEGGER_RTL_c_locale_abbrev_month_names
                0x00009695       0x31 C:/Program Files/SEGGER/SEGGER Embedded Studio 8.22a/lib/mbops_timeops_v7em_fpv4_sp_d16_hard_t_le_eabi_balanced.a(mbops.o)
                0x00009695                __SEGGER_RTL_c_locale_abbrev_month_names
 .rodata.libc.__SEGGER_RTL_data_utf8_period
                0x000096c6        0x2 C:/Program Files/SEGGER/SEGGER Embedded Studio 8.22a/lib/mbops_timeops_v7em_fpv4_sp_d16_hard_t_le_eabi_balanced.a(mbops.o)
                0x000096c6                __SEGGER_RTL_data_utf8_period
 .rodata.libc.__SEGGER_RTL_data_empty_string
                0x000096c8        0x1 C:/Program Files/SEGGER/SEGGER Embedded Studio 8.22a/lib/mbops_timeops_v7em_fpv4_sp_d16_hard_t_le_eabi_balanced.a(mbops.o)
                0x000096c8                __SEGGER_RTL_data_empty_string
 *fill*         0x000096c9        0x3 
 .rodata.libc.__SEGGER_RTL_c_locale_data
                0x000096cc       0x58 C:/Program Files/SEGGER/SEGGER Embedded Studio 8.22a/lib/mbops_timeops_v7em_fpv4_sp_d16_hard_t_le_eabi_balanced.a(mbops.o)
                0x000096cc                __SEGGER_RTL_c_locale_data
 .rodata.libc.__SEGGER_RTL_ascii_ctype_map
                0x00009724       0x80 C:/Program Files/SEGGER/SEGGER Embedded Studio 8.22a/lib/mbops_timeops_v7em_fpv4_sp_d16_hard_t_le_eabi_balanced.a(mbops.o)
 .rodata.libc.__SEGGER_RTL_ascii_ctype_mask
                0x000097a4        0xd C:/Program Files/SEGGER/SEGGER Embedded Studio 8.22a/lib/mbops_timeops_v7em_fpv4_sp_d16_hard_t_le_eabi_balanced.a(mbops.o)
                0x000097b1                        __rodata_end__ = (__rodata_start__ + SIZEOF (.rodata))
                0x00001f31                        __rodata_size__ = SIZEOF (.rodata)
                0x000097b1                        __rodata_load_end__ = __rodata_end__

.rel.dyn        0x000097b4        0x0
 .rel.iplt      0x000097b4        0x0 Output/Debug/Obj/flashwrite_pca10040/main.o
                0x00000001                        . = ASSERT (((__rodata_start__ == __rodata_end__) || ((__rodata_end__ - __FLASH1_segment_start__) <= __FLASH1_segment_size__)), error: .rodata is too large to fit in FLASH1 memory segment)
                0x000097b4                        __ARM.exidx_load_start__ = ALIGN (__rodata_end__, 0x4)

.ARM.exidx      0x000097b4        0x0
                0x000097b4                        __ARM.exidx_start__ = .
                0x000097b4                        __exidx_start = __ARM.exidx_start__