Archive member included to satisfy reference by file (symbol)

C:/Program Files/SEGGER/SEGGER Embedded Studio 8.22a/lib/libc_v7em_fpv4_sp_d16_hard_t_le_eabi_balanced.a(intasmops_arm.o)
                              Output/Debug/Obj/pwm_driver_pca10040/bsp.o (__aeabi_uldivmod)
C:/Program Files/SEGGER/SEGGER Embedded Studio 8.22a/lib/libc_v7em_fpv4_sp_d16_hard_t_le_eabi_balanced.a(__SEGGER_RTL_vfprintf_long.o)
                              (__SEGGER_RTL_vfprintf_long)
C:/Program Files/SEGGER/SEGGER Embedded Studio 8.22a/lib/libc_v7em_fpv4_sp_d16_hard_t_le_eabi_balanced.a(__SEGGER_RTL_vfscanf_long.o)
                              (__SEGGER_RTL_vfscanf_long)
C:/Program Files/SEGGER/SEGGER Embedded Studio 8.22a/lib/libc_v7em_fpv4_sp_d16_hard_t_le_eabi_balanced.a(utilops.o)
                              C:/Program Files/SEGGER/SEGGER Embedded Studio 8.22a/lib/libc_v7em_fpv4_sp_d16_hard_t_le_eabi_balanced.a(__SEGGER_RTL_vfscanf_long.o) (__SEGGER_RTL_digit)
C:/Program Files/SEGGER/SEGGER Embedded Studio 8.22a/lib/libc_v7em_fpv4_sp_d16_hard_t_le_eabi_balanced.a(floatasmops_arm.o)
                              C:/Program Files/SEGGER/SEGGER Embedded Studio 8.22a/lib/libc_v7em_fpv4_sp_d16_hard_t_le_eabi_balanced.a(utilops.o) (__aeabi_dmul)
C:/Program Files/SEGGER/SEGGER Embedded Studio 8.22a/lib/libc_v7em_fpv4_sp_d16_hard_t_le_eabi_balanced.a(prinops.o)
                              C:/Program Files/SEGGER/SEGGER Embedded Studio 8.22a/lib/libc_v7em_fpv4_sp_d16_hard_t_le_eabi_balanced.a(__SEGGER_RTL_vfprintf_long.o) (__SEGGER_RTL_putc)
C:/Program Files/SEGGER/SEGGER Embedded Studio 8.22a/lib/libc_v7em_fpv4_sp_d16_hard_t_le_eabi_balanced.a(fileops.o)
                              C:/Program Files/SEGGER/SEGGER Embedded Studio 8.22a/lib/libc_v7em_fpv4_sp_d16_hard_t_le_eabi_balanced.a(prinops.o) (fwrite)
C:/Program Files/SEGGER/SEGGER Embedded Studio 8.22a/lib/libc_v7em_fpv4_sp_d16_hard_t_le_eabi_balanced.a(errno.o)
                              C:/Program Files/SEGGER/SEGGER Embedded Studio 8.22a/lib/libc_v7em_fpv4_sp_d16_hard_t_le_eabi_balanced.a(fileops.o) (__aeabi_errno_addr)
C:/Program Files/SEGGER/SEGGER Embedded Studio 8.22a/lib/heapops_basic_v7em_fpv4_sp_d16_hard_t_le_eabi_balanced.a(heapops_basic.o)
                              Output/Debug/Obj/pwm_driver_pca10040/thumb_crt0.o (__SEGGER_RTL_init_heap)
C:/Program Files/SEGGER/SEGGER Embedded Studio 8.22a/lib/heapops_disable_interrupts_locking_v7em_fpv4_sp_d16_hard_t_le_eabi_balanced.a(heapops.o)
                              C:/Program Files/SEGGER/SEGGER Embedded Studio 8.22a/lib/libc_v7em_fpv4_sp_d16_hard_t_le_eabi_balanced.a(prinops.o) (free)
C:/Program Files/SEGGER/SEGGER Embedded Studio 8.22a/lib/strops_unaligned_v7em_fpv4_sp_d16_hard_t_le_eabi_balanced.a(strops.o)
                              Output/Debug/Obj/pwm_driver_pca10040/nrf_fprintf_format.o (strlen)
C:/Program Files/SEGGER/SEGGER Embedded Studio 8.22a/lib/strops_unaligned_v7em_fpv4_sp_d16_hard_t_le_eabi_balanced.a(strasmops_arm.o)
                              C:/Program Files/SEGGER/SEGGER Embedded Studio 8.22a/lib/strops_unaligned_v7em_fpv4_sp_d16_hard_t_le_eabi_balanced.a(strops.o) (strcmp)
C:/Program Files/SEGGER/SEGGER Embedded Studio 8.22a/lib/mbops_timeops_v7em_fpv4_sp_d16_hard_t_le_eabi_balanced.a(mbops.o)
                              C:/Program Files/SEGGER/SEGGER Embedded Studio 8.22a/lib/libc_v7em_fpv4_sp_d16_hard_t_le_eabi_balanced.a(prinops.o) (__SEGGER_RTL_current_locale)
C:/Program Files/SEGGER/SEGGER Embedded Studio 8.22a/lib/mbops_timeops_v7em_fpv4_sp_d16_hard_t_le_eabi_balanced.a(timeops.o)
                              C:/Program Files/SEGGER/SEGGER Embedded Studio 8.22a/lib/mbops_timeops_v7em_fpv4_sp_d16_hard_t_le_eabi_balanced.a(mbops.o) (__SEGGER_RTL_string_list_encode)
C:/Program Files/SEGGER/SEGGER Embedded Studio 8.22a/lib/libc_v7em_fpv4_sp_d16_hard_t_le_eabi_balanced.a(execops.o)
                              C:/Program Files/SEGGER/SEGGER Embedded Studio 8.22a/lib/strops_unaligned_v7em_fpv4_sp_d16_hard_t_le_eabi_balanced.a(strops.o) (__SEGGER_RTL_constraint_violation)
C:/Program Files/SEGGER/SEGGER Embedded Studio 8.22a/lib/libc_v7em_fpv4_sp_d16_hard_t_le_eabi_balanced.a(execops_arm.o)
                              C:/Program Files/SEGGER/SEGGER Embedded Studio 8.22a/lib/libc_v7em_fpv4_sp_d16_hard_t_le_eabi_balanced.a(execops.o) (__aeabi_SIGABRT)
C:/Program Files/SEGGER/SEGGER Embedded Studio 8.22a/lib/libc_v7em_fpv4_sp_d16_hard_t_le_eabi_balanced.a(intops.o)
                              C:/Program Files/SEGGER/SEGGER Embedded Studio 8.22a/lib/mbops_timeops_v7em_fpv4_sp_d16_hard_t_le_eabi_balanced.a(timeops.o) (div)
C:/Program Files/SEGGER/SEGGER Embedded Studio 8.22a/lib/libc_v7em_fpv4_sp_d16_hard_t_le_eabi_balanced.a(sortops.o)
                              C:/Program Files/SEGGER/SEGGER Embedded Studio 8.22a/lib/mbops_timeops_v7em_fpv4_sp_d16_hard_t_le_eabi_balanced.a(mbops.o) (bsearch)
[...]
Memory Configuration

Name             Origin             Length             Attributes
UNPLACED_SECTIONS 0x00000000         0x00000000         xw
RAM1             0x20000000         0x00010000         xw
FLASH1           0x00000000         0x00080000         xw
*default*        0x00000000         0xffffffff

Linker script and memory map

                0x20000000                        __RAM1_segment_start__ = 0x20000000
                0x20010000                        __RAM1_segment_end__ = 0x20010000
                0x00010000                        __RAM1_segment_size__ = 0x10000
                0x00000000                        __FLASH1_segment_start__ = 0x0
                0x00080000                        __FLASH1_segment_end__ = 0x80000
                0x00080000                        __FLASH1_segment_size__ = 0x80000
                0x00002000                        __HEAPSIZE__ = 0x2000
                0x00000000                        __SEGGER_RTL_vfprintf = __SEGGER_RTL_vfprintf_long
                0x00000000                        __SEGGER_RTL_vfscanf = __SEGGER_RTL_vfscanf_long
                0x00000000                        __STACKSIZE_PROCESS__ = 0x0
                0x00002000                        __STACKSIZE__ = 0x2000
                0x20000000                        __vectors_ram_load_start__ = 0x20000000

.vectors_ram    0x20000000        0x0
                0x20000000                        __vectors_ram_start__ = .
                0x20000000                        __app_ram_start__ = __vectors_ram_start__
 *(.vectors_ram .vectors_ram.*)
                0x20000000                        __vectors_ram_end__ = (__vectors_ram_start__ + SIZEOF (.vectors_ram))
                0x00000000                        __vectors_ram_size__ = SIZEOF (.vectors_ram)
                0x20000000                        __vectors_ram_load_end__ = __vectors_ram_end__
                0x00000001                        . = ASSERT (((__vectors_ram_start__ == __vectors_ram_end__) || ((__vectors_ram_end__ - __RAM1_segment_start__) <= __RAM1_segment_size__)), error: .vectors_ram is too large to fit in RAM1 memory segment)
                0x20000000                        __nrf_sections_run_load_start__ = ALIGN (__vectors_ram_end__, 0x4)

.nrf_sections_run
                0x20000000        0x0
                0x20000000                        __nrf_sections_run_start__ = .
                0x20000000                        __start_nrf_sections_run = __nrf_sections_run_start__
 *(.nrf_sections_run .nrf_sections_run.*)
                0x20000000                        __nrf_sections_run_end__ = (__nrf_sections_run_start__ + SIZEOF (.nrf_sections_run))
                0x00000000                        __nrf_sections_run_size__ = SIZEOF (.nrf_sections_run)
                0x20000000                        __nrf_sections_run_load_end__ = __nrf_sections_run_end__
                0x00000001                        . = ASSERT (((__nrf_sections_run_start__ == __nrf_sections_run_end__) || ((__nrf_sections_run_end__ - __RAM1_segment_start__) <= __RAM1_segment_size__)), error: .nrf_sections_run is too large to fit in RAM1 memory segment)
                0x00000000                        __vectors_load_start__ = 0x0

.vectors        0x00000000      0x200
                0x00000000                        __vectors_start__ = .
 *(.vectors .vectors.*)
 .vectors       0x00000000      0x200 Output/Debug/Obj/pwm_driver_pca10040/ses_startup_nrf52.o
                0x00000000                _vectors
                0x00000200                        __vectors_end__ = (__vectors_start__ + SIZEOF (.vectors))
                0x00000200                        __vectors_size__ = SIZEOF (.vectors)
                0x00000200                        __vectors_load_end__ = __vectors_end__
                0x00000001                        . = ASSERT (((__vectors_start__ == __vectors_end__) || ((__vectors_end__ - __FLASH1_segment_start__) <= __FLASH1_segment_size__)), error: .vectors is too large to fit in FLASH1 memory segment)
                0x00000200                        __init_load_start__ = ALIGN (__vectors_end__, 0x4)

.init           0x00000200      0x1e4
                0x00000200                        __init_start__ = .
 *(.init .init.*)
 .init          0x00000200       0x18 Output/Debug/Obj/pwm_driver_pca10040/ses_startup_nrf52.o
                0x00000200                NMI_Handler
                0x00000202                HardFault_Handler
                0x00000204                MemoryManagement_Handler
                0x00000206                BusFault_Handler
                0x00000208                UsageFault_Handler
                0x0000020a                SVC_Handler
                0x0000020c                DebugMon_Handler
                0x0000020e                PendSV_Handler
                0x00000210                SysTick_Handler
                0x00000212                SWI0_EGU0_IRQHandler
                0x00000212                RADIO_IRQHandler
                0x00000212                PDM_IRQHandler
                0x00000212                TEMP_IRQHandler
                0x00000212                QDEC_IRQHandler
                0x00000212                TIMER3_IRQHandler
                0x00000212                RTC0_IRQHandler
                0x00000212                SPIM0_SPIS0_TWIM0_TWIS0_SPI0_TWI0_IRQHandler
                0x00000212                SWI2_EGU2_IRQHandler
                0x00000212                TIMER4_IRQHandler
                0x00000212                I2S_IRQHandler
                0x00000212                SWI4_EGU4_IRQHandler
                0x00000212                TIMER0_IRQHandler
                0x00000212                Dummy_Handler
                0x00000212                TIMER1_IRQHandler
                0x00000212                ECB_IRQHandler
                0x00000212                SPIM1_SPIS1_TWIM1_TWIS1_SPI1_TWI1_IRQHandler
                0x00000212                SAADC_IRQHandler
                0x00000212                CCM_AAR_IRQHandler
                0x00000212                WDT_IRQHandler
                0x00000212                FPU_IRQHandler
                0x00000212                SWI5_EGU5_IRQHandler
                0x00000212                RNG_IRQHandler
                0x00000212                RTC2_IRQHandler
                0x00000212                SWI3_EGU3_IRQHandler
                0x00000212                SWI1_EGU1_IRQHandler
                0x00000212                SPIM2_SPIS2_SPI2_IRQHandler
                0x00000212                NFCT_IRQHandler
                0x00000212                TIMER2_IRQHandler
                0x00000212                MWU_IRQHandler
                0x00000212                COMP_LPCOMP_IRQHandler
                0x00000214                nRFInitialize
 .init          0x00000218       0x5c Output/Debug/Obj/pwm_driver_pca10040/ses_startup_nrf_common.o
                0x00000218                Reset_Handler
                0x0000021c                afterInitialize
                0x00000240                InitializeUserMemorySections
 .init          0x00000274      0x170 Output/Debug/Obj/pwm_driver_pca10040/thumb_crt0.o
                0x00000274                _start
                0x00000322                exit
                0x00000322                _Exit
                0x000003e4                        __init_end__ = (__init_start__ + SIZEOF (.init))
                0x000001e4                        __init_size__ = SIZEOF (.init)
                0x000003e4                        __init_load_end__ = __init_end__
                0x00000001                        . = ASSERT (((__init_start__ == __init_end__) || ((__init_end__ - __FLASH1_segment_start__) <= __FLASH1_segment_size__)), error: .init is too large to fit in FLASH1 memory segment)
                0x000003e4                        __init_rodata_load_start__ = ALIGN (__init_end__, 0x4)

.init_rodata    0x000003e4        0x0
                0x000003e4                        __init_rodata_start__ = .
 *(.init_rodata .init_rodata.*)
                0x000003e4                        __init_rodata_end__ = (__init_rodata_start__ + SIZEOF (.init_rodata))
                0x00000000                        __init_rodata_size__ = SIZEOF (.init_rodata)
                0x000003e4                        __init_rodata_load_end__ = __init_rodata_end__
                0x00000001                        . = ASSERT (((__init_rodata_start__ == __init_rodata_end__) || ((__init_rodata_end__ - __FLASH1_segment_start__) <= __FLASH1_segment_size__)), error: .init_rodata is too large to fit in FLASH1 memory segment)
                0x000003e4                        __text_load_start__ = ALIGN (__init_rodata_end__, 0x4)

.text           0x000003e4     0x5e86
                0x000003e4                        __text_start__ = .
 *(.text .text.* .gnu.linkonce.t.* .glue_7t .glue_7 .gcc_except_table .ARM.extab* .gnu.linkonce.armextab.*)
 .glue_7        0x000003e4        0x0 linker stubs
 .glue_7t       0x000003e4        0x0 linker stubs
 .text.nrfx_coredep_delay_us
                0x000003e4       0x30 Output/Debug/Obj/pwm_driver_pca10040/main.o
 .text.nrf_delay_ms
                0x00000414       0x2a Output/Debug/Obj/pwm_driver_pca10040/main.o
 *fill*         0x0000043e        0x2 
 .text.pwm_update_duty_cycle
                0x00000440       0x84 Output/Debug/Obj/pwm_driver_pca10040/main.o
 .text.pwm_init
                0x000004c4       0x40 Output/Debug/Obj/pwm_driver_pca10040/main.o
 .text.log_init
                0x00000504       0x34 Output/Debug/Obj/pwm_driver_pca10040/main.o
 .text.main     0x00000538       0x5c Output/Debug/Obj/pwm_driver_pca10040/main.o
                0x00000538                main
 .text.nrf_gpio_pin_port_decode
                0x00000594       0x30 Output/Debug/Obj/pwm_driver_pca10040/boards.o
 .text.nrf_gpio_cfg
                0x000005c4       0x62 Output/Debug/Obj/pwm_driver_pca10040/boards.o
 .text.nrf_gpio_cfg_output
                0x00000626       0x22 Output/Debug/Obj/pwm_driver_pca10040/boards.o
 .text.nrf_gpio_cfg_input
                0x00000648       0x2a Output/Debug/Obj/pwm_driver_pca10040/boards.o
 .text.nrf_gpio_pin_set
                0x00000672       0x28 Output/Debug/Obj/pwm_driver_pca10040/boards.o
 .text.nrf_gpio_pin_clear
                0x0000069a       0x28 Output/Debug/Obj/pwm_driver_pca10040/boards.o
 .text.nrf_gpio_pin_write
                0x000006c2       0x24 Output/Debug/Obj/pwm_driver_pca10040/boards.o
 .text.nrf_gpio_port_out_set
                0x000006e6       0x14 Output/Debug/Obj/pwm_driver_pca10040/boards.o
 .text.nrf_gpio_port_out_clear
                0x000006fa       0x14 Output/Debug/Obj/pwm_driver_pca10040/boards.o
 .text.nrf_gpio_pin_present_check
                0x0000070e       0x40 Output/Debug/Obj/pwm_driver_pca10040/boards.o
 *fill*         0x0000074e        0x2 
 .text.bsp_board_led_off
                0x00000750       0x34 Output/Debug/Obj/pwm_driver_pca10040/boards.o
                0x00000750                bsp_board_led_off
 .text.bsp_board_leds_off
                0x00000784       0x26 Output/Debug/Obj/pwm_driver_pca10040/boards.o
                0x00000784                bsp_board_leds_off
 *fill*         0x000007aa        0x2 
 .text.bsp_board_leds_init
                0x000007ac       0x34 Output/Debug/Obj/pwm_driver_pca10040/boards.o
 .text.bsp_board_buttons_init
                0x000007e0       0x34 Output/Debug/Obj/pwm_driver_pca10040/boards.o
 .text.bsp_board_init
                0x00000814       0x2a Output/Debug/Obj/pwm_driver_pca10040/boards.o
                0x00000814                bsp_board_init
 *fill*         0x0000083e        0x2 
 .text.__NVIC_SystemReset
                0x00000840       0x28 Output/Debug/Obj/pwm_driver_pca10040/system_nrf52.o
 .text.nrf52_errata_12
                0x00000868       0x88 Output/Debug/Obj/pwm_driver_pca10040/system_nrf52.o
 .text.nrf52_errata_16
                0x000008f0       0x68 Output/Debug/Obj/pwm_driver_pca10040/system_nrf52.o
 .text.nrf52_errata_31
                0x00000958       0x88 Output/Debug/Obj/pwm_driver_pca10040/system_nrf52.o
 .text.nrf52_errata_32
                0x000009e0       0x68 Output/Debug/Obj/pwm_driver_pca10040/system_nrf52.o
 .text.nrf52_errata_36
                0x00000a48       0x88 Output/Debug/Obj/pwm_driver_pca10040/system_nrf52.o
 .text.nrf52_errata_37
                0x00000ad0       0x68 Output/Debug/Obj/pwm_driver_pca10040/system_nrf52.o
 .text.nrf52_errata_57
                0x00000b38       0x68 Output/Debug/Obj/pwm_driver_pca10040/system_nrf52.o
 .text.nrf52_errata_66
                0x00000ba0       0x88 Output/Debug/Obj/pwm_driver_pca10040/system_nrf52.o
 .text.nrf52_errata_108
                0x00000c28       0x88 Output/Debug/Obj/pwm_driver_pca10040/system_nrf52.o
 .text.nrf52_errata_136
                0x00000cb0       0x88 Output/Debug/Obj/pwm_driver_pca10040/system_nrf52.o
 .text.nrf52_errata_182
                0x00000d38       0x60 Output/Debug/Obj/pwm_driver_pca10040/system_nrf52.o
 .text.nrf52_errata_249
                0x00000d98       0x60 Output/Debug/Obj/pwm_driver_pca10040/system_nrf52.o
 .text.nrf52_handle_approtect
                0x00000df8       0x20 Output/Debug/Obj/pwm_driver_pca10040/system_nrf52.o
 .text.nvmc_wait
                0x00000e18       0x18 Output/Debug/Obj/pwm_driver_pca10040/system_nrf52.o
                0x00000e18                nvmc_wait
 .text.nvmc_config
                0x00000e30       0x20 Output/Debug/Obj/pwm_driver_pca10040/system_nrf52.o
                0x00000e30                nvmc_config
 .text.SystemCoreClockUpdate
                0x00000e50       0x14 Output/Debug/Obj/pwm_driver_pca10040/system_nrf52.o
                0x00000e50                SystemCoreClockUpdate
 .text.SystemInit
                0x00000e64      0x2ac Output/Debug/Obj/pwm_driver_pca10040/system_nrf52.o
                0x00000e64                SystemInit
 .text.uarte_evt_handler
                0x00001110       0x50 Output/Debug/Obj/pwm_driver_pca10040/nrf_drv_uart.o
 .text.uart_evt_handler
                0x00001160       0x50 Output/Debug/Obj/pwm_driver_pca10040/nrf_drv_uart.o
 .text.nrf_drv_uart_init
                0x000011b0       0xc0 Output/Debug/Obj/pwm_driver_pca10040/nrf_drv_uart.o
                0x000011b0                nrf_drv_uart_init
 .text.nrf_clock_int_disable
                0x00001270       0x14 Output/Debug/Obj/pwm_driver_pca10040/nrfx_clock.o
 .text.nrf_clock_event_clear
                0x00001284       0x28 Output/Debug/Obj/pwm_driver_pca10040/nrfx_clock.o
 .text.nrf_clock_event_check
                0x000012ac       0x22 Output/Debug/Obj/pwm_driver_pca10040/nrfx_clock.o
 *fill*         0x000012ce        0x2 
 .text.POWER_CLOCK_IRQHandler
                0x000012d0       0x68 Output/Debug/Obj/pwm_driver_pca10040/nrfx_clock.o
                0x000012d0                POWER_CLOCK_IRQHandler
 .text.nrf_gpiote_event_is_set
                0x00001338       0x2a Output/Debug/Obj/pwm_driver_pca10040/nrfx_gpiote.o
 .text.nrf_gpiote_event_clear
                0x00001362       0x36 Output/Debug/Obj/pwm_driver_pca10040/nrfx_gpiote.o
 .text.nrf_gpiote_event_addr_get
                0x00001398       0x1a Output/Debug/Obj/pwm_driver_pca10040/nrfx_gpiote.o
 *fill*         0x000013b2        0x2 
 .text.nrf_gpiote_int_is_enabled
                0x000013b4       0x18 Output/Debug/Obj/pwm_driver_pca10040/nrfx_gpiote.o
 .text.nrf_gpiote_event_pin_get
                0x000013cc       0x20 Output/Debug/Obj/pwm_driver_pca10040/nrfx_gpiote.o
 .text.nrf_gpiote_event_polarity_get
                0x000013ec       0x24 Output/Debug/Obj/pwm_driver_pca10040/nrfx_gpiote.o
 .text.nrf_gpio_pin_port_decode
                0x00001410       0x30 Output/Debug/Obj/pwm_driver_pca10040/nrfx_gpiote.o
 .text.nrf_gpio_cfg_sense_set
                0x00001440       0x5a Output/Debug/Obj/pwm_driver_pca10040/nrfx_gpiote.o
 .text.nrf_gpio_pin_sense_get
                0x0000149a       0x2c Output/Debug/Obj/pwm_driver_pca10040/nrfx_gpiote.o
 .text.nrf_gpio_latches_read_and_clear
                0x000014c6       0x5c Output/Debug/Obj/pwm_driver_pca10040/nrfx_gpiote.o
 .text.nrf_gpio_pin_latch_clear
                0x00001522       0x28 Output/Debug/Obj/pwm_driver_pca10040/nrfx_gpiote.o
 .text.nrf_gpio_pin_present_check
                0x0000154a       0x40 Output/Debug/Obj/pwm_driver_pca10040/nrfx_gpiote.o
 .text.nrf_bitmask_bit_is_set
                0x0000158a       0x30 Output/Debug/Obj/pwm_driver_pca10040/nrfx_gpiote.o
 *fill*         0x000015ba        0x2 
 .text.channel_port_get
                0x000015bc       0x1c Output/Debug/Obj/pwm_driver_pca10040/nrfx_gpiote.o
 .text.channel_handler_get
                0x000015d8       0x18 Output/Debug/Obj/pwm_driver_pca10040/nrfx_gpiote.o
 .text.port_handler_pin_get
                0x000015f0       0x28 Output/Debug/Obj/pwm_driver_pca10040/nrfx_gpiote.o
 .text.port_handler_polarity_get
                0x00001618       0x28 Output/Debug/Obj/pwm_driver_pca10040/nrfx_gpiote.o
 .text.latch_pending_read_and_check
                0x00001640       0x3e Output/Debug/Obj/pwm_driver_pca10040/nrfx_gpiote.o
 *fill*         0x0000167e        0x2 
 .text.port_event_handle
                0x00001680       0xe4 Output/Debug/Obj/pwm_driver_pca10040/nrfx_gpiote.o
 .text.GPIOTE_IRQHandler
                0x00001764      0x104 Output/Debug/Obj/pwm_driver_pca10040/nrfx_gpiote.o
                0x00001764                GPIOTE_IRQHandler
 .text.UARTE0_UART0_IRQHandler
                0x00001868       0x24 Output/Debug/Obj/pwm_driver_pca10040/nrfx_prs.o
                0x00001868                UARTE0_UART0_IRQHandler
 .text.prs_box_get
                0x0000188c       0x20 Output/Debug/Obj/pwm_driver_pca10040/nrfx_prs.o
 .text.nrfx_prs_acquire
                0x000018ac       0x74 Output/Debug/Obj/pwm_driver_pca10040/nrfx_prs.o
                0x000018ac                nrfx_prs_acquire
 .text.nrfx_prs_release
                0x00001920       0x3c Output/Debug/Obj/pwm_driver_pca10040/nrfx_prs.o
                0x00001920                nrfx_prs_release
 .text.__NVIC_EnableIRQ
                0x0000195c       0x34 Output/Debug/Obj/pwm_driver_pca10040/nrfx_pwm.o
 .text.__NVIC_SetPriority
                0x00001990       0x50 Output/Debug/Obj/pwm_driver_pca10040/nrfx_pwm.o
 .text.nrfx_is_in_ram
                0x000019e0       0x1c Output/Debug/Obj/pwm_driver_pca10040/nrfx_pwm.o
 .text.nrfx_get_irq_number
                0x000019fc       0x10 Output/Debug/Obj/pwm_driver_pca10040/nrfx_pwm.o
 .text._NRFX_IRQ_PRIORITY_SET
                0x00001a0c       0x40 Output/Debug/Obj/pwm_driver_pca10040/nrfx_pwm.o
 .text._NRFX_IRQ_ENABLE
                0x00001a4c       0x1c Output/Debug/Obj/pwm_driver_pca10040/nrfx_pwm.o
 .text.nrf_pwm_task_trigger
                0x00001a68       0x1c Output/Debug/Obj/pwm_driver_pca10040/nrfx_pwm.o
 .text.nrf_pwm_task_address_get
                0x00001a84       0x18 Output/Debug/Obj/pwm_driver_pca10040/nrfx_pwm.o
 .text.nrf_pwm_event_clear
                0x00001a9c       0x2a Output/Debug/Obj/pwm_driver_pca10040/nrfx_pwm.o
 .text.nrf_pwm_event_check
                0x00001ac6       0x24 Output/Debug/Obj/pwm_driver_pca10040/nrfx_pwm.o
 .text.nrf_pwm_shorts_set
                0x00001aea       0x14 Output/Debug/Obj/pwm_driver_pca10040/nrfx_pwm.o
 .text.nrf_pwm_int_set
                0x00001afe       0x14 Output/Debug/Obj/pwm_driver_pca10040/nrfx_pwm.o
 .text.nrf_pwm_enable
                0x00001b12       0x12 Output/Debug/Obj/pwm_driver_pca10040/nrfx_pwm.o
 .text.nrf_pwm_pins_set
                0x00001b24       0x42 Output/Debug/Obj/pwm_driver_pca10040/nrfx_pwm.o
 *fill*         0x00001b66        0x2 
 .text.nrf_pwm_configure
                0x00001b68       0x5c Output/Debug/Obj/pwm_driver_pca10040/nrfx_pwm.o
 .text.nrf_pwm_sequence_set
                0x00001bc4       0x6c Output/Debug/Obj/pwm_driver_pca10040/nrfx_pwm.o
 .text.nrf_pwm_seq_ptr_set
                0x00001c30       0x4c Output/Debug/Obj/pwm_driver_pca10040/nrfx_pwm.o
 .text.nrf_pwm_seq_cnt_set
                0x00001c7c       0x68 Output/Debug/Obj/pwm_driver_pca10040/nrfx_pwm.o
 .text.nrf_pwm_seq_refresh_set
                0x00001ce4       0x50 Output/Debug/Obj/pwm_driver_pca10040/nrfx_pwm.o
 .text.nrf_pwm_seq_end_delay_set
                0x00001d34       0x50 Output/Debug/Obj/pwm_driver_pca10040/nrfx_pwm.o
 .text.nrf_pwm_decoder_set
                0x00001d84       0x28 Output/Debug/Obj/pwm_driver_pca10040/nrfx_pwm.o
 .text.nrf_pwm_loop_set
                0x00001dac       0x1a Output/Debug/Obj/pwm_driver_pca10040/nrfx_pwm.o
 *fill*         0x00001dc6        0x2 
 .text.nrf_gpio_pin_port_decode
                0x00001dc8       0x30 Output/Debug/Obj/pwm_driver_pca10040/nrfx_pwm.o
 .text.nrf_gpio_cfg
                0x00001df8       0x62 Output/Debug/Obj/pwm_driver_pca10040/nrfx_pwm.o
 .text.nrf_gpio_cfg_output
                0x00001e5a       0x22 Output/Debug/Obj/pwm_driver_pca10040/nrfx_pwm.o
 .text.nrf_gpio_pin_set
                0x00001e7c       0x28 Output/Debug/Obj/pwm_driver_pca10040/nrfx_pwm.o
 .text.nrf_gpio_pin_clear
                0x00001ea4       0x28 Output/Debug/Obj/pwm_driver_pca10040/nrfx_pwm.o
 .text.nrf_gpio_port_out_set
                0x00001ecc       0x14 Output/Debug/Obj/pwm_driver_pca10040/nrfx_pwm.o
 .text.nrf_gpio_port_out_clear
                0x00001ee0       0x14 Output/Debug/Obj/pwm_driver_pca10040/nrfx_pwm.o
 .text.nrf_gpio_pin_present_check
                0x00001ef4       0x40 Output/Debug/Obj/pwm_driver_pca10040/nrfx_pwm.o
 .text.configure_pins
                0x00001f34       0xd0 Output/Debug/Obj/pwm_driver_pca10040/nrfx_pwm.o
 .text.nrfx_pwm_init
                0x00002004      0x114 Output/Debug/Obj/pwm_driver_pca10040/nrfx_pwm.o
                0x00002004                nrfx_pwm_init
 .text.start_playback
                0x00002118       0xc0 Output/Debug/Obj/pwm_driver_pca10040/nrfx_pwm.o
 .text.nrfx_pwm_simple_playback
                0x000021d8      0x110 Output/Debug/Obj/pwm_driver_pca10040/nrfx_pwm.o
                0x000021d8                nrfx_pwm_simple_playback
 .text.irq_handler
                0x000022e8       0xe2 Output/Debug/Obj/pwm_driver_pca10040/nrfx_pwm.o
 *fill*         0x000023ca        0x2 
 .text.PWM0_IRQHandler
                0x000023cc       0x18 Output/Debug/Obj/pwm_driver_pca10040/nrfx_pwm.o
                0x000023cc                PWM0_IRQHandler
 .text.PWM1_IRQHandler
                0x000023e4       0x18 Output/Debug/Obj/pwm_driver_pca10040/nrfx_pwm.o
                0x000023e4                PWM1_IRQHandler
 .text.PWM2_IRQHandler
                0x000023fc       0x18 Output/Debug/Obj/pwm_driver_pca10040/nrfx_pwm.o
                0x000023fc                PWM2_IRQHandler
 .text.__NVIC_EnableIRQ
                0x00002414       0x34 Output/Debug/Obj/pwm_driver_pca10040/nrfx_uart.o
 .text.__NVIC_DisableIRQ
                0x00002448       0x44 Output/Debug/Obj/pwm_driver_pca10040/nrfx_uart.o
 .text.__NVIC_SetPriority
                0x0000248c       0x50 Output/Debug/Obj/pwm_driver_pca10040/nrfx_uart.o
 .text.nrfx_get_irq_number
                0x000024dc       0x10 Output/Debug/Obj/pwm_driver_pca10040/nrfx_uart.o
 .text._NRFX_IRQ_PRIORITY_SET
                0x000024ec       0x40 Output/Debug/Obj/pwm_driver_pca10040/nrfx_uart.o
 .text._NRFX_IRQ_ENABLE
                0x0000252c       0x1c Output/Debug/Obj/pwm_driver_pca10040/nrfx_uart.o
 .text._NRFX_IRQ_DISABLE
                0x00002548       0x1c Output/Debug/Obj/pwm_driver_pca10040/nrfx_uart.o
 .text.nrf_uart_event_clear
                0x00002564       0x2a Output/Debug/Obj/pwm_driver_pca10040/nrfx_uart.o
 .text.nrf_uart_event_check
                0x0000258e       0x24 Output/Debug/Obj/pwm_driver_pca10040/nrfx_uart.o
 .text.nrf_uart_int_enable
                0x000025b2       0x14 Output/Debug/Obj/pwm_driver_pca10040/nrfx_uart.o
 .text.nrf_uart_int_enable_check
                0x000025c6       0x20 Output/Debug/Obj/pwm_driver_pca10040/nrfx_uart.o
 .text.nrf_uart_int_disable
                0x000025e6       0x14 Output/Debug/Obj/pwm_driver_pca10040/nrfx_uart.o
 .text.nrf_uart_errorsrc_get_and_clear
                0x000025fa       0x1c Output/Debug/Obj/pwm_driver_pca10040/nrfx_uart.o
 .text.nrf_uart_enable
                0x00002616       0x12 Output/Debug/Obj/pwm_driver_pca10040/nrfx_uart.o
 .text.nrf_uart_disable
                0x00002628       0x12 Output/Debug/Obj/pwm_driver_pca10040/nrfx_uart.o
 .text.nrf_uart_txrx_pins_set
                0x0000263a       0x1e Output/Debug/Obj/pwm_driver_pca10040/nrfx_uart.o
 .text.nrf_uart_txrx_pins_disconnect
                0x00002658       0x1c Output/Debug/Obj/pwm_driver_pca10040/nrfx_uart.o
 .text.nrf_uart_tx_pin_get
                0x00002674       0x10 Output/Debug/Obj/pwm_driver_pca10040/nrfx_uart.o
 .text.nrf_uart_rx_pin_get
                0x00002684       0x10 Output/Debug/Obj/pwm_driver_pca10040/nrfx_uart.o
 .text.nrf_uart_rts_pin_get
                0x00002694       0x10 Output/Debug/Obj/pwm_driver_pca10040/nrfx_uart.o
 .text.nrf_uart_cts_pin_get
                0x000026a4       0x10 Output/Debug/Obj/pwm_driver_pca10040/nrfx_uart.o
 .text.nrf_uart_hwfc_pins_set
                0x000026b4       0x1e Output/Debug/Obj/pwm_driver_pca10040/nrfx_uart.o
 .text.nrf_uart_hwfc_pins_disconnect
                0x000026d2       0x1c Output/Debug/Obj/pwm_driver_pca10040/nrfx_uart.o
 .text.nrf_uart_rxd_get
                0x000026ee       0x12 Output/Debug/Obj/pwm_driver_pca10040/nrfx_uart.o
 .text.nrf_uart_txd_set
                0x00002700       0x1a Output/Debug/Obj/pwm_driver_pca10040/nrfx_uart.o
 .text.nrf_uart_task_trigger
                0x0000271a       0x1c Output/Debug/Obj/pwm_driver_pca10040/nrfx_uart.o
 .text.nrf_uart_configure
                0x00002736       0x2a Output/Debug/Obj/pwm_driver_pca10040/nrfx_uart.o
 .text.nrf_uart_baudrate_set
                0x00002760       0x14 Output/Debug/Obj/pwm_driver_pca10040/nrfx_uart.o
 .text.nrf_gpio_pin_port_decode
                0x00002774       0x30 Output/Debug/Obj/pwm_driver_pca10040/nrfx_uart.o
 .text.nrf_gpio_cfg
                0x000027a4       0x62 Output/Debug/Obj/pwm_driver_pca10040/nrfx_uart.o
 .text.nrf_gpio_cfg_output
                0x00002806       0x22 Output/Debug/Obj/pwm_driver_pca10040/nrfx_uart.o
 .text.nrf_gpio_cfg_input
                0x00002828       0x2a Output/Debug/Obj/pwm_driver_pca10040/nrfx_uart.o
 .text.nrf_gpio_cfg_default
                0x00002852       0x22 Output/Debug/Obj/pwm_driver_pca10040/nrfx_uart.o
 .text.nrf_gpio_pin_set
                0x00002874       0x28 Output/Debug/Obj/pwm_driver_pca10040/nrfx_uart.o
 .text.nrf_gpio_port_out_set
                0x0000289c       0x14 Output/Debug/Obj/pwm_driver_pca10040/nrfx_uart.o
 .text.nrf_gpio_pin_present_check
                0x000028b0       0x40 Output/Debug/Obj/pwm_driver_pca10040/nrfx_uart.o
 .text.apply_config
                0x000028f0       0xc6 Output/Debug/Obj/pwm_driver_pca10040/nrfx_uart.o
 *fill*         0x000029b6        0x2 
 .text.interrupts_enable
                0x000029b8       0x6c Output/Debug/Obj/pwm_driver_pca10040/nrfx_uart.o
 .text.interrupts_disable
                0x00002a24       0x30 Output/Debug/Obj/pwm_driver_pca10040/nrfx_uart.o
 .text.pins_to_default
                0x00002a54       0x8a Output/Debug/Obj/pwm_driver_pca10040/nrfx_uart.o
 *fill*         0x00002ade        0x2 
 .text.nrfx_uart_init
                0x00002ae0       0xd4 Output/Debug/Obj/pwm_driver_pca10040/nrfx_uart.o
                0x00002ae0                nrfx_uart_init
 .text.nrfx_uart_uninit
                0x00002bb4       0x5c Output/Debug/Obj/pwm_driver_pca10040/nrfx_uart.o
                0x00002bb4                nrfx_uart_uninit
 .text.tx_byte  0x00002c10       0x40 Output/Debug/Obj/pwm_driver_pca10040/nrfx_uart.o
 .text.tx_blocking
                0x00002c50       0x52 Output/Debug/Obj/pwm_driver_pca10040/nrfx_uart.o
 *fill*         0x00002ca2        0x2 
 .text.nrfx_uart_tx
                0x00002ca4      0x110 Output/Debug/Obj/pwm_driver_pca10040/nrfx_uart.o
                0x00002ca4                nrfx_uart_tx
 .text.nrfx_uart_tx_in_progress
                0x00002db4       0x2c Output/Debug/Obj/pwm_driver_pca10040/nrfx_uart.o
                0x00002db4                nrfx_uart_tx_in_progress
 .text.rx_byte  0x00002de0       0x4e Output/Debug/Obj/pwm_driver_pca10040/nrfx_uart.o
 .text.rx_done_event
                0x00002e2e       0x2e Output/Debug/Obj/pwm_driver_pca10040/nrfx_uart.o
 .text.tx_done_event
                0x00002e5c       0x34 Output/Debug/Obj/pwm_driver_pca10040/nrfx_uart.o
 .text.uart_irq_handler
                0x00002e90      0x1de Output/Debug/Obj/pwm_driver_pca10040/nrfx_uart.o
 *fill*         0x0000306e        0x2 
 .text.nrfx_uart_0_irq_handler
                0x00003070       0x18 Output/Debug/Obj/pwm_driver_pca10040/nrfx_uart.o
                0x00003070                nrfx_uart_0_irq_handler
 .text.__NVIC_EnableIRQ
                0x00003088       0x34 Output/Debug/Obj/pwm_driver_pca10040/nrfx_uarte.o
 .text.__NVIC_DisableIRQ
                0x000030bc       0x44 Output/Debug/Obj/pwm_driver_pca10040/nrfx_uarte.o
 .text.__NVIC_SetPriority
                0x00003100       0x50 Output/Debug/Obj/pwm_driver_pca10040/nrfx_uarte.o
 .text.nrfx_is_in_ram
                0x00003150       0x1c Output/Debug/Obj/pwm_driver_pca10040/nrfx_uarte.o
 .text.nrfx_get_irq_number
                0x0000316c       0x10 Output/Debug/Obj/pwm_driver_pca10040/nrfx_uarte.o
 .text._NRFX_IRQ_PRIORITY_SET
                0x0000317c       0x40 Output/Debug/Obj/pwm_driver_pca10040/nrfx_uarte.o
 .text._NRFX_IRQ_ENABLE
                0x000031bc       0x1c Output/Debug/Obj/pwm_driver_pca10040/nrfx_uarte.o
 .text._NRFX_IRQ_DISABLE
                0x000031d8       0x1c Output/Debug/Obj/pwm_driver_pca10040/nrfx_uarte.o
 .text.nrf_uarte_event_clear
                0x000031f4       0x2a Output/Debug/Obj/pwm_driver_pca10040/nrfx_uarte.o
 .text.nrf_uarte_event_check
                0x0000321e       0x24 Output/Debug/Obj/pwm_driver_pca10040/nrfx_uarte.o
 .text.nrf_uarte_shorts_disable
                0x00003242       0x1e Output/Debug/Obj/pwm_driver_pca10040/nrfx_uarte.o
 .text.nrf_uarte_int_enable
                0x00003260       0x14 Output/Debug/Obj/pwm_driver_pca10040/nrfx_uarte.o
 .text.nrf_uarte_int_disable
                0x00003274       0x14 Output/Debug/Obj/pwm_driver_pca10040/nrfx_uarte.o
 .text.nrf_uarte_errorsrc_get_and_clear
                0x00003288       0x1c Output/Debug/Obj/pwm_driver_pca10040/nrfx_uarte.o
 .text.nrf_uarte_enable
                0x000032a4       0x12 Output/Debug/Obj/pwm_driver_pca10040/nrfx_uarte.o
 .text.nrf_uarte_disable
                0x000032b6       0x12 Output/Debug/Obj/pwm_driver_pca10040/nrfx_uarte.o
 .text.nrf_uarte_txrx_pins_set
                0x000032c8       0x1e Output/Debug/Obj/pwm_driver_pca10040/nrfx_uarte.o
 .text.nrf_uarte_txrx_pins_disconnect
                0x000032e6       0x1c Output/Debug/Obj/pwm_driver_pca10040/nrfx_uarte.o
 .text.nrf_uarte_tx_pin_get
                0x00003302       0x10 Output/Debug/Obj/pwm_driver_pca10040/nrfx_uarte.o
 .text.nrf_uarte_rx_pin_get
                0x00003312       0x10 Output/Debug/Obj/pwm_driver_pca10040/nrfx_uarte.o
 .text.nrf_uarte_rts_pin_get
                0x00003322       0x10 Output/Debug/Obj/pwm_driver_pca10040/nrfx_uarte.o
 .text.nrf_uarte_cts_pin_get
                0x00003332       0x10 Output/Debug/Obj/pwm_driver_pca10040/nrfx_uarte.o
 .text.nrf_uarte_hwfc_pins_set
                0x00003342       0x1e Output/Debug/Obj/pwm_driver_pca10040/nrfx_uarte.o
 .text.nrf_uarte_hwfc_pins_disconnect
                0x00003360       0x1c Output/Debug/Obj/pwm_driver_pca10040/nrfx_uarte.o
 .text.nrf_uarte_task_trigger
                0x0000337c       0x1c Output/Debug/Obj/pwm_driver_pca10040/nrfx_uarte.o
 .text.nrf_uarte_configure
                0x00003398       0x2a Output/Debug/Obj/pwm_driver_pca10040/nrfx_uarte.o
 .text.nrf_uarte_baudrate_set
                0x000033c2       0x14 Output/Debug/Obj/pwm_driver_pca10040/nrfx_uarte.o
 .text.nrf_uarte_tx_buffer_set
                0x000033d6       0x1e Output/Debug/Obj/pwm_driver_pca10040/nrfx_uarte.o
 .text.nrf_uarte_tx_amount_get
                0x000033f4       0x10 Output/Debug/Obj/pwm_driver_pca10040/nrfx_uarte.o
 .text.nrf_uarte_rx_amount_get
                0x00003404       0x10 Output/Debug/Obj/pwm_driver_pca10040/nrfx_uarte.o
 .text.nrf_gpio_pin_port_decode
                0x00003414       0x30 Output/Debug/Obj/pwm_driver_pca10040/nrfx_uarte.o
 .text.nrf_gpio_cfg
                0x00003444       0x62 Output/Debug/Obj/pwm_driver_pca10040/nrfx_uarte.o
 .text.nrf_gpio_cfg_output
                0x000034a6       0x22 Output/Debug/Obj/pwm_driver_pca10040/nrfx_uarte.o
 .text.nrf_gpio_cfg_input
                0x000034c8       0x2a Output/Debug/Obj/pwm_driver_pca10040/nrfx_uarte.o
 .text.nrf_gpio_cfg_default
                0x000034f2       0x22 Output/Debug/Obj/pwm_driver_pca10040/nrfx_uarte.o
 .text.nrf_gpio_pin_set
                0x00003514       0x28 Output/Debug/Obj/pwm_driver_pca10040/nrfx_uarte.o
 .text.nrf_gpio_port_out_set
                0x0000353c       0x14 Output/Debug/Obj/pwm_driver_pca10040/nrfx_uarte.o
 .text.nrf_gpio_pin_present_check
                0x00003550       0x40 Output/Debug/Obj/pwm_driver_pca10040/nrfx_uarte.o
 .text.apply_config
                0x00003590       0xc6 Output/Debug/Obj/pwm_driver_pca10040/nrfx_uarte.o
 *fill*         0x00003656        0x2 
 .text.interrupts_enable
                0x00003658       0x98 Output/Debug/Obj/pwm_driver_pca10040/nrfx_uarte.o
 .text.interrupts_disable
                0x000036f0       0x30 Output/Debug/Obj/pwm_driver_pca10040/nrfx_uarte.o
 .text.pins_to_default
                0x00003720       0x8a Output/Debug/Obj/pwm_driver_pca10040/nrfx_uarte.o
 *fill*         0x000037aa        0x2 
 .text.nrfx_uarte_init
                0x000037ac       0xcc Output/Debug/Obj/pwm_driver_pca10040/nrfx_uarte.o
                0x000037ac                nrfx_uarte_init
 .text.nrfx_uarte_uninit
                0x00003878       0xc4 Output/Debug/Obj/pwm_driver_pca10040/nrfx_uarte.o
                0x00003878                nrfx_uarte_uninit
 .text.nrfx_uarte_tx
                0x0000393c      0x17c Output/Debug/Obj/pwm_driver_pca10040/nrfx_uarte.o
                0x0000393c                nrfx_uarte_tx
 .text.nrfx_uarte_tx_in_progress
                0x00003ab8       0x30 Output/Debug/Obj/pwm_driver_pca10040/nrfx_uarte.o
                0x00003ab8                nrfx_uarte_tx_in_progress
 .text.rx_done_event
                0x00003ae8       0x2e Output/Debug/Obj/pwm_driver_pca10040/nrfx_uarte.o
 .text.tx_done_event
                0x00003b16       0x34 Output/Debug/Obj/pwm_driver_pca10040/nrfx_uarte.o
 .text.uarte_irq_handler
                0x00003b4a      0x18c Output/Debug/Obj/pwm_driver_pca10040/nrfx_uarte.o
 *fill*         0x00003cd6        0x2 
 .text.nrfx_uarte_0_irq_handler
                0x00003cd8       0x18 Output/Debug/Obj/pwm_driver_pca10040/nrfx_uarte.o
                0x00003cd8                nrfx_uarte_0_irq_handler
 .text.app_error_save_and_stop
                0x00003cf0       0x98 Output/Debug/Obj/pwm_driver_pca10040/app_error.o
                0x00003cf0                app_error_save_and_stop
 .text.app_error_handler
                0x00003d88       0x1c Output/Debug/Obj/pwm_driver_pca10040/app_error_handler_gcc.o
                0x00003d88                app_error_handler
 .text.app_error_fault_handler
                0x00003da4      0x104 Output/Debug/Obj/pwm_driver_pca10040/app_error_weak.o
                0x00003da4                app_error_fault_handler
 .text.app_util_disable_irq
                0x00003ea8       0x18 Output/Debug/Obj/pwm_driver_pca10040/app_util_platform.o
                0x00003ea8                app_util_disable_irq
 .text.app_util_enable_irq
                0x00003ec0       0x20 Output/Debug/Obj/pwm_driver_pca10040/app_util_platform.o
                0x00003ec0                app_util_enable_irq
 .text.app_util_critical_region_enter
                0x00003ee0       0x28 Output/Debug/Obj/pwm_driver_pca10040/app_util_platform.o
                0x00003ee0                app_util_critical_region_enter
 .text.app_util_critical_region_exit
                0x00003f08       0x2c Output/Debug/Obj/pwm_driver_pca10040/app_util_platform.o
                0x00003f08                app_util_critical_region_exit
 .text.privilege_level_get
                0x00003f34       0x3a Output/Debug/Obj/pwm_driver_pca10040/app_util_platform.o
                0x00003f34                privilege_level_get
 *fill*         0x00003f6e        0x2 
 .text.RTC1_IRQHandler
                0x00003f70       0x1c Output/Debug/Obj/pwm_driver_pca10040/drv_rtc.o
                0x00003f70                RTC1_IRQHandler
 .text.assert_nrf_callback
                0x00003f8c       0x2c Output/Debug/Obj/pwm_driver_pca10040/nrf_assert.o
                0x00003f8c                assert_nrf_callback
 .text.nrf_atomic_u32_fetch_store
                0x00003fb8       0x2e Output/Debug/Obj/pwm_driver_pca10040/nrf_atomic.o
                0x00003fb8                nrf_atomic_u32_fetch_store
 .text.nrf_atomic_u32_or
                0x00003fe6       0x30 Output/Debug/Obj/pwm_driver_pca10040/nrf_atomic.o
                0x00003fe6                nrf_atomic_u32_or
 .text.nrf_atomic_u32_fetch_and
                0x00004016       0x30 Output/Debug/Obj/pwm_driver_pca10040/nrf_atomic.o
                0x00004016                nrf_atomic_u32_fetch_and
 .text.nrf_atomic_u32_add
                0x00004046       0x30 Output/Debug/Obj/pwm_driver_pca10040/nrf_atomic.o
                0x00004046                nrf_atomic_u32_add
 .text.nrf_atomic_u32_sub
                0x00004076       0x30 Output/Debug/Obj/pwm_driver_pca10040/nrf_atomic.o
                0x00004076                nrf_atomic_u32_sub
 .text.nrf_atomic_flag_set
                0x000040a6       0x18 Output/Debug/Obj/pwm_driver_pca10040/nrf_atomic.o
                0x000040a6                nrf_atomic_flag_set
 .text.nrf_atomic_flag_clear_fetch
                0x000040be       0x18 Output/Debug/Obj/pwm_driver_pca10040/nrf_atomic.o
                0x000040be                nrf_atomic_flag_clear_fetch
 *fill*         0x000040d6        0x2 
 .text.nrf_balloc_idx2block
                0x000040d8       0x38 Output/Debug/Obj/pwm_driver_pca10040/nrf_balloc.o
 .text.nrf_balloc_block2idx
                0x00004110       0x34 Output/Debug/Obj/pwm_driver_pca10040/nrf_balloc.o
 .text.nrf_balloc_init
                0x00004144       0xb8 Output/Debug/Obj/pwm_driver_pca10040/nrf_balloc.o
                0x00004144                nrf_balloc_init
 .text.nrf_balloc_alloc
                0x000041fc       0x84 Output/Debug/Obj/pwm_driver_pca10040/nrf_balloc.o
                0x000041fc                nrf_balloc_alloc
 .text.nrf_balloc_free
                0x00004280       0x58 Output/Debug/Obj/pwm_driver_pca10040/nrf_balloc.o
                0x00004280                nrf_balloc_free
 .text.nrf_fprintf_buffer_flush
                0x000042d8       0x44 Output/Debug/Obj/pwm_driver_pca10040/nrf_fprintf.o
                0x000042d8                nrf_fprintf_buffer_flush
 .text.nrf_fprintf
                0x0000431c       0x74 Output/Debug/Obj/pwm_driver_pca10040/nrf_fprintf.o
                0x0000431c                nrf_fprintf
 .text.buffer_add
                0x00004390       0x4c Output/Debug/Obj/pwm_driver_pca10040/nrf_fprintf_format.o
 .text.string_print
                0x000043dc       0xc2 Output/Debug/Obj/pwm_driver_pca10040/nrf_fprintf_format.o
 *fill*         0x0000449e        0x2 
 .text.unsigned_print
                0x000044a0      0x130 Output/Debug/Obj/pwm_driver_pca10040/nrf_fprintf_format.o
 .text.int_print
                0x000045d0      0x11c Output/Debug/Obj/pwm_driver_pca10040/nrf_fprintf_format.o
 .text.nrf_fprintf_fmt
                0x000046ec      0x388 Output/Debug/Obj/pwm_driver_pca10040/nrf_fprintf_format.o
                0x000046ec                nrf_fprintf_fmt
 .text.nrf_memobj_pool_init
                0x00004a74       0x16 Output/Debug/Obj/pwm_driver_pca10040/nrf_memobj.o
                0x00004a74                nrf_memobj_pool_init
 .text.nrf_memobj_alloc
                0x00004a8a       0xae Output/Debug/Obj/pwm_driver_pca10040/nrf_memobj.o
                0x00004a8a                nrf_memobj_alloc
 .text.nrf_memobj_free
                0x00004b38       0x74 Output/Debug/Obj/pwm_driver_pca10040/nrf_memobj.o
                0x00004b38                nrf_memobj_free
 .text.nrf_memobj_get
                0x00004bac       0x1e Output/Debug/Obj/pwm_driver_pca10040/nrf_memobj.o
                0x00004bac                nrf_memobj_get
 .text.nrf_memobj_put
                0x00004bca       0x34 Output/Debug/Obj/pwm_driver_pca10040/nrf_memobj.o
                0x00004bca                nrf_memobj_put
 *fill*         0x00004bfe        0x2 
 .text.memobj_op
                0x00004c00      0x124 Output/Debug/Obj/pwm_driver_pca10040/nrf_memobj.o
 .text.nrf_memobj_write
                0x00004d24       0x3c Output/Debug/Obj/pwm_driver_pca10040/nrf_memobj.o
                0x00004d24                nrf_memobj_write
 .text.nrf_memobj_read
                0x00004d60       0x40 Output/Debug/Obj/pwm_driver_pca10040/nrf_memobj.o
                0x00004d60                nrf_memobj_read
 .text.nrf_ringbuf_init
                0x00004da0       0x3a Output/Debug/Obj/pwm_driver_pca10040/nrf_ringbuf.o
                0x00004da0                nrf_ringbuf_init
 *fill*         0x00004dda        0x2 
 .text.nrf_strerror_get
                0x00004ddc       0x28 Output/Debug/Obj/pwm_driver_pca10040/nrf_strerror.o
                0x00004ddc                nrf_strerror_get
 .text.nrf_strerror_find
                0x00004e04       0x68 Output/Debug/Obj/pwm_driver_pca10040/nrf_strerror.o
                0x00004e04                nrf_strerror_find
 .text.nrf_log_backend_serial_put
                0x00004e6c      0x124 Output/Debug/Obj/pwm_driver_pca10040/nrf_log_backend_serial.o
                0x00004e6c                nrf_log_backend_serial_put
 .text.nrf_drv_uart_uninit
                0x00004f90       0x44 Output/Debug/Obj/pwm_driver_pca10040/nrf_log_backend_uart.o
 .text.nrf_drv_uart_tx
                0x00004fd4       0x64 Output/Debug/Obj/pwm_driver_pca10040/nrf_log_backend_uart.o
 .text.uart_evt_handler
                0x00005038       0x18 Output/Debug/Obj/pwm_driver_pca10040/nrf_log_backend_uart.o
 .text.uart_init
                0x00005050       0x88 Output/Debug/Obj/pwm_driver_pca10040/nrf_log_backend_uart.o
 .text.nrf_log_backend_uart_init
                0x000050d8       0x1c Output/Debug/Obj/pwm_driver_pca10040/nrf_log_backend_uart.o
                0x000050d8                nrf_log_backend_uart_init
 .text.serial_tx
                0x000050f4       0x6c Output/Debug/Obj/pwm_driver_pca10040/nrf_log_backend_uart.o
 .text.nrf_log_backend_uart_put
                0x00005160       0x28 Output/Debug/Obj/pwm_driver_pca10040/nrf_log_backend_uart.o
 .text.nrf_log_backend_uart_flush
                0x00005188        0xa Output/Debug/Obj/pwm_driver_pca10040/nrf_log_backend_uart.o
 *fill*         0x00005192        0x2 
 .text.nrf_log_backend_uart_panic_set
                0x00005194       0x20 Output/Debug/Obj/pwm_driver_pca10040/nrf_log_backend_uart.o
 .text.nrf_log_backend_enable
                0x000051b4       0x12 Output/Debug/Obj/pwm_driver_pca10040/nrf_log_default_backends.o
 *fill*         0x000051c6        0x2 
 .text.nrf_log_default_backends_init
                0x000051c8       0x3c Output/Debug/Obj/pwm_driver_pca10040/nrf_log_default_backends.o
                0x000051c8                nrf_log_default_backends_init
 .text.nrf_log_backend_put
                0x00005204       0x1c Output/Debug/Obj/pwm_driver_pca10040/nrf_log_frontend.o
 .text.nrf_log_backend_panic_set
                0x00005220       0x18 Output/Debug/Obj/pwm_driver_pca10040/nrf_log_frontend.o
 .text.nrf_log_backend_flush
                0x00005238       0x18 Output/Debug/Obj/pwm_driver_pca10040/nrf_log_frontend.o
 .text.nrf_log_backend_id_set
                0x00005250       0x1a Output/Debug/Obj/pwm_driver_pca10040/nrf_log_frontend.o
 .text.nrf_log_backend_id_get
                0x0000526a       0x10 Output/Debug/Obj/pwm_driver_pca10040/nrf_log_frontend.o
 .text.nrf_log_backend_enable
                0x0000527a       0x12 Output/Debug/Obj/pwm_driver_pca10040/nrf_log_frontend.o
 .text.nrf_log_backend_is_enabled
                0x0000528c       0x10 Output/Debug/Obj/pwm_driver_pca10040/nrf_log_frontend.o
 .text.nrf_log_init
                0x0000529c       0x50 Output/Debug/Obj/pwm_driver_pca10040/nrf_log_frontend.o
                0x0000529c                nrf_log_init
 .text.nrf_log_module_cnt_get
                0x000052ec       0x14 Output/Debug/Obj/pwm_driver_pca10040/nrf_log_frontend.o
                0x000052ec                nrf_log_module_cnt_get
 .text.module_idx_get
                0x00005300       0x64 Output/Debug/Obj/pwm_driver_pca10040/nrf_log_frontend.o
 .text.nrf_log_module_name_get
                0x00005364       0x40 Output/Debug/Obj/pwm_driver_pca10040/nrf_log_frontend.o
                0x00005364                nrf_log_module_name_get
 .text.nrf_log_color_id_get
                0x000053a4       0x70 Output/Debug/Obj/pwm_driver_pca10040/nrf_log_frontend.o
                0x000053a4                nrf_log_color_id_get
 .text.invalid_packets_omit
                0x00005414       0x6e Output/Debug/Obj/pwm_driver_pca10040/nrf_log_frontend.o
 *fill*         0x00005482        0x2 
 .text.log_skip
                0x00005484      0x118 Output/Debug/Obj/pwm_driver_pca10040/nrf_log_frontend.o
 .text.dropped_sat16_get
                0x0000559c       0x28 Output/Debug/Obj/pwm_driver_pca10040/nrf_log_frontend.o
 .text.std_header_set
                0x000055c4       0xb4 Output/Debug/Obj/pwm_driver_pca10040/nrf_log_frontend.o
 .text.log_pending_hook
                0x00005678        0x4 Output/Debug/Obj/pwm_driver_pca10040/nrf_log_frontend.o
                0x00005678                log_pending_hook
 .text.buf_prealloc
                0x0000567c      0x128 Output/Debug/Obj/pwm_driver_pca10040/nrf_log_frontend.o
 .text.std_n    0x000057a4       0x94 Output/Debug/Obj/pwm_driver_pca10040/nrf_log_frontend.o
 .text.nrf_log_frontend_std_0
                0x00005838       0x1c Output/Debug/Obj/pwm_driver_pca10040/nrf_log_frontend.o
                0x00005838                nrf_log_frontend_std_0
 .text.nrf_log_frontend_std_1
                0x00005854       0x22 Output/Debug/Obj/pwm_driver_pca10040/nrf_log_frontend.o
                0x00005854                nrf_log_frontend_std_1
 .text.nrf_log_frontend_std_2
                0x00005876       0x28 Output/Debug/Obj/pwm_driver_pca10040/nrf_log_frontend.o
                0x00005876                nrf_log_frontend_std_2
 .text.nrf_log_frontend_std_5
                0x0000589e       0x34 Output/Debug/Obj/pwm_driver_pca10040/nrf_log_frontend.o
                0x0000589e                nrf_log_frontend_std_5
 *fill*         0x000058d2        0x2 
 .text.buffer_is_empty
                0x000058d4       0x1c Output/Debug/Obj/pwm_driver_pca10040/nrf_log_frontend.o
                0x000058d4                buffer_is_empty
 .text.nrf_log_frontend_dequeue
                0x000058f0      0x3a0 Output/Debug/Obj/pwm_driver_pca10040/nrf_log_frontend.o
                0x000058f0                nrf_log_frontend_dequeue
 .text.backend_id_assign
                0x00005c90       0x68 Output/Debug/Obj/pwm_driver_pca10040/nrf_log_frontend.o
 .text.nrf_log_backend_add
                0x00005cf8       0x70 Output/Debug/Obj/pwm_driver_pca10040/nrf_log_frontend.o
                0x00005cf8                nrf_log_backend_add
 .text.nrf_log_panic
                0x00005d68       0x3c Output/Debug/Obj/pwm_driver_pca10040/nrf_log_frontend.o
                0x00005d68                nrf_log_panic
 .text.timestamp_print
                0x00005da4        0xc Output/Debug/Obj/pwm_driver_pca10040/nrf_log_str_formatter.o
 .text.prefix_process
                0x00005db0       0xb0 Output/Debug/Obj/pwm_driver_pca10040/nrf_log_str_formatter.o
 .text.postfix_process
                0x00005e60       0x60 Output/Debug/Obj/pwm_driver_pca10040/nrf_log_str_formatter.o
 .text.nrf_log_std_entry_process
                0x00005ec0      0x144 Output/Debug/Obj/pwm_driver_pca10040/nrf_log_str_formatter.o
                0x00005ec0                nrf_log_std_entry_process
 .text.nrf_log_hexdump_entry_process
                0x00006004       0xf0 Output/Debug/Obj/pwm_driver_pca10040/nrf_log_str_formatter.o
                0x00006004                nrf_log_hexdump_entry_process
 .text.libc.__SEGGER_RTL_init_heap
                0x000060f4       0x18 C:/Program Files/SEGGER/SEGGER Embedded Studio 8.22a/lib/heapops_basic_v7em_fpv4_sp_d16_hard_t_le_eabi_balanced.a(heapops_basic.o)
                0x000060f4                __SEGGER_RTL_init_heap
 .text.libc.strlen
                0x0000610c       0x2c C:/Program Files/SEGGER/SEGGER Embedded Studio 8.22a/lib/strops_unaligned_v7em_fpv4_sp_d16_hard_t_le_eabi_balanced.a(strops.o)
                0x0000610c                strlen
 .text.libc.memcpy
                0x00006138       0x5c C:/Program Files/SEGGER/SEGGER Embedded Studio 8.22a/lib/strops_unaligned_v7em_fpv4_sp_d16_hard_t_le_eabi_balanced.a(strasmops_arm.o)
                0x00006138                __aeabi_memcpy
                0x00006138                memcpy
                0x00006156                __aeabi_memcpy8
                0x00006156                __aeabi_memcpy4
 .text.libc.__SEGGER_RTL_ascii_mbtowc
                0x00006194       0x34 C:/Program Files/SEGGER/SEGGER Embedded Studio 8.22a/lib/mbops_timeops_v7em_fpv4_sp_d16_hard_t_le_eabi_balanced.a(mbops.o)
                0x00006194                __SEGGER_RTL_ascii_mbtowc
 .text.libc.__SEGGER_RTL_ascii_wctomb
                0x000061c8        0xe C:/Program Files/SEGGER/SEGGER Embedded Studio 8.22a/lib/mbops_timeops_v7em_fpv4_sp_d16_hard_t_le_eabi_balanced.a(mbops.o)
                0x000061c8                __SEGGER_RTL_ascii_wctomb
 .text.libc.isprint
                0x000061d6       0x20 C:/Program Files/SEGGER/SEGGER Embedded Studio 8.22a/lib/mbops_timeops_v7em_fpv4_sp_d16_hard_t_le_eabi_balanced.a(mbops.o)
                0x000061d6                isprint
 .text.libc.__SEGGER_RTL_ascii_isctype
                0x000061f6       0x20 C:/Program Files/SEGGER/SEGGER Embedded Studio 8.22a/lib/mbops_timeops_v7em_fpv4_sp_d16_hard_t_le_eabi_balanced.a(mbops.o)
 .text.libc.__SEGGER_RTL_ascii_toupper
                0x00006216        0xc C:/Program Files/SEGGER/SEGGER Embedded Studio 8.22a/lib/mbops_timeops_v7em_fpv4_sp_d16_hard_t_le_eabi_balanced.a(mbops.o)
 .text.libc.__SEGGER_RTL_ascii_tolower
                0x00006222        0xe C:/Program Files/SEGGER/SEGGER Embedded Studio 8.22a/lib/mbops_timeops_v7em_fpv4_sp_d16_hard_t_le_eabi_balanced.a(mbops.o)
 .text.libc.__SEGGER_RTL_ascii_iswctype
                0x00006230       0x20 C:/Program Files/SEGGER/SEGGER Embedded Studio 8.22a/lib/mbops_timeops_v7em_fpv4_sp_d16_hard_t_le_eabi_balanced.a(mbops.o)
 .text.libc.__SEGGER_RTL_ascii_towupper
                0x00006250        0xc C:/Program Files/SEGGER/SEGGER Embedded Studio 8.22a/lib/mbops_timeops_v7em_fpv4_sp_d16_hard_t_le_eabi_balanced.a(mbops.o)
 .text.libc.__SEGGER_RTL_ascii_towlower
                0x0000625c        0xe C:/Program Files/SEGGER/SEGGER Embedded Studio 8.22a/lib/mbops_timeops_v7em_fpv4_sp_d16_hard_t_le_eabi_balanced.a(mbops.o)
                0x0000626a                        __text_end__ = (__text_start__ + SIZEOF (.text))
                0x00005e86                        __text_size__ = SIZEOF (.text)
                0x0000626a                        __text_load_end__ = __text_end__

.vfp11_veneer   0x00000000        0x0
 .vfp11_veneer  0x00000000        0x0 linker stubs

.v4_bx          0x00000000        0x0
 .v4_bx         0x00000000        0x0 linker stubs

.iplt           0x00000000        0x0
 .iplt          0x00000000        0x0 Output/Debug/Obj/pwm_driver_pca10040/main.o
                0x00000001                        . = ASSERT (((__text_start__ == __text_end__) || ((__text_end__ - __FLASH1_segment_start__) <= __FLASH1_segment_size__)), error: .text is too large to fit in FLASH1 memory segment)
                0x0000626c                        __log_const_data_load_start__ = ALIGN (__text_end__, 0x4)

.log_const_data
                0x0000626c       0x58
                0x0000626c                        __log_const_data_start__ = .
                0x0000626c                        __start_log_const_data = __log_const_data_start__
 *(SORT_BY_NAME(.log_const_data*))
 .log_const_data_CLOCK
                0x0000626c        0x8 Output/Debug/Obj/pwm_driver_pca10040/nrfx_clock.o
                0x0000626c                m_nrf_log_CLOCK_logs_data_const
 .log_const_data_GPIOTE
                0x00006274        0x8 Output/Debug/Obj/pwm_driver_pca10040/nrfx_gpiote.o
                0x00006274                m_nrf_log_GPIOTE_logs_data_const
 .log_const_data_PRS
                0x0000627c        0x8 Output/Debug/Obj/pwm_driver_pca10040/nrfx_prs.o
                0x0000627c                m_nrf_log_PRS_logs_data_const
 .log_const_data_PWM
                0x00006284        0x8 Output/Debug/Obj/pwm_driver_pca10040/nrfx_pwm.o
                0x00006284                m_nrf_log_PWM_logs_data_const
 .log_const_data_UART
                0x0000628c        0x8 Output/Debug/Obj/pwm_driver_pca10040/nrfx_uart.o
                0x0000628c                m_nrf_log_UART_logs_data_const
 .log_const_data_UARTE
                0x00006294        0x8 Output/Debug/Obj/pwm_driver_pca10040/nrfx_uarte.o
                0x00006294                m_nrf_log_UARTE_logs_data_const
 .log_const_data_app
                0x0000629c        0x8 Output/Debug/Obj/pwm_driver_pca10040/nrf_log_frontend.o
                0x0000629c                m_nrf_log_app_logs_data_const
 .log_const_data_app_button
                0x000062a4        0x8 Output/Debug/Obj/pwm_driver_pca10040/app_button.o
                0x000062a4                m_nrf_log_app_button_logs_data_const
 .log_const_data_app_timer
                0x000062ac        0x8 Output/Debug/Obj/pwm_driver_pca10040/app_timer2.o
                0x000062ac                m_nrf_log_app_timer_logs_data_const
 .log_const_data_clock
                0x000062b4        0x8 Output/Debug/Obj/pwm_driver_pca10040/nrf_drv_clock.o
                0x000062b4                m_nrf_log_clock_logs_data_const
 .log_const_data_sortlist
                0x000062bc        0x8 Output/Debug/Obj/pwm_driver_pca10040/nrf_sortlist.o
                0x000062bc                m_nrf_log_sortlist_logs_data_const
                0x000062c4                        __log_const_data_end__ = (__log_const_data_start__ + SIZEOF (.log_const_data))
                0x00000058                        __log_const_data_size__ = SIZEOF (.log_const_data)
                0x000062c4                        __stop_log_const_data = __log_const_data_end__
                0x000062c4                        __log_const_data_load_end__ = __log_const_data_end__
                0x00000001                        . = ASSERT (((__log_const_data_start__ == __log_const_data_end__) || ((__log_const_data_end__ - __FLASH1_segment_start__) <= __FLASH1_segment_size__)), error: .log_const_data is too large to fit in FLASH1 memory segment)
                0x000062c4                        __log_backends_load_start__ = ALIGN (__log_const_data_end__, 0x4)

.log_backends   0x000062c4       0x10
                0x000062c4                        __log_backends_start__ = .
                0x000062c4                        __start_log_backends = __log_backends_start__
 *(SORT_BY_NAME(.log_backends*))
 .log_backends  0x000062c4       0x10 Output/Debug/Obj/pwm_driver_pca10040/nrf_log_default_backends.o
                0x000062d4                        __log_backends_end__ = (__log_backends_start__ + SIZEOF (.log_backends))
                0x00000010                        __log_backends_size__ = SIZEOF (.log_backends)
                0x000062d4                        __stop_log_backends = __log_backends_end__
                0x000062d4                        __log_backends_load_end__ = __log_backends_end__
                0x00000001                        . = ASSERT (((__log_backends_start__ == __log_backends_end__) || ((__log_backends_end__ - __FLASH1_segment_start__) <= __FLASH1_segment_size__)), error: .log_backends is too large to fit in FLASH1 memory segment)
                0x000062d4                        __nrf_balloc_load_start__ = ALIGN (__log_backends_end__, 0x4)

.nrf_balloc     0x000062d4       0x14
                0x000062d4                        __nrf_balloc_start__ = .
                0x000062d4                        __start_nrf_balloc = __nrf_balloc_start__
 *(.nrf_balloc*)
 .nrf_balloc    0x000062d4       0x14 Output/Debug/Obj/pwm_driver_pca10040/nrf_log_frontend.o
                0x000062d4                log_mempool
                0x000062e8                        __nrf_balloc_end__ = (__nrf_balloc_start__ + SIZEOF (.nrf_balloc))
                0x00000014                        __nrf_balloc_size__ = SIZEOF (.nrf_balloc)
                0x000062e8                        __stop_nrf_balloc = __nrf_balloc_end__
                0x000062e8                        __nrf_balloc_load_end__ = __nrf_balloc_end__
                0x00000001                        . = ASSERT (((__nrf_balloc_start__ == __nrf_balloc_end__) || ((__nrf_balloc_end__ - __FLASH1_segment_start__) <= __FLASH1_segment_size__)), error: .nrf_balloc is too large to fit in FLASH1 memory segment)
                0x000062e8                        __nrf_sections_load_start__ = ALIGN (__nrf_balloc_end__, 0x4)

.nrf_sections   0x000062e8        0x0
                0x000062e8                        __nrf_sections_start__ = .
                0x000062e8                        __start_nrf_sections = __nrf_sections_start__
 *(.nrf_sections .nrf_sections.*)
                0x000062e8                        __nrf_sections_end__ = (__nrf_sections_start__ + SIZEOF (.nrf_sections))
                0x00000000                        __nrf_sections_size__ = SIZEOF (.nrf_sections)
                0x000062e8                        __nrf_sections_load_end__ = __nrf_sections_end__
                0x00000001                        . = ASSERT (((__nrf_sections_start__ == __nrf_sections_end__) || ((__nrf_sections_end__ - __FLASH1_segment_start__) <= __FLASH1_segment_size__)), error: .nrf_sections is too large to fit in FLASH1 memory segment)
                0x000062e8                        __log_dynamic_data_load_start__ = ALIGN (__nrf_sections_end__, 0x4)

.log_dynamic_data
                0x20000000        0x0 load address 0x000062e8
                0x20000000                        __log_dynamic_data_start__ = .
 *(SORT_BY_NAME(.log_dynamic_data*))
                0x20000000                        __log_dynamic_data_end__ = (__log_dynamic_data_start__ + SIZEOF (.log_dynamic_data))
                0x00000000                        __log_dynamic_data_size__ = SIZEOF (.log_dynamic_data)
                0x000062e8                        __log_dynamic_data_load_end__ = (__log_dynamic_data_load_start__ + SIZEOF (.log_dynamic_data))
                0x00000001                        . = ASSERT (((__log_dynamic_data_load_start__ == __log_dynamic_data_load_end__) || ((__log_dynamic_data_load_end__ - __FLASH1_segment_start__) <= __FLASH1_segment_size__)), error: .log_dynamic_data is too large to fit in FLASH1 memory segment)

.log_dynamic_data_run
                0x20000000        0x0
                0x20000000                        __log_dynamic_data_run_start__ = .
                0x20000000                        __start_log_dynamic_data = __log_dynamic_data_run_start__
                0x20000000                        __log_dynamic_data_run_end__ = (__log_dynamic_data_run_start__ + SIZEOF (.log_dynamic_data))
                0x00000000                        __log_dynamic_data_run_size__ = (__log_dynamic_data_run_end__ - __log_dynamic_data_run_start__)
                0x20000000                        __stop_log_dynamic_data = __log_dynamic_data_run_end__
                0x20000000                        __log_dynamic_data_run_load_end__ = __log_dynamic_data_run_end__
                0x00000001                        . = ASSERT (((__log_dynamic_data_run_start__ == __log_dynamic_data_run_end__) || ((__log_dynamic_data_run_end__ - __RAM1_segment_start__) <= __RAM1_segment_size__)), error: .log_dynamic_data_run is too large to fit in RAM1 memory segment)
                0x000062e8                        __log_filter_data_load_start__ = ALIGN ((__log_dynamic_data_load_start__ + SIZEOF (.log_dynamic_data)), 0x4)

.log_filter_data
                0x20000000        0x0 load address 0x000062e8
                0x20000000                        __log_filter_data_start__ = .
 *(SORT_BY_NAME(.log_filter_data*))
                0x20000000                        __log_filter_data_end__ = (__log_filter_data_start__ + SIZEOF (.log_filter_data))
                0x00000000                        __log_filter_data_size__ = SIZEOF (.log_filter_data)
                0x000062e8                        __log_filter_data_load_end__ = (__log_filter_data_load_start__ + SIZEOF (.log_filter_data))
                0x00000001                        . = ASSERT (((__log_filter_data_load_start__ == __log_filter_data_load_end__) || ((__log_filter_data_load_end__ - __FLASH1_segment_start__) <= __FLASH1_segment_size__)), error: .log_filter_data is too large to fit in FLASH1 memory segment)

.log_filter_data_run
                0x20000000        0x0
                0x20000000                        __log_filter_data_run_start__ = .
                0x20000000                        __start_log_filter_data = __log_filter_data_run_start__
                0x20000000                        __log_filter_data_run_end__ = (__log_filter_data_run_start__ + SIZEOF (.log_filter_data))
                0x00000000                        __log_filter_data_run_size__ = (__log_filter_data_run_end__ - __log_filter_data_run_start__)
                0x20000000                        __stop_log_filter_data = __log_filter_data_run_end__
                0x20000000                        __log_filter_data_run_load_end__ = __log_filter_data_run_end__
                0x00000001                        . = ASSERT (((__log_filter_data_run_start__ == __log_filter_data_run_end__) || ((__log_filter_data_run_end__ - __RAM1_segment_start__) <= __RAM1_segment_size__)), error: .log_filter_data_run is too large to fit in RAM1 memory segment)
                0x20000000                        __nrf_sections_run_end_load_start__ = ALIGN (__log_filter_data_run_end__, 0x4)

.nrf_sections_run_end
                0x20000000        0x0
                0x20000000                        __nrf_sections_run_end_start__ = .
                0x20000000                        __end_nrf_sections_run = __nrf_sections_run_end_start__
 *(.nrf_sections_run_end .nrf_sections_run_end.*)
                0x20000000                        __nrf_sections_run_end_end__ = (__nrf_sections_run_end_start__ + SIZEOF (.nrf_sections_run_end))
                0x00000000                        __nrf_sections_run_end_size__ = SIZEOF (.nrf_sections_run_end)
                0x20000000                        __nrf_sections_run_end_load_end__ = __nrf_sections_run_end_end__
                0x00000001                        . = ASSERT (((__nrf_sections_run_end_start__ == __nrf_sections_run_end_end__) || ((__nrf_sections_run_end_end__ - __RAM1_segment_start__) <= __RAM1_segment_size__)), error: .nrf_sections_run_end is too large to fit in RAM1 memory segment)
                0x000062e8                        __dtors_load_start__ = ALIGN ((__log_filter_data_load_start__ + SIZEOF (.log_filter_data)), 0x4)

.dtors          0x000062e8        0x0
                0x000062e8                        __dtors_start__ = .
 *(SORT_BY_NAME(.dtors.*))
 *(.dtors)
 *(.fini_array)
 *(SORT_BY_NAME(.fini_array.*))
                0x000062e8                        __dtors_end__ = (__dtors_start__ + SIZEOF (.dtors))
                0x00000000                        __dtors_size__ = SIZEOF (.dtors)
                0x000062e8                        __dtors_load_end__ = __dtors_end__
                0x00000001                        . = ASSERT (((__dtors_start__ == __dtors_end__) || ((__dtors_end__ - __FLASH1_segment_start__) <= __FLASH1_segment_size__)), error: .dtors is too large to fit in FLASH1 memory segment)
                0x000062e8                        __ctors_load_start__ = ALIGN (__dtors_end__, 0x4)

.ctors          0x000062e8        0x0
                0x000062e8                        __ctors_start__ = .
 *(SORT_BY_NAME(.ctors.*))
 *(.ctors)
 *(.init_array)
 *(SORT_BY_NAME(.init_array.*))
                0x000062e8                        __ctors_end__ = (__ctors_start__ + SIZEOF (.ctors))
                0x00000000                        __ctors_size__ = SIZEOF (.ctors)
                0x000062e8                        __ctors_load_end__ = __ctors_end__
                0x00000001                        . = ASSERT (((__ctors_start__ == __ctors_end__) || ((__ctors_end__ - __FLASH1_segment_start__) <= __FLASH1_segment_size__)), error: .ctors is too large to fit in FLASH1 memory segment)
                0x000062e8                        __rodata_load_start__ = ALIGN (__ctors_end__, 0x4)

.rodata         0x000062e8     0x101d
                0x000062e8                        __rodata_start__ = .
 *(.rodata .rodata.* .gnu.linkonce.r.* .data.rel.ro .data.rel.ro.*)
 .rodata.seq0   0x000062e8       0x10 Output/Debug/Obj/pwm_driver_pca10040/main.o
                0x000062e8                seq0
 .rodata        0x000062f8       0x69 Output/Debug/Obj/pwm_driver_pca10040/main.o
 *fill*         0x00006361        0xf 
 .rodata.delay_machine_code.0
                0x00006370        0x6 Output/Debug/Obj/pwm_driver_pca10040/main.o
 *fill*         0x00006376        0x2 
 .rodata        0x00006378       0x5d Output/Debug/Obj/pwm_driver_pca10040/boards.o
 *fill*         0x000063d5        0x3 
 .rodata.m_board_led_list
                0x000063d8        0x4 Output/Debug/Obj/pwm_driver_pca10040/boards.o
 .rodata.m_board_btn_list
                0x000063dc        0x4 Output/Debug/Obj/pwm_driver_pca10040/boards.o
 .rodata        0x000063e0       0x42 Output/Debug/Obj/pwm_driver_pca10040/nrf_drv_clock.o
 *fill*         0x00006422        0x2 
 .rodata        0x00006424       0x70 Output/Debug/Obj/pwm_driver_pca10040/nrfx_clock.o
 .rodata        0x00006494       0xa1 Output/Debug/Obj/pwm_driver_pca10040/nrfx_gpiote.o
 *fill*         0x00006535        0x3 
 .rodata        0x00006538       0x3e Output/Debug/Obj/pwm_driver_pca10040/nrfx_prs.o
 *fill*         0x00006576        0x2 
 .rodata        0x00006578       0xca Output/Debug/Obj/pwm_driver_pca10040/nrfx_pwm.o
 *fill*         0x00006642        0x2 
 .rodata        0x00006644       0x9f Output/Debug/Obj/pwm_driver_pca10040/nrfx_uart.o
 *fill*         0x000066e3        0x1 
 .rodata.irq_handlers.0
                0x000066e4        0x4 Output/Debug/Obj/pwm_driver_pca10040/nrfx_uart.o
 .rodata        0x000066e8       0xa0 Output/Debug/Obj/pwm_driver_pca10040/nrfx_uarte.o
 .rodata.irq_handlers.0
                0x00006788        0x4 Output/Debug/Obj/pwm_driver_pca10040/nrfx_uarte.o
 .rodata        0x0000678c       0x47 Output/Debug/Obj/pwm_driver_pca10040/app_button.o
 *fill*         0x000067d3        0x1 
 .rodata        0x000067d4       0x70 Output/Debug/Obj/pwm_driver_pca10040/app_error_weak.o
 .rodata        0x00006844       0x4c Output/Debug/Obj/pwm_driver_pca10040/app_timer2.o
 .rodata        0x00006890       0x40 Output/Debug/Obj/pwm_driver_pca10040/app_util_platform.o
 .rodata        0x000068d0       0x3b Output/Debug/Obj/pwm_driver_pca10040/nrf_balloc.o
 *fill*         0x0000690b        0x1 
 .rodata        0x0000690c       0x31 Output/Debug/Obj/pwm_driver_pca10040/nrf_fprintf.o
 *fill*         0x0000693d        0x3 
 .rodata        0x00006940       0x38 Output/Debug/Obj/pwm_driver_pca10040/nrf_fprintf_format.o
 .rodata._aV2C.0
                0x00006978       0x10 Output/Debug/Obj/pwm_driver_pca10040/nrf_fprintf_format.o
 .rodata        0x00006988       0x3b Output/Debug/Obj/pwm_driver_pca10040/nrf_memobj.o
 *fill*         0x000069c3        0x1 
 .rodata        0x000069c4       0x4b Output/Debug/Obj/pwm_driver_pca10040/nrf_sortlist.o
 *fill*         0x00006a0f        0x1 
 .rodata.m_unknown_str
                0x00006a10       0x13 Output/Debug/Obj/pwm_driver_pca10040/nrf_strerror.o
 *fill*         0x00006a23        0x1 
 .rodata        0x00006a24      0x3bd Output/Debug/Obj/pwm_driver_pca10040/nrf_strerror.o
 *fill*         0x00006de1        0x3 
 .rodata.nrf_strerror_array
                0x00006de4      0x118 Output/Debug/Obj/pwm_driver_pca10040/nrf_strerror.o
 .rodata        0x00006efc       0x68 Output/Debug/Obj/pwm_driver_pca10040/nrf_log_backend_uart.o
 .rodata.nrf_log_backend_uart_api
                0x00006f64        0xc Output/Debug/Obj/pwm_driver_pca10040/nrf_log_backend_uart.o
                0x00006f64                nrf_log_backend_uart_api
 .rodata        0x00006f70       0x5e Output/Debug/Obj/pwm_driver_pca10040/nrf_log_default_backends.o
 *fill*         0x00006fce        0x2 
 .rodata.m_log_push_ringbuf
                0x00006fd0        0xc Output/Debug/Obj/pwm_driver_pca10040/nrf_log_frontend.o
 .rodata        0x00006fdc       0x59 Output/Debug/Obj/pwm_driver_pca10040/nrf_log_frontend.o
 *fill*         0x00007035        0x3 
 .rodata        0x00007038       0xaa Output/Debug/Obj/pwm_driver_pca10040/nrf_log_str_formatter.o
 *fill*         0x000070e2        0x2 
 .rodata.libc.__SEGGER_RTL_c_locale
                0x000070e4        0xc C:/Program Files/SEGGER/SEGGER Embedded Studio 8.22a/lib/mbops_timeops_v7em_fpv4_sp_d16_hard_t_le_eabi_balanced.a(mbops.o)
                0x000070e4                __SEGGER_RTL_c_locale
 .rodata.libc.__SEGGER_RTL_c_locale_day_names
                0x000070f0       0x3a C:/Program Files/SEGGER/SEGGER Embedded Studio 8.22a/lib/mbops_timeops_v7em_fpv4_sp_d16_hard_t_le_eabi_balanced.a(mbops.o)
                0x000070f0                __SEGGER_RTL_c_locale_day_names
 .rodata.libc.__SEGGER_RTL_c_locale_month_names
                0x0000712a       0x57 C:/Program Files/SEGGER/SEGGER Embedded Studio 8.22a/lib/mbops_timeops_v7em_fpv4_sp_d16_hard_t_le_eabi_balanced.a(mbops.o)
                0x0000712a                __SEGGER_RTL_c_locale_month_names
 .rodata.libc.__SEGGER_RTL_c_locale_am_pm_indicator
                0x00007181        0x7 C:/Program Files/SEGGER/SEGGER Embedded Studio 8.22a/lib/mbops_timeops_v7em_fpv4_sp_d16_hard_t_le_eabi_balanced.a(mbops.o)
                0x00007181                __SEGGER_RTL_c_locale_am_pm_indicator
 .rodata.libc.__SEGGER_RTL_c_locale_date_format
                0x00007188        0x9 C:/Program Files/SEGGER/SEGGER Embedded Studio 8.22a/lib/mbops_timeops_v7em_fpv4_sp_d16_hard_t_le_eabi_balanced.a(mbops.o)
                0x00007188                __SEGGER_RTL_c_locale_date_format
 .rodata.libc.__SEGGER_RTL_c_locale_time_format
                0x00007191        0x9 C:/Program Files/SEGGER/SEGGER Embedded Studio 8.22a/lib/mbops_timeops_v7em_fpv4_sp_d16_hard_t_le_eabi_balanced.a(mbops.o)
                0x00007191                __SEGGER_RTL_c_locale_time_format
 .rodata.libc.__SEGGER_RTL_c_locale_date_time_format
                0x0000719a        0xf C:/Program Files/SEGGER/SEGGER Embedded Studio 8.22a/lib/mbops_timeops_v7em_fpv4_sp_d16_hard_t_le_eabi_balanced.a(mbops.o)
                0x0000719a                __SEGGER_RTL_c_locale_date_time_format
 .rodata.libc..L.str
                0x000071a9        0x2 C:/Program Files/SEGGER/SEGGER Embedded Studio 8.22a/lib/mbops_timeops_v7em_fpv4_sp_d16_hard_t_le_eabi_balanced.a(mbops.o)
 *fill*         0x000071ab        0x1 
 .rodata.libc.__SEGGER_RTL_codeset_ascii
                0x000071ac       0x20 C:/Program Files/SEGGER/SEGGER Embedded Studio 8.22a/lib/mbops_timeops_v7em_fpv4_sp_d16_hard_t_le_eabi_balanced.a(mbops.o)
                0x000071ac                __SEGGER_RTL_codeset_ascii
 .rodata.libc.__SEGGER_RTL_c_locale_abbrev_day_names
                0x000071cc       0x1d C:/Program Files/SEGGER/SEGGER Embedded Studio 8.22a/lib/mbops_timeops_v7em_fpv4_sp_d16_hard_t_le_eabi_balanced.a(mbops.o)
                0x000071cc                __SEGGER_RTL_c_locale_abbrev_day_names
 .rodata.libc.__SEGGER_RTL_c_locale_abbrev_month_names
                0x000071e9       0x31 C:/Program Files/SEGGER/SEGGER Embedded Studio 8.22a/lib/mbops_timeops_v7em_fpv4_sp_d16_hard_t_le_eabi_balanced.a(mbops.o)
                0x000071e9                __SEGGER_RTL_c_locale_abbrev_month_names
 .rodata.libc.__SEGGER_RTL_data_utf8_period
                0x0000721a        0x2 C:/Program Files/SEGGER/SEGGER Embedded Studio 8.22a/lib/mbops_timeops_v7em_fpv4_sp_d16_hard_t_le_eabi_balanced.a(mbops.o)
                0x0000721a                __SEGGER_RTL_data_utf8_period
 .rodata.libc.__SEGGER_RTL_data_empty_string
                0x0000721c        0x1 C:/Program Files/SEGGER/SEGGER Embedded Studio 8.22a/lib/mbops_timeops_v7em_fpv4_sp_d16_hard_t_le_eabi_balanced.a(mbops.o)
                0x0000721c                __SEGGER_RTL_data_empty_string
 *fill*         0x0000721d        0x3 
 .rodata.libc.__SEGGER_RTL_c_locale_data
                0x00007220       0x58 C:/Program Files/SEGGER/SEGGER Embedded Studio 8.22a/lib/mbops_timeops_v7em_fpv4_sp_d16_hard_t_le_eabi_balanced.a(mbops.o)
                0x00007220                __SEGGER_RTL_c_locale_data
 .rodata.libc.__SEGGER_RTL_ascii_ctype_map
                0x00007278       0x80 C:/Program Files/SEGGER/SEGGER Embedded Studio 8.22a/lib/mbops_timeops_v7em_fpv4_sp_d16_hard_t_le_eabi_balanced.a(mbops.o)
 .rodata.libc.__SEGGER_RTL_ascii_ctype_mask
                0x000072f8        0xd C:/Program Files/SEGGER/SEGGER Embedded Studio 8.22a/lib/mbops_timeops_v7em_fpv4_sp_d16_hard_t_le_eabi_balanced.a(mbops.o)
                0x00007305                        __rodata_end__ = (__rodata_start__ + SIZEOF (.rodata))
                0x0000101d                        __rodata_size__ = SIZEOF (.rodata)
                0x00007305                        __rodata_load_end__ = __rodata_end__

.rel.dyn        0x00007308        0x0
 .rel.iplt      0x00007308        0x0 Output/Debug/Obj/pwm_driver_pca10040/main.o
                0x00000001                        . = ASSERT (((__rodata_start__ == __rodata_end__) || ((__rodata_end__ - __FLASH1_segment_start__) <= __FLASH1_segment_size__)), error: .rodata is too large to fit in FLASH1 memory segment)
                0x00007308                        __ARM.exidx_load_start__ = ALIGN (__rodata_end__, 0x4)

.ARM.exidx      0x00007308        0x0
                0x00007308                        __ARM.exidx_start__ = .
                0x00007308                        __exidx_start = __ARM.exidx_start__
 *(.ARM.exidx .ARM.exidx.*)
                0x00007308                        __ARM.exidx_end__ = (__ARM.exidx_start__ + SIZEOF (.ARM.exidx))
                0x00000000                        __ARM.exidx_size__ = SIZEOF (.ARM.exidx)
                0x00007308                        __exidx_end = __ARM.exidx_end__
                0x00007308                        __ARM.exidx_load_end__ = __ARM.exidx_end__
                0x00000001                        . = ASSERT (((__ARM.exidx_start__ == __ARM.exidx_end__) || ((__ARM.exidx_end__ - __FLASH1_segment_start__) <= __FLASH1_segment_size__)), error: .ARM.exidx is too large to fit in FLASH1 memory segment)
                0x00007308                        __fast_load_start__ = ALIGN (__ARM.exidx_end__, 0x4)

.fast           0x20000000        0x0 load address 0x00007308
                0x20000000                        __fast_start__ = .
 *(.fast .fast.*)
                0x20000000                        __fast_end__ = (__fast_start__ + SIZEOF (.fast))
                0x00000000                        __fast_size__ = SIZEOF (.fast)
                0x00007308                        __fast_load_end__ = (__fast_load_start__ + SIZEOF (.fast))
                0x00000001                        . = ASSERT (((__fast_load_start__ == __fast_load_end__) || ((__fast_load_end__ - __FLASH1_segment_start__) <= __FLASH1_segment_size__)), error: .fast is too large to fit in FLASH1 memory segment)

.fast_run       0x20000000        0x0
                0x20000000                        __fast_run_start__ = .
                0x20000000                        __fast_run_end__ = (__fast_run_start__ + SIZEOF (.fast))
                0x00000000                        __fast_run_size__ = (__fast_run_end__ - __fast_run_start__)
                0x20000000                        __fast_run_load_end__ = __fast_run_end__
                0x00000001                        . = ASSERT (((__fast_run_start__ == __fast_run_end__) || ((__fast_run_end__ - __RAM1_segment_start__) <= __RAM1_segment_size__)), error: .fast_run is too large to fit in RAM1 memory segment)
                0x00007308                        __data_load_start__ = ALIGN ((__fast_load_start__ + SIZEOF (.fast)), 0x4)

.data           0x20000000       0x78 load address 0x00007308
                0x20000000                        __data_start__ = .
 *(.data .data.* .gnu.linkonce.d.*)
 .data.m_pwm0   0x20000000        0x8 Output/Debug/Obj/pwm_driver_pca10040/main.o
 .data.SystemCoreClock
                0x20000008        0x4 Output/Debug/Obj/pwm_driver_pca10040/system_nrf52.o
                0x20000008                SystemCoreClock
 .data.m_uart   0x2000000c       0x14 Output/Debug/Obj/pwm_driver_pca10040/nrf_log_backend_uart.o
                0x2000000c                m_uart
 .data.log_backend_cb_uart_log_backend
                0x20000020        0x8 Output/Debug/Obj/pwm_driver_pca10040/nrf_log_default_backends.o
 .data.m_buffer_mask
                0x20000028        0x4 Output/Debug/Obj/pwm_driver_pca10040/nrf_log_frontend.o
 .data.severity_names
                0x2000002c       0x14 Output/Debug/Obj/pwm_driver_pca10040/nrf_log_str_formatter.o
 .data.m_colors
                0x20000040       0x24 Output/Debug/Obj/pwm_driver_pca10040/nrf_log_str_formatter.o
 .data.libc.__SEGGER_RTL_global_locale
                0x20000064       0x14 C:/Program Files/SEGGER/SEGGER Embedded Studio 8.22a/lib/mbops_timeops_v7em_fpv4_sp_d16_hard_t_le_eabi_balanced.a(mbops.o)
                0x20000064                __SEGGER_RTL_global_locale
                0x20000064                __RAL_global_locale
                0x20000078                        __data_end__ = (__data_start__ + SIZEOF (.data))
                0x00000078                        __data_size__ = SIZEOF (.data)
                0x00007380                        __data_load_end__ = (__data_load_start__ + SIZEOF (.data))

.igot.plt       0x00000000        0x0
 .igot.plt      0x00000000        0x0 Output/Debug/Obj/pwm_driver_pca10040/main.o
                0x00000001                        . = ASSERT (((__data_load_start__ == __data_load_end__) || ((__data_load_end__ - __FLASH1_segment_start__) <= __FLASH1_segment_size__)), error: .data is too large to fit in FLASH1 memory segment)

.data_run       0x20000000        0x0
                0x20000000                        __data_run_start__ = .
                0x20000078                        __data_run_end__ = (__data_run_start__ + SIZEOF (.data))
                0x00000078                        __data_run_size__ = (__data_run_end__ - __data_run_start__)
                0x20000078                        __data_run_load_end__ = __data_run_end__
                0x00000001                        . = ASSERT (((__data_run_start__ == __data_run_end__) || ((__data_run_end__ - __RAM1_segment_start__) <= __RAM1_segment_size__)), error: .data_run is too large to fit in RAM1 memory segment)
                0x00007380                        __tdata_load_start__ = ALIGN ((__data_load_start__ + SIZEOF (.data)), 0x4)

.tdata          0x20000078        0x0 load address 0x00007380
                0x20000078                        __tdata_start__ = .
 *(.tdata .tdata.*)
                0x20000078                        __tdata_end__ = (__tdata_start__ + SIZEOF (.tdata))
                0x00000000                        __tdata_size__ = SIZEOF (.tdata)
                0x00007380                        __tdata_load_end__ = (__tdata_load_start__ + SIZEOF (.tdata))
                0x00007380                        __FLASH1_segment_used_end__ = (ALIGN ((__data_load_start__ + SIZEOF (.data)), 0x4) + SIZEOF (.tdata))
                0x00007380                        __FLASH1_segment_used_size__ = (__FLASH1_segment_used_end__ - __FLASH1_segment_start__)
                0x00000001                        . = ASSERT (((__tdata_load_start__ == __tdata_load_end__) || ((__tdata_load_end__ - __FLASH1_segment_start__) <= __FLASH1_segment_size__)), error: .tdata is too large to fit in FLASH1 memory segment)

.tdata_run      0x20000078        0x0
                0x20000078                        __tdata_run_start__ = .
                0x20000078                        __tdata_run_end__ = (__tdata_run_start__ + SIZEOF (.tdata))
                0x00000000                        __tdata_run_size__ = (__tdata_run_end__ - __tdata_run_start__)
                0x20000078                        __tdata_run_load_end__ = __tdata_run_end__
                0x00000001                        . = ASSERT (((__tdata_run_start__ == __tdata_run_end__) || ((__tdata_run_end__ - __RAM1_segment_start__) <= __RAM1_segment_size__)), error: .tdata_run is too large to fit in RAM1 memory segment)
                0x20000078                        __bss_load_start__ = ALIGN (__tdata_run_end__, 0x4)

.bss            0x20000078      0x6ec
                0x20000078                        __bss_start__ = .
 *(.bss .bss.* .gnu.linkonce.b.*)
 .bss.seq_values
                0x20000078        0x8 Output/Debug/Obj/pwm_driver_pca10040/main.o
                0x20000078                seq_values
 .bss.m_handlers
                0x20000080        0x4 Output/Debug/Obj/pwm_driver_pca10040/nrf_drv_uart.o
 .bss.m_contexts
                0x20000084        0x4 Output/Debug/Obj/pwm_driver_pca10040/nrf_drv_uart.o
 .bss.nrf_drv_uart_use_easy_dma
                0x20000088        0x1 Output/Debug/Obj/pwm_driver_pca10040/nrf_drv_uart.o
                0x20000088                nrf_drv_uart_use_easy_dma
 *fill*         0x20000089        0x3 
 .bss.m_clock_cb
                0x2000008c        0x8 Output/Debug/Obj/pwm_driver_pca10040/nrfx_clock.o
 .bss.m_cb      0x20000094       0x5c Output/Debug/Obj/pwm_driver_pca10040/nrfx_gpiote.o
 .bss.m_prs_box_4
                0x200000f0        0x8 Output/Debug/Obj/pwm_driver_pca10040/nrfx_prs.o
 .bss.m_cb      0x200000f8       0x18 Output/Debug/Obj/pwm_driver_pca10040/nrfx_pwm.o
 .bss.m_cb      0x20000110       0x2c Output/Debug/Obj/pwm_driver_pca10040/nrfx_uart.o
 .bss.m_cb      0x2000013c       0x24 Output/Debug/Obj/pwm_driver_pca10040/nrfx_uarte.o
 .bss.m_error_data.0
                0x20000160       0x20 Output/Debug/Obj/pwm_driver_pca10040/app_error.o
 .bss.m_in_critical_region
                0x20000180        0x4 Output/Debug/Obj/pwm_driver_pca10040/app_util_platform.o
 .bss.m_handlers
                0x20000184        0x4 Output/Debug/Obj/pwm_driver_pca10040/drv_rtc.o
 .bss.m_cb      0x20000188        0x8 Output/Debug/Obj/pwm_driver_pca10040/drv_rtc.o
 .bss.m_string_buff
                0x20000190       0x40 Output/Debug/Obj/pwm_driver_pca10040/nrf_log_backend_uart.o
 .bss.m_xfer_done
                0x200001d0        0x1 Output/Debug/Obj/pwm_driver_pca10040/nrf_log_backend_uart.o
 .bss.m_async_mode
                0x200001d1        0x1 Output/Debug/Obj/pwm_driver_pca10040/nrf_log_backend_uart.o
 *fill*         0x200001d2        0x2 
 .bss.log_mempool_nrf_balloc_pool_stack
                0x200001d4        0x8 Output/Debug/Obj/pwm_driver_pca10040/nrf_log_frontend.o
 .bss.log_mempool_nrf_balloc_pool_mem
                0x200001dc       0xc0 Output/Debug/Obj/pwm_driver_pca10040/nrf_log_frontend.o
 .bss.log_mempool_nrf_balloc_cb
                0x2000029c        0x8 Output/Debug/Obj/pwm_driver_pca10040/nrf_log_frontend.o
 .bss.m_log_push_ringbuf_buf
                0x200002a4       0x80 Output/Debug/Obj/pwm_driver_pca10040/nrf_log_frontend.o
 .bss.m_log_push_ringbuf_cb
                0x20000324       0x18 Output/Debug/Obj/pwm_driver_pca10040/nrf_log_frontend.o
 .bss.m_log_data
                0x2000033c      0x420 Output/Debug/Obj/pwm_driver_pca10040/nrf_log_frontend.o
 .bss.libc.__SEGGER_RTL_heap_globals.0
                0x2000075c        0x4 C:/Program Files/SEGGER/SEGGER Embedded Studio 8.22a/lib/heapops_basic_v7em_fpv4_sp_d16_hard_t_le_eabi_balanced.a(heapops_basic.o)
 .bss.libc.__SEGGER_RTL_locale_ptr
                0x20000760        0x4 C:/Program Files/SEGGER/SEGGER Embedded Studio 8.22a/lib/mbops_timeops_v7em_fpv4_sp_d16_hard_t_le_eabi_balanced.a(mbops.o)
                0x20000760                __SEGGER_RTL_locale_ptr
 *(COMMON)
                0x20000764                        __bss_end__ = (__bss_start__ + SIZEOF (.bss))
                0x000006ec                        __bss_size__ = SIZEOF (.bss)
                0x20000764                        __bss_load_end__ = __bss_end__
                0x00000001                        . = ASSERT (((__bss_start__ == __bss_end__) || ((__bss_end__ - __RAM1_segment_start__) <= __RAM1_segment_size__)), error: .bss is too large to fit in RAM1 memory segment)
                0x20000764                        __tbss_load_start__ = ALIGN (__bss_end__, 0x4)

.tbss           0x20000764        0x0
                0x20000764                        __tbss_start__ = .
 *(.tbss .tbss.*)
                0x20000764                        __tbss_end__ = (__tbss_start__ + SIZEOF (.tbss))
                0x00000000                        __tbss_size__ = SIZEOF (.tbss)
                0x20000764                        __tbss_load_end__ = __tbss_end__
                0x00000001                        . = ASSERT (((__tbss_start__ == __tbss_end__) || ((__tbss_end__ - __RAM1_segment_start__) <= __RAM1_segment_size__)), error: .tbss is too large to fit in RAM1 memory segment)
                0x20000764                        __non_init_load_start__ = ALIGN (__tbss_end__, 0x4)

.non_init       0x20000764        0x0
                0x20000764                        __non_init_start__ = .
 *(.non_init .non_init.*)
                0x20000764                        __non_init_end__ = (__non_init_start__ + SIZEOF (.non_init))
                0x00000000                        __non_init_size__ = SIZEOF (.non_init)
                0x20000764                        __non_init_load_end__ = __non_init_end__
                0x00000001                        . = ASSERT (((__non_init_start__ == __non_init_end__) || ((__non_init_end__ - __RAM1_segment_start__) <= __RAM1_segment_size__)), error: .non_init is too large to fit in RAM1 memory segment)
                0x20000764                        __heap_load_start__ = ALIGN (__non_init_end__, 0x4)

.heap           0x20000764     0x2000
                0x20000764                        __heap_start__ = .
 *(.heap .heap.*)
                0x20002764                        . = ALIGN (MAX ((__heap_start__ + __HEAPSIZE__), .), 0x4)
 *fill*         0x20000764     0x2000 
                0x20002764                        __heap_end__ = (__heap_start__ + SIZEOF (.heap))
                0x00002000                        __heap_size__ = SIZEOF (.heap)
                0x20002764                        __heap_load_end__ = __heap_end__
                0x00000001                        . = ASSERT (((__heap_start__ == __heap_end__) || ((__heap_end__ - __RAM1_segment_start__) <= __RAM1_segment_size__)), error: .heap is too large to fit in RAM1 memory segment)
                0x00000001                        . = ASSERT ((__HEAPSIZE__ == ALIGN (__HEAPSIZE__, 0x4)), error: .heap section size does not match alignment)
                0x00000001                        . = ASSERT ((__heap_size__ <= __HEAPSIZE__), error: .heap section is larger than specified size)
                0x2000e000                        __stack_load_start__ = (__RAM1_segment_start__ + (__RAM1_segment_size__ - 0x2000))

.stack          0x2000e000     0x2000
                0x2000e000                        __stack_start__ = .
                0x2000e000                        __StackLimit = __stack_start__
 *(.stack .stack.*)
                0x20010000                        . = ALIGN (MAX ((__stack_start__ + __STACKSIZE__), .), 0x8)
 *fill*         0x2000e000     0x2000 
                0x20010000                        __stack_end__ = (__stack_start__ + SIZEOF (.stack))
                0x00002000                        __stack_size__ = SIZEOF (.stack)
                0x20010000                        __StackTop = __stack_end__
                0x20010000                        __stack_load_end__ = __stack_end__
                0x00000001                        . = ASSERT (((__stack_start__ == __stack_end__) || ((__stack_end__ - __RAM1_segment_start__) <= __RAM1_segment_size__)), error: .stack is too large to fit in RAM1 memory segment)
                0x00000001                        . = ASSERT ((__heap_end__ <= __stack_start__), error: section .heap overlaps absolute placed section .stack)
                0x00000001                        . = ASSERT ((__STACKSIZE__ == ALIGN (__STACKSIZE__, 0x8)), error: .stack section size does not match alignment)
                0x00000001                        . = ASSERT ((__stack_size__ <= __STACKSIZE__), error: .stack section is larger than specified size)
                0x20010000                        __stack_process_load_start__ = ALIGN (__stack_end__, 0x8)

.stack_process  0x20010000        0x0
                0x20010000                        __stack_process_start__ = .
 *(.stack_process .stack_process.*)
                0x20010000                        . = ALIGN (MAX ((__stack_process_start__ + __STACKSIZE_PROCESS__), .), 0x8)
                0x20010000                        __stack_process_end__ = (__stack_process_start__ + SIZEOF (.stack_process))
                0x00000000                        __stack_process_size__ = SIZEOF (.stack_process)
                0x20010000                        __stack_process_load_end__ = __stack_process_end__
                0x20010000                        __RAM1_segment_used_end__ = (ALIGN (__stack_end__, 0x8) + SIZEOF (.stack_process))
                0x00010000                        __RAM1_segment_used_size__ = (__RAM1_segment_used_end__ - __RAM1_segment_start__)
                0x00000001                        . = ASSERT (((__stack_process_start__ == __stack_process_end__) || ((__stack_process_end__ - __RAM1_segment_start__) <= __RAM1_segment_size__)), error: .stack_process is too large to fit in RAM1 memory segment)
                0x00000001                        . = ASSERT ((__STACKSIZE_PROCESS__ == ALIGN (__STACKSIZE_PROCESS__, 0x8)), error: .stack_process section size does not match alignment)
                0x00000001                        . = ASSERT ((__stack_process_size__ <= __STACKSIZE_PROCESS__), error: .stack_process section is larger than specified size)
                0x00002000                        __STACKSIZE__ = 0x2000
                0x00000000                        __STACKSIZE_PROCESS__ = 0x0
                0x00002000                        __HEAPSIZE__ = 0x2000
                0x00000000                        __SEGGER_RTL_vfprintf = __SEGGER_RTL_vfprintf_long
                0x00000000                        __SEGGER_RTL_vfscanf = __SEGGER_RTL_vfscanf_long
START GROUP
LOAD Output/Debug/Obj/pwm_driver_pca10040/main.o
LOAD Output/Debug/Obj/pwm_driver_pca10040/boards.o
LOAD Output/Debug/Obj/pwm_driver_pca10040/bsp.o
LOAD Output/Debug/Obj/pwm_driver_pca10040/ses_startup_nrf52.o
LOAD Output/Debug/Obj/pwm_driver_pca10040/ses_startup_nrf_common.o
LOAD Output/Debug/Obj/pwm_driver_pca10040/system_nrf52.o
LOAD Output/Debug/Obj/pwm_driver_pca10040/nrf_drv_clock.o
LOAD Output/Debug/Obj/pwm_driver_pca10040/nrf_drv_uart.o
LOAD Output/Debug/Obj/pwm_driver_pca10040/nrf_nvic.o
LOAD Output/Debug/Obj/pwm_driver_pca10040/nrf_soc.o
LOAD Output/Debug/Obj/pwm_driver_pca10040/nrfx_atomic.o
LOAD Output/Debug/Obj/pwm_driver_pca10040/nrfx_clock.o
LOAD Output/Debug/Obj/pwm_driver_pca10040/nrfx_gpiote.o
LOAD Output/Debug/Obj/pwm_driver_pca10040/nrfx_prs.o
LOAD Output/Debug/Obj/pwm_driver_pca10040/nrfx_pwm.o
LOAD Output/Debug/Obj/pwm_driver_pca10040/nrfx_uart.o
LOAD Output/Debug/Obj/pwm_driver_pca10040/nrfx_uarte.o
LOAD Output/Debug/Obj/pwm_driver_pca10040/app_button.o
LOAD Output/Debug/Obj/pwm_driver_pca10040/app_error.o
LOAD Output/Debug/Obj/pwm_driver_pca10040/app_error_handler_gcc.o
LOAD Output/Debug/Obj/pwm_driver_pca10040/app_error_weak.o
LOAD Output/Debug/Obj/pwm_driver_pca10040/app_scheduler.o
LOAD Output/Debug/Obj/pwm_driver_pca10040/app_timer2.o
LOAD Output/Debug/Obj/pwm_driver_pca10040/app_util_platform.o
LOAD Output/Debug/Obj/pwm_driver_pca10040/drv_rtc.o
LOAD Output/Debug/Obj/pwm_driver_pca10040/nrf_assert.o
LOAD Output/Debug/Obj/pwm_driver_pca10040/nrf_atfifo.o
LOAD Output/Debug/Obj/pwm_driver_pca10040/nrf_atomic.o
LOAD Output/Debug/Obj/pwm_driver_pca10040/nrf_balloc.o
LOAD Output/Debug/Obj/pwm_driver_pca10040/nrf_fprintf.o
LOAD Output/Debug/Obj/pwm_driver_pca10040/nrf_fprintf_format.o
LOAD Output/Debug/Obj/pwm_driver_pca10040/nrf_memobj.o
LOAD Output/Debug/Obj/pwm_driver_pca10040/nrf_ringbuf.o
LOAD Output/Debug/Obj/pwm_driver_pca10040/nrf_sortlist.o
LOAD Output/Debug/Obj/pwm_driver_pca10040/nrf_strerror.o
LOAD Output/Debug/Obj/pwm_driver_pca10040/nrf_log_backend_rtt.o
LOAD Output/Debug/Obj/pwm_driver_pca10040/nrf_log_backend_serial.o
LOAD Output/Debug/Obj/pwm_driver_pca10040/nrf_log_backend_uart.o
LOAD Output/Debug/Obj/pwm_driver_pca10040/nrf_log_default_backends.o
LOAD Output/Debug/Obj/pwm_driver_pca10040/nrf_log_frontend.o
LOAD Output/Debug/Obj/pwm_driver_pca10040/nrf_log_str_formatter.o
LOAD Output/Debug/Obj/pwm_driver_pca10040/SEGGER_RTT.o
LOAD Output/Debug/Obj/pwm_driver_pca10040/SEGGER_RTT_printf.o
LOAD Output/Debug/Obj/pwm_driver_pca10040/thumb_crt0.o