Archive member included to satisfy reference by file (symbol)

C:/Program Files/SEGGER/SEGGER Embedded Studio 8.22a/lib/libc_v7em_fpv4_sp_d16_hard_t_le_eabi_balanced.a(floatasmops_arm.o)
                              Output/Debug/Obj/saadc_pca10040/main.o (__aeabi_dmul)
C:/Program Files/SEGGER/SEGGER Embedded Studio 8.22a/lib/libc_v7em_fpv4_sp_d16_hard_t_le_eabi_balanced.a(__SEGGER_RTL_vfprintf_long.o)
                              (__SEGGER_RTL_vfprintf_long)
C:/Program Files/SEGGER/SEGGER Embedded Studio 8.22a/lib/libc_v7em_fpv4_sp_d16_hard_t_le_eabi_balanced.a(__SEGGER_RTL_vfscanf_long.o)
                              (__SEGGER_RTL_vfscanf_long)
C:/Program Files/SEGGER/SEGGER Embedded Studio 8.22a/lib/libc_v7em_fpv4_sp_d16_hard_t_le_eabi_balanced.a(utilops.o)
                              C:/Program Files/SEGGER/SEGGER Embedded Studio 8.22a/lib/libc_v7em_fpv4_sp_d16_hard_t_le_eabi_balanced.a(__SEGGER_RTL_vfscanf_long.o) (__SEGGER_RTL_digit)
C:/Program Files/SEGGER/SEGGER Embedded Studio 8.22a/lib/libc_v7em_fpv4_sp_d16_hard_t_le_eabi_balanced.a(intasmops_arm.o)
                              C:/Program Files/SEGGER/SEGGER Embedded Studio 8.22a/lib/libc_v7em_fpv4_sp_d16_hard_t_le_eabi_balanced.a(__SEGGER_RTL_vfprintf_long.o) (__aeabi_uldivmod)
C:/Program Files/SEGGER/SEGGER Embedded Studio 8.22a/lib/libc_v7em_fpv4_sp_d16_hard_t_le_eabi_balanced.a(prinops.o)
                              C:/Program Files/SEGGER/SEGGER Embedded Studio 8.22a/lib/libc_v7em_fpv4_sp_d16_hard_t_le_eabi_balanced.a(__SEGGER_RTL_vfprintf_long.o) (__SEGGER_RTL_putc)
C:/Program Files/SEGGER/SEGGER Embedded Studio 8.22a/lib/libc_v7em_fpv4_sp_d16_hard_t_le_eabi_balanced.a(fileops.o)
                              C:/Program Files/SEGGER/SEGGER Embedded Studio 8.22a/lib/libc_v7em_fpv4_sp_d16_hard_t_le_eabi_balanced.a(prinops.o) (fwrite)
C:/Program Files/SEGGER/SEGGER Embedded Studio 8.22a/lib/libc_v7em_fpv4_sp_d16_hard_t_le_eabi_balanced.a(errno.o)
                              C:/Program Files/SEGGER/SEGGER Embedded Studio 8.22a/lib/libc_v7em_fpv4_sp_d16_hard_t_le_eabi_balanced.a(fileops.o) (__aeabi_errno_addr)
C:/Program Files/SEGGER/SEGGER Embedded Studio 8.22a/lib/prinops_rtt_v7em_fpv4_sp_d16_hard_t_le_eabi_balanced.a(prinops_rtt.o)
                              C:/Program Files/SEGGER/SEGGER Embedded Studio 8.22a/lib/libc_v7em_fpv4_sp_d16_hard_t_le_eabi_balanced.a(fileops.o) (__SEGGER_RTL_X_file_stat)
C:/Program Files/SEGGER/SEGGER Embedded Studio 8.22a/lib/heapops_basic_v7em_fpv4_sp_d16_hard_t_le_eabi_balanced.a(heapops_basic.o)
                              Output/Debug/Obj/saadc_pca10040/thumb_crt0.o (__SEGGER_RTL_init_heap)
C:/Program Files/SEGGER/SEGGER Embedded Studio 8.22a/lib/heapops_disable_interrupts_locking_v7em_fpv4_sp_d16_hard_t_le_eabi_balanced.a(heapops.o)
                              C:/Program Files/SEGGER/SEGGER Embedded Studio 8.22a/lib/libc_v7em_fpv4_sp_d16_hard_t_le_eabi_balanced.a(prinops.o) (free)
C:/Program Files/SEGGER/SEGGER Embedded Studio 8.22a/lib/strops_unaligned_v7em_fpv4_sp_d16_hard_t_le_eabi_balanced.a(strops.o)
                              Output/Debug/Obj/saadc_pca10040/nrf_log_frontend.o (strlen)
C:/Program Files/SEGGER/SEGGER Embedded Studio 8.22a/lib/strops_unaligned_v7em_fpv4_sp_d16_hard_t_le_eabi_balanced.a(strasmops_arm.o)
                              C:/Program Files/SEGGER/SEGGER Embedded Studio 8.22a/lib/strops_unaligned_v7em_fpv4_sp_d16_hard_t_le_eabi_balanced.a(strops.o) (strcmp)
C:/Program Files/SEGGER/SEGGER Embedded Studio 8.22a/lib/mbops_timeops_v7em_fpv4_sp_d16_hard_t_le_eabi_balanced.a(mbops.o)
                              C:/Program Files/SEGGER/SEGGER Embedded Studio 8.22a/lib/libc_v7em_fpv4_sp_d16_hard_t_le_eabi_balanced.a(prinops.o) (__SEGGER_RTL_current_locale)
C:/Program Files/SEGGER/SEGGER Embedded Studio 8.22a/lib/mbops_timeops_v7em_fpv4_sp_d16_hard_t_le_eabi_balanced.a(timeops.o)
                              C:/Program Files/SEGGER/SEGGER Embedded Studio 8.22a/lib/mbops_timeops_v7em_fpv4_sp_d16_hard_t_le_eabi_balanced.a(mbops.o) (__SEGGER_RTL_string_list_encode)
C:/Program Files/SEGGER/SEGGER Embedded Studio 8.22a/lib/libc_v7em_fpv4_sp_d16_hard_t_le_eabi_balanced.a(execops.o)
                              C:/Program Files/SEGGER/SEGGER Embedded Studio 8.22a/lib/strops_unaligned_v7em_fpv4_sp_d16_hard_t_le_eabi_balanced.a(strops.o) (__SEGGER_RTL_constraint_violation)
C:/Program Files/SEGGER/SEGGER Embedded Studio 8.22a/lib/libc_v7em_fpv4_sp_d16_hard_t_le_eabi_balanced.a(execops_arm.o)
                              C:/Program Files/SEGGER/SEGGER Embedded Studio 8.22a/lib/libc_v7em_fpv4_sp_d16_hard_t_le_eabi_balanced.a(execops.o) (__aeabi_SIGABRT)
C:/Program Files/SEGGER/SEGGER Embedded Studio 8.22a/lib/libc_v7em_fpv4_sp_d16_hard_t_le_eabi_balanced.a(intops.o)
                              C:/Program Files/SEGGER/SEGGER Embedded Studio 8.22a/lib/mbops_timeops_v7em_fpv4_sp_d16_hard_t_le_eabi_balanced.a(timeops.o) (div)
[...]
Memory Configuration

Name             Origin             Length             Attributes
UNPLACED_SECTIONS 0x00000000         0x00000000         xw
RAM1             0x20000000         0x00010000         xw
FLASH1           0x00000000         0x00080000         xw
*default*        0x00000000         0xffffffff

Linker script and memory map

                0x20000000                        __RAM1_segment_start__ = 0x20000000
                0x20010000                        __RAM1_segment_end__ = 0x20010000
                0x00010000                        __RAM1_segment_size__ = 0x10000
                0x00000000                        __FLASH1_segment_start__ = 0x0
                0x00080000                        __FLASH1_segment_end__ = 0x80000
                0x00080000                        __FLASH1_segment_size__ = 0x80000
                0x00002000                        __HEAPSIZE__ = 0x2000
                0x00000000                        __SEGGER_RTL_vfprintf = __SEGGER_RTL_vfprintf_long
                0x00000000                        __SEGGER_RTL_vfscanf = __SEGGER_RTL_vfscanf_long
                0x00000000                        __STACKSIZE_PROCESS__ = 0x0
                0x00002000                        __STACKSIZE__ = 0x2000
                0x20000000                        __vectors_ram_load_start__ = 0x20000000

.vectors_ram    0x20000000        0x0
                0x20000000                        __vectors_ram_start__ = .
                0x20000000                        __app_ram_start__ = __vectors_ram_start__
 *(.vectors_ram .vectors_ram.*)
                0x20000000                        __vectors_ram_end__ = (__vectors_ram_start__ + SIZEOF (.vectors_ram))
                0x00000000                        __vectors_ram_size__ = SIZEOF (.vectors_ram)
                0x20000000                        __vectors_ram_load_end__ = __vectors_ram_end__
                0x00000001                        . = ASSERT (((__vectors_ram_start__ == __vectors_ram_end__) || ((__vectors_ram_end__ - __RAM1_segment_start__) <= __RAM1_segment_size__)), error: .vectors_ram is too large to fit in RAM1 memory segment)
                0x20000000                        __nrf_sections_run_load_start__ = ALIGN (__vectors_ram_end__, 0x4)

.nrf_sections_run
                0x20000000        0x0
                0x20000000                        __nrf_sections_run_start__ = .
                0x20000000                        __start_nrf_sections_run = __nrf_sections_run_start__
 *(.nrf_sections_run .nrf_sections_run.*)
                0x20000000                        __nrf_sections_run_end__ = (__nrf_sections_run_start__ + SIZEOF (.nrf_sections_run))
                0x00000000                        __nrf_sections_run_size__ = SIZEOF (.nrf_sections_run)
                0x20000000                        __nrf_sections_run_load_end__ = __nrf_sections_run_end__
                0x00000001                        . = ASSERT (((__nrf_sections_run_start__ == __nrf_sections_run_end__) || ((__nrf_sections_run_end__ - __RAM1_segment_start__) <= __RAM1_segment_size__)), error: .nrf_sections_run is too large to fit in RAM1 memory segment)
                0x00000000                        __vectors_load_start__ = 0x0

.vectors        0x00000000      0x200
                0x00000000                        __vectors_start__ = .
 *(.vectors .vectors.*)
 .vectors       0x00000000      0x200 Output/Debug/Obj/saadc_pca10040/ses_startup_nrf52.o
                0x00000000                _vectors
                0x00000200                        __vectors_end__ = (__vectors_start__ + SIZEOF (.vectors))
                0x00000200                        __vectors_size__ = SIZEOF (.vectors)
                0x00000200                        __vectors_load_end__ = __vectors_end__
                0x00000001                        . = ASSERT (((__vectors_start__ == __vectors_end__) || ((__vectors_end__ - __FLASH1_segment_start__) <= __FLASH1_segment_size__)), error: .vectors is too large to fit in FLASH1 memory segment)
                0x00000200                        __init_load_start__ = ALIGN (__vectors_end__, 0x4)

.init           0x00000200      0x1e4
                0x00000200                        __init_start__ = .
 *(.init .init.*)
 .init          0x00000200      0x170 Output/Debug/Obj/saadc_pca10040/thumb_crt0.o
                0x00000200                _start
                0x000002ae                exit
                0x000002ae                _Exit
 .init          0x00000370       0x18 Output/Debug/Obj/saadc_pca10040/ses_startup_nrf52.o
                0x00000370                NMI_Handler
                0x00000372                HardFault_Handler
                0x00000374                MemoryManagement_Handler
                0x00000376                BusFault_Handler
                0x00000378                UsageFault_Handler
                0x0000037a                SVC_Handler
                0x0000037c                DebugMon_Handler
                0x0000037e                PendSV_Handler
                0x00000380                SysTick_Handler
                0x00000382                PWM1_IRQHandler
                0x00000382                GPIOTE_IRQHandler
                0x00000382                RTC0_IRQHandler
                0x00000382                POWER_CLOCK_IRQHandler
                0x00000382                SWI2_EGU2_IRQHandler
                0x00000382                PDM_IRQHandler
                0x00000382                TEMP_IRQHandler
                0x00000382                QDEC_IRQHandler
                0x00000382                TIMER3_IRQHandler
                0x00000382                FPU_IRQHandler
                0x00000382                SPIM0_SPIS0_TWIM0_TWIS0_SPI0_TWI0_IRQHandler
                0x00000382                RADIO_IRQHandler
                0x00000382                TIMER4_IRQHandler
                0x00000382                I2S_IRQHandler
                0x00000382                SWI4_EGU4_IRQHandler
                0x00000382                Dummy_Handler
                0x00000382                PWM2_IRQHandler
                0x00000382                ECB_IRQHandler
                0x00000382                SPIM1_SPIS1_TWIM1_TWIS1_SPI1_TWI1_IRQHandler
                0x00000382                CCM_AAR_IRQHandler
                0x00000382                WDT_IRQHandler
                0x00000382                SWI0_EGU0_IRQHandler
                0x00000382                SWI5_EGU5_IRQHandler
                0x00000382                RNG_IRQHandler
                0x00000382                RTC2_IRQHandler
                0x00000382                PWM0_IRQHandler
                0x00000382                SWI3_EGU3_IRQHandler
                0x00000382                RTC1_IRQHandler
                0x00000382                SWI1_EGU1_IRQHandler
                0x00000382                SPIM2_SPIS2_SPI2_IRQHandler
                0x00000382                NFCT_IRQHandler
                0x00000382                TIMER2_IRQHandler
                0x00000382                MWU_IRQHandler
                0x00000382                COMP_LPCOMP_IRQHandler
                0x00000384                nRFInitialize
 .init          0x00000388       0x5c Output/Debug/Obj/saadc_pca10040/ses_startup_nrf_common.o
                0x00000388                Reset_Handler
                0x0000038c                afterInitialize
                0x000003b0                InitializeUserMemorySections
                0x000003e4                        __init_end__ = (__init_start__ + SIZEOF (.init))
                0x000001e4                        __init_size__ = SIZEOF (.init)
                0x000003e4                        __init_load_end__ = __init_end__
                0x00000001                        . = ASSERT (((__init_start__ == __init_end__) || ((__init_end__ - __FLASH1_segment_start__) <= __FLASH1_segment_size__)), error: .init is too large to fit in FLASH1 memory segment)
                0x000003e4                        __init_rodata_load_start__ = ALIGN (__init_end__, 0x4)

.init_rodata    0x000003e4        0x0
                0x000003e4                        __init_rodata_start__ = .
 *(.init_rodata .init_rodata.*)
                0x000003e4                        __init_rodata_end__ = (__init_rodata_start__ + SIZEOF (.init_rodata))
                0x00000000                        __init_rodata_size__ = SIZEOF (.init_rodata)
                0x000003e4                        __init_rodata_load_end__ = __init_rodata_end__
                0x00000001                        . = ASSERT (((__init_rodata_start__ == __init_rodata_end__) || ((__init_rodata_end__ - __FLASH1_segment_start__) <= __FLASH1_segment_size__)), error: .init_rodata is too large to fit in FLASH1 memory segment)
                0x000003e4                        __text_load_start__ = ALIGN (__init_rodata_end__, 0x4)

.text           0x000003e4     0x642e
                0x000003e4                        __text_start__ = .
 *(.text .text.* .gnu.linkonce.t.* .glue_7t .glue_7 .gcc_except_table .ARM.extab* .gnu.linkonce.armextab.*)
 .glue_7        0x000003e4        0x0 linker stubs
 .glue_7t       0x000003e4        0x0 linker stubs
 .text.nrf_log_backend_serial_put
                0x000003e4      0x124 Output/Debug/Obj/saadc_pca10040/nrf_log_backend_serial.o
                0x000003e4                nrf_log_backend_serial_put
 .text.nrf_drv_uart_uninit
                0x00000508       0x44 Output/Debug/Obj/saadc_pca10040/nrf_log_backend_uart.o
 .text.nrf_drv_uart_tx
                0x0000054c       0x64 Output/Debug/Obj/saadc_pca10040/nrf_log_backend_uart.o
 .text.uart_evt_handler
                0x000005b0       0x18 Output/Debug/Obj/saadc_pca10040/nrf_log_backend_uart.o
 .text.uart_init
                0x000005c8       0x88 Output/Debug/Obj/saadc_pca10040/nrf_log_backend_uart.o
 .text.nrf_log_backend_uart_init
                0x00000650       0x1c Output/Debug/Obj/saadc_pca10040/nrf_log_backend_uart.o
                0x00000650                nrf_log_backend_uart_init
 .text.serial_tx
                0x0000066c       0x6c Output/Debug/Obj/saadc_pca10040/nrf_log_backend_uart.o
 .text.nrf_log_backend_uart_put
                0x000006d8       0x28 Output/Debug/Obj/saadc_pca10040/nrf_log_backend_uart.o
 .text.nrf_log_backend_uart_flush
                0x00000700        0xa Output/Debug/Obj/saadc_pca10040/nrf_log_backend_uart.o
 *fill*         0x0000070a        0x2 
 .text.nrf_log_backend_uart_panic_set
                0x0000070c       0x20 Output/Debug/Obj/saadc_pca10040/nrf_log_backend_uart.o
 .text.nrf_log_backend_enable
                0x0000072c       0x12 Output/Debug/Obj/saadc_pca10040/nrf_log_default_backends.o
 *fill*         0x0000073e        0x2 
 .text.nrf_log_default_backends_init
                0x00000740       0x3c Output/Debug/Obj/saadc_pca10040/nrf_log_default_backends.o
                0x00000740                nrf_log_default_backends_init
 .text.nrf_log_backend_put
                0x0000077c       0x1c Output/Debug/Obj/saadc_pca10040/nrf_log_frontend.o
 .text.nrf_log_backend_panic_set
                0x00000798       0x18 Output/Debug/Obj/saadc_pca10040/nrf_log_frontend.o
 .text.nrf_log_backend_flush
                0x000007b0       0x18 Output/Debug/Obj/saadc_pca10040/nrf_log_frontend.o
 .text.nrf_log_backend_id_set
                0x000007c8       0x1a Output/Debug/Obj/saadc_pca10040/nrf_log_frontend.o
 .text.nrf_log_backend_id_get
                0x000007e2       0x10 Output/Debug/Obj/saadc_pca10040/nrf_log_frontend.o
 .text.nrf_log_backend_enable
                0x000007f2       0x12 Output/Debug/Obj/saadc_pca10040/nrf_log_frontend.o
 .text.nrf_log_backend_is_enabled
                0x00000804       0x10 Output/Debug/Obj/saadc_pca10040/nrf_log_frontend.o
 .text.nrf_log_init
                0x00000814       0x50 Output/Debug/Obj/saadc_pca10040/nrf_log_frontend.o
                0x00000814                nrf_log_init
 .text.nrf_log_module_cnt_get
                0x00000864       0x14 Output/Debug/Obj/saadc_pca10040/nrf_log_frontend.o
                0x00000864                nrf_log_module_cnt_get
 .text.module_idx_get
                0x00000878       0x64 Output/Debug/Obj/saadc_pca10040/nrf_log_frontend.o
 .text.nrf_log_module_name_get
                0x000008dc       0x40 Output/Debug/Obj/saadc_pca10040/nrf_log_frontend.o
                0x000008dc                nrf_log_module_name_get
 .text.nrf_log_color_id_get
                0x0000091c       0x70 Output/Debug/Obj/saadc_pca10040/nrf_log_frontend.o
                0x0000091c                nrf_log_color_id_get
 .text.invalid_packets_omit
                0x0000098c       0x6e Output/Debug/Obj/saadc_pca10040/nrf_log_frontend.o
 *fill*         0x000009fa        0x2 
 .text.log_skip
                0x000009fc      0x118 Output/Debug/Obj/saadc_pca10040/nrf_log_frontend.o
 .text.dropped_sat16_get
                0x00000b14       0x28 Output/Debug/Obj/saadc_pca10040/nrf_log_frontend.o
 .text.std_header_set
                0x00000b3c       0xb4 Output/Debug/Obj/saadc_pca10040/nrf_log_frontend.o
 .text.log_pending_hook
                0x00000bf0        0x4 Output/Debug/Obj/saadc_pca10040/nrf_log_frontend.o
                0x00000bf0                log_pending_hook
 .text.buf_prealloc
                0x00000bf4      0x128 Output/Debug/Obj/saadc_pca10040/nrf_log_frontend.o
 .text.std_n    0x00000d1c       0x94 Output/Debug/Obj/saadc_pca10040/nrf_log_frontend.o
 .text.nrf_log_frontend_std_0
                0x00000db0       0x1c Output/Debug/Obj/saadc_pca10040/nrf_log_frontend.o
                0x00000db0                nrf_log_frontend_std_0
 .text.nrf_log_frontend_std_1
                0x00000dcc       0x22 Output/Debug/Obj/saadc_pca10040/nrf_log_frontend.o
                0x00000dcc                nrf_log_frontend_std_1
 .text.nrf_log_frontend_std_2
                0x00000dee       0x28 Output/Debug/Obj/saadc_pca10040/nrf_log_frontend.o
                0x00000dee                nrf_log_frontend_std_2
 .text.nrf_log_frontend_std_3
                0x00000e16       0x2c Output/Debug/Obj/saadc_pca10040/nrf_log_frontend.o
                0x00000e16                nrf_log_frontend_std_3
 .text.nrf_log_frontend_std_5
                0x00000e42       0x34 Output/Debug/Obj/saadc_pca10040/nrf_log_frontend.o
                0x00000e42                nrf_log_frontend_std_5
 *fill*         0x00000e76        0x2 
 .text.buffer_is_empty
                0x00000e78       0x1c Output/Debug/Obj/saadc_pca10040/nrf_log_frontend.o
                0x00000e78                buffer_is_empty
 .text.nrf_log_frontend_dequeue
                0x00000e94      0x3a0 Output/Debug/Obj/saadc_pca10040/nrf_log_frontend.o
                0x00000e94                nrf_log_frontend_dequeue
 .text.backend_id_assign
                0x00001234       0x68 Output/Debug/Obj/saadc_pca10040/nrf_log_frontend.o
 .text.nrf_log_backend_add
                0x0000129c       0x70 Output/Debug/Obj/saadc_pca10040/nrf_log_frontend.o
                0x0000129c                nrf_log_backend_add
 .text.nrf_log_panic
                0x0000130c       0x3c Output/Debug/Obj/saadc_pca10040/nrf_log_frontend.o
                0x0000130c                nrf_log_panic
 .text.timestamp_print
                0x00001348        0xc Output/Debug/Obj/saadc_pca10040/nrf_log_str_formatter.o
 .text.prefix_process
                0x00001354       0xb0 Output/Debug/Obj/saadc_pca10040/nrf_log_str_formatter.o
 .text.postfix_process
                0x00001404       0x60 Output/Debug/Obj/saadc_pca10040/nrf_log_str_formatter.o
 .text.nrf_log_std_entry_process
                0x00001464      0x144 Output/Debug/Obj/saadc_pca10040/nrf_log_str_formatter.o
                0x00001464                nrf_log_std_entry_process
 .text.nrf_log_hexdump_entry_process
                0x000015a8       0xf0 Output/Debug/Obj/saadc_pca10040/nrf_log_str_formatter.o
                0x000015a8                nrf_log_hexdump_entry_process
 .text.app_error_save_and_stop
                0x00001698       0x98 Output/Debug/Obj/saadc_pca10040/app_error.o
                0x00001698                app_error_save_and_stop
 .text.app_error_handler
                0x00001730       0x1c Output/Debug/Obj/saadc_pca10040/app_error_handler_gcc.o
                0x00001730                app_error_handler
 .text.app_error_fault_handler
                0x0000174c      0x104 Output/Debug/Obj/saadc_pca10040/app_error_weak.o
                0x0000174c                app_error_fault_handler
 .text.app_util_disable_irq
                0x00001850       0x18 Output/Debug/Obj/saadc_pca10040/app_util_platform.o
                0x00001850                app_util_disable_irq
 .text.app_util_enable_irq
                0x00001868       0x20 Output/Debug/Obj/saadc_pca10040/app_util_platform.o
                0x00001868                app_util_enable_irq
 .text.app_util_critical_region_enter
                0x00001888       0x28 Output/Debug/Obj/saadc_pca10040/app_util_platform.o
                0x00001888                app_util_critical_region_enter
 .text.app_util_critical_region_exit
                0x000018b0       0x2c Output/Debug/Obj/saadc_pca10040/app_util_platform.o
                0x000018b0                app_util_critical_region_exit
 .text.privilege_level_get
                0x000018dc       0x3a Output/Debug/Obj/saadc_pca10040/app_util_platform.o
                0x000018dc                privilege_level_get
 .text.assert_nrf_callback
                0x00001916       0x2c Output/Debug/Obj/saadc_pca10040/nrf_assert.o
                0x00001916                assert_nrf_callback
 .text.nrf_atomic_u32_fetch_store
                0x00001942       0x2e Output/Debug/Obj/saadc_pca10040/nrf_atomic.o
                0x00001942                nrf_atomic_u32_fetch_store
 .text.nrf_atomic_u32_or
                0x00001970       0x30 Output/Debug/Obj/saadc_pca10040/nrf_atomic.o
                0x00001970                nrf_atomic_u32_or
 .text.nrf_atomic_u32_fetch_and
                0x000019a0       0x30 Output/Debug/Obj/saadc_pca10040/nrf_atomic.o
                0x000019a0                nrf_atomic_u32_fetch_and
 .text.nrf_atomic_u32_add
                0x000019d0       0x30 Output/Debug/Obj/saadc_pca10040/nrf_atomic.o
                0x000019d0                nrf_atomic_u32_add
 .text.nrf_atomic_u32_sub
                0x00001a00       0x30 Output/Debug/Obj/saadc_pca10040/nrf_atomic.o
                0x00001a00                nrf_atomic_u32_sub
 .text.nrf_atomic_flag_set
                0x00001a30       0x18 Output/Debug/Obj/saadc_pca10040/nrf_atomic.o
                0x00001a30                nrf_atomic_flag_set
 .text.nrf_atomic_flag_clear_fetch
                0x00001a48       0x18 Output/Debug/Obj/saadc_pca10040/nrf_atomic.o
                0x00001a48                nrf_atomic_flag_clear_fetch
 .text.nrf_balloc_idx2block
                0x00001a60       0x38 Output/Debug/Obj/saadc_pca10040/nrf_balloc.o
 .text.nrf_balloc_block2idx
                0x00001a98       0x34 Output/Debug/Obj/saadc_pca10040/nrf_balloc.o
 .text.nrf_balloc_init
                0x00001acc       0xb8 Output/Debug/Obj/saadc_pca10040/nrf_balloc.o
                0x00001acc                nrf_balloc_init
 .text.nrf_balloc_alloc
                0x00001b84       0x84 Output/Debug/Obj/saadc_pca10040/nrf_balloc.o
                0x00001b84                nrf_balloc_alloc
 .text.nrf_balloc_free
                0x00001c08       0x58 Output/Debug/Obj/saadc_pca10040/nrf_balloc.o
                0x00001c08                nrf_balloc_free
 .text.nrf_fprintf_buffer_flush
                0x00001c60       0x44 Output/Debug/Obj/saadc_pca10040/nrf_fprintf.o
                0x00001c60                nrf_fprintf_buffer_flush
 .text.nrf_fprintf
                0x00001ca4       0x74 Output/Debug/Obj/saadc_pca10040/nrf_fprintf.o
                0x00001ca4                nrf_fprintf
 .text.buffer_add
                0x00001d18       0x4c Output/Debug/Obj/saadc_pca10040/nrf_fprintf_format.o
 .text.string_print
                0x00001d64       0xc2 Output/Debug/Obj/saadc_pca10040/nrf_fprintf_format.o
 *fill*         0x00001e26        0x2 
 .text.unsigned_print
                0x00001e28      0x130 Output/Debug/Obj/saadc_pca10040/nrf_fprintf_format.o
 .text.int_print
                0x00001f58      0x11c Output/Debug/Obj/saadc_pca10040/nrf_fprintf_format.o
 .text.nrf_fprintf_fmt
                0x00002074      0x388 Output/Debug/Obj/saadc_pca10040/nrf_fprintf_format.o
                0x00002074                nrf_fprintf_fmt
 .text.nrf_memobj_pool_init
                0x000023fc       0x16 Output/Debug/Obj/saadc_pca10040/nrf_memobj.o
                0x000023fc                nrf_memobj_pool_init
 .text.nrf_memobj_alloc
                0x00002412       0xae Output/Debug/Obj/saadc_pca10040/nrf_memobj.o
                0x00002412                nrf_memobj_alloc
 .text.nrf_memobj_free
                0x000024c0       0x74 Output/Debug/Obj/saadc_pca10040/nrf_memobj.o
                0x000024c0                nrf_memobj_free
 .text.nrf_memobj_get
                0x00002534       0x1e Output/Debug/Obj/saadc_pca10040/nrf_memobj.o
                0x00002534                nrf_memobj_get
 .text.nrf_memobj_put
                0x00002552       0x34 Output/Debug/Obj/saadc_pca10040/nrf_memobj.o
                0x00002552                nrf_memobj_put
 *fill*         0x00002586        0x2 
 .text.memobj_op
                0x00002588      0x124 Output/Debug/Obj/saadc_pca10040/nrf_memobj.o
 .text.nrf_memobj_write
                0x000026ac       0x3c Output/Debug/Obj/saadc_pca10040/nrf_memobj.o
                0x000026ac                nrf_memobj_write
 .text.nrf_memobj_read
                0x000026e8       0x40 Output/Debug/Obj/saadc_pca10040/nrf_memobj.o
                0x000026e8                nrf_memobj_read
 .text.nrf_ringbuf_init
                0x00002728       0x3a Output/Debug/Obj/saadc_pca10040/nrf_ringbuf.o
                0x00002728                nrf_ringbuf_init
 *fill*         0x00002762        0x2 
 .text.nrf_strerror_get
                0x00002764       0x28 Output/Debug/Obj/saadc_pca10040/nrf_strerror.o
                0x00002764                nrf_strerror_get
 .text.nrf_strerror_find
                0x0000278c       0x68 Output/Debug/Obj/saadc_pca10040/nrf_strerror.o
                0x0000278c                nrf_strerror_find
 .text.nrf_drv_ppi_init
                0x000027f4       0x1c Output/Debug/Obj/saadc_pca10040/nrf_drv_ppi.o
                0x000027f4                nrf_drv_ppi_init
 .text.uarte_evt_handler
                0x00002810       0x50 Output/Debug/Obj/saadc_pca10040/nrf_drv_uart.o
 .text.uart_evt_handler
                0x00002860       0x50 Output/Debug/Obj/saadc_pca10040/nrf_drv_uart.o
 .text.nrf_drv_uart_init
                0x000028b0       0xc0 Output/Debug/Obj/saadc_pca10040/nrf_drv_uart.o
                0x000028b0                nrf_drv_uart_init
 .text.nrf_ppi_channel_enable
                0x00002970       0x24 Output/Debug/Obj/saadc_pca10040/nrfx_ppi.o
 .text.nrf_ppi_channel_endpoint_setup
                0x00002994       0x34 Output/Debug/Obj/saadc_pca10040/nrfx_ppi.o
 .text.nrfx_ppi_channel_to_mask
                0x000029c8       0x18 Output/Debug/Obj/saadc_pca10040/nrfx_ppi.o
 .text.is_programmable_app_channel
                0x000029e0       0x2c Output/Debug/Obj/saadc_pca10040/nrfx_ppi.o
 .text.are_app_channels
                0x00002a0c        0xc Output/Debug/Obj/saadc_pca10040/nrfx_ppi.o
 .text.is_app_channel
                0x00002a18       0x26 Output/Debug/Obj/saadc_pca10040/nrfx_ppi.o
 *fill*         0x00002a3e        0x2 
 .text.is_allocated_channel
                0x00002a40       0x34 Output/Debug/Obj/saadc_pca10040/nrfx_ppi.o
 .text.channel_allocated_set
                0x00002a74       0x2c Output/Debug/Obj/saadc_pca10040/nrfx_ppi.o
 .text.nrfx_ppi_channel_alloc
                0x00002aa0       0xa8 Output/Debug/Obj/saadc_pca10040/nrfx_ppi.o
                0x00002aa0                nrfx_ppi_channel_alloc
 .text.nrfx_ppi_channel_assign
                0x00002b48       0x72 Output/Debug/Obj/saadc_pca10040/nrfx_ppi.o
                0x00002b48                nrfx_ppi_channel_assign
 .text.nrfx_ppi_channel_enable
                0x00002bba       0x6a Output/Debug/Obj/saadc_pca10040/nrfx_ppi.o
                0x00002bba                nrfx_ppi_channel_enable
 .text.UARTE0_UART0_IRQHandler
                0x00002c24       0x24 Output/Debug/Obj/saadc_pca10040/nrfx_prs.o
                0x00002c24                UARTE0_UART0_IRQHandler
 .text.prs_box_get
                0x00002c48       0x20 Output/Debug/Obj/saadc_pca10040/nrfx_prs.o
 .text.nrfx_prs_acquire
                0x00002c68       0x74 Output/Debug/Obj/saadc_pca10040/nrfx_prs.o
                0x00002c68                nrfx_prs_acquire
 .text.nrfx_prs_release
                0x00002cdc       0x3c Output/Debug/Obj/saadc_pca10040/nrfx_prs.o
                0x00002cdc                nrfx_prs_release
 .text.__NVIC_EnableIRQ
                0x00002d18       0x34 Output/Debug/Obj/saadc_pca10040/nrfx_saadc.o
 .text.__NVIC_SetPriority
                0x00002d4c       0x50 Output/Debug/Obj/saadc_pca10040/nrfx_saadc.o
 .text._NRFX_IRQ_PRIORITY_SET
                0x00002d9c       0x40 Output/Debug/Obj/saadc_pca10040/nrfx_saadc.o
 .text._NRFX_IRQ_ENABLE
                0x00002ddc       0x1c Output/Debug/Obj/saadc_pca10040/nrfx_saadc.o
 .text.nrf_saadc_task_trigger
                0x00002df8       0x1e Output/Debug/Obj/saadc_pca10040/nrfx_saadc.o
 .text.nrf_saadc_task_address_get
                0x00002e16       0x1a Output/Debug/Obj/saadc_pca10040/nrfx_saadc.o
 .text.nrf_saadc_event_check
                0x00002e30       0x26 Output/Debug/Obj/saadc_pca10040/nrfx_saadc.o
 .text.nrf_saadc_event_clear
                0x00002e56       0x30 Output/Debug/Obj/saadc_pca10040/nrfx_saadc.o
 *fill*         0x00002e86        0x2 
 .text.nrf_saadc_channel_input_set
                0x00002e88       0x44 Output/Debug/Obj/saadc_pca10040/nrfx_saadc.o
 .text.nrf_saadc_int_enable
                0x00002ecc       0x18 Output/Debug/Obj/saadc_pca10040/nrfx_saadc.o
 .text.nrf_saadc_int_disable
                0x00002ee4       0x18 Output/Debug/Obj/saadc_pca10040/nrfx_saadc.o
 .text.nrf_saadc_enable
                0x00002efc       0x10 Output/Debug/Obj/saadc_pca10040/nrfx_saadc.o
 .text.nrf_saadc_disable
                0x00002f0c       0x10 Output/Debug/Obj/saadc_pca10040/nrfx_saadc.o
 .text.nrf_saadc_buffer_init
                0x00002f1c       0x20 Output/Debug/Obj/saadc_pca10040/nrfx_saadc.o
 .text.nrf_saadc_resolution_set
                0x00002f3c       0x1c Output/Debug/Obj/saadc_pca10040/nrfx_saadc.o
 .text.nrf_saadc_oversample_set
                0x00002f58       0x1c Output/Debug/Obj/saadc_pca10040/nrfx_saadc.o
 .text.nrf_saadc_oversample_get
                0x00002f74       0x10 Output/Debug/Obj/saadc_pca10040/nrfx_saadc.o
 .text.nrf_saadc_channel_init
                0x00002f84       0x8c Output/Debug/Obj/saadc_pca10040/nrfx_saadc.o
 .text.SAADC_IRQHandler
                0x00003010      0x258 Output/Debug/Obj/saadc_pca10040/nrfx_saadc.o
                0x00003010                SAADC_IRQHandler
 .text.nrfx_saadc_init
                0x00003268       0xe0 Output/Debug/Obj/saadc_pca10040/nrfx_saadc.o
                0x00003268                nrfx_saadc_init
 .text.nrfx_saadc_channel_init
                0x00003348      0x124 Output/Debug/Obj/saadc_pca10040/nrfx_saadc.o
                0x00003348                nrfx_saadc_channel_init
 .text.nrfx_saadc_sample_task_get
                0x0000346c       0x24 Output/Debug/Obj/saadc_pca10040/nrfx_saadc.o
                0x0000346c                nrfx_saadc_sample_task_get
 .text.nrfx_saadc_buffer_convert
                0x00003490      0x148 Output/Debug/Obj/saadc_pca10040/nrfx_saadc.o
                0x00003490                nrfx_saadc_buffer_convert
 .text.__NVIC_EnableIRQ
                0x000035d8       0x34 Output/Debug/Obj/saadc_pca10040/nrfx_timer.o
 .text.__NVIC_SetPriority
                0x0000360c       0x50 Output/Debug/Obj/saadc_pca10040/nrfx_timer.o
 .text.nrfx_get_irq_number
                0x0000365c       0x10 Output/Debug/Obj/saadc_pca10040/nrfx_timer.o
 .text._NRFX_IRQ_PRIORITY_SET
                0x0000366c       0x40 Output/Debug/Obj/saadc_pca10040/nrfx_timer.o
 .text._NRFX_IRQ_ENABLE
                0x000036ac       0x1c Output/Debug/Obj/saadc_pca10040/nrfx_timer.o
 .text.nrf_timer_task_trigger
                0x000036c8       0x1c Output/Debug/Obj/saadc_pca10040/nrfx_timer.o
 .text.nrf_timer_event_clear
                0x000036e4       0x2a Output/Debug/Obj/saadc_pca10040/nrfx_timer.o
 .text.nrf_timer_event_check
                0x0000370e       0x24 Output/Debug/Obj/saadc_pca10040/nrfx_timer.o
 .text.nrf_timer_shorts_enable
                0x00003732       0x1c Output/Debug/Obj/saadc_pca10040/nrfx_timer.o
 .text.nrf_timer_shorts_disable
                0x0000374e       0x1e Output/Debug/Obj/saadc_pca10040/nrfx_timer.o
 .text.nrf_timer_int_enable
                0x0000376c       0x14 Output/Debug/Obj/saadc_pca10040/nrfx_timer.o
 .text.nrf_timer_int_disable
                0x00003780       0x14 Output/Debug/Obj/saadc_pca10040/nrfx_timer.o
 .text.nrf_timer_int_enable_check
                0x00003794       0x20 Output/Debug/Obj/saadc_pca10040/nrfx_timer.o
 .text.nrf_timer_mode_set
                0x000037b4       0x2a Output/Debug/Obj/saadc_pca10040/nrfx_timer.o
 .text.nrf_timer_bit_width_set
                0x000037de       0x2a Output/Debug/Obj/saadc_pca10040/nrfx_timer.o
 .text.nrf_timer_frequency_set
                0x00003808       0x2a Output/Debug/Obj/saadc_pca10040/nrfx_timer.o
 .text.nrf_timer_cc_write
                0x00003832       0x22 Output/Debug/Obj/saadc_pca10040/nrfx_timer.o
 .text.nrf_timer_compare_event_get
                0x00003854       0x14 Output/Debug/Obj/saadc_pca10040/nrfx_timer.o
 .text.nrf_timer_compare_int_get
                0x00003868       0x14 Output/Debug/Obj/saadc_pca10040/nrfx_timer.o
 .text.nrfx_timer_init
                0x0000387c      0x1f4 Output/Debug/Obj/saadc_pca10040/nrfx_timer.o
                0x0000387c                nrfx_timer_init
 .text.nrfx_timer_enable
                0x00003a70       0x5c Output/Debug/Obj/saadc_pca10040/nrfx_timer.o
                0x00003a70                nrfx_timer_enable
 .text.nrfx_timer_compare
                0x00003acc       0x72 Output/Debug/Obj/saadc_pca10040/nrfx_timer.o
                0x00003acc                nrfx_timer_compare
 .text.nrfx_timer_extended_compare
                0x00003b3e       0x56 Output/Debug/Obj/saadc_pca10040/nrfx_timer.o
                0x00003b3e                nrfx_timer_extended_compare
 .text.irq_handler
                0x00003b94       0x8e Output/Debug/Obj/saadc_pca10040/nrfx_timer.o
 *fill*         0x00003c22        0x2 
 .text.TIMER0_IRQHandler
                0x00003c24       0x18 Output/Debug/Obj/saadc_pca10040/nrfx_timer.o
                0x00003c24                TIMER0_IRQHandler
 .text.TIMER1_IRQHandler
                0x00003c3c       0x18 Output/Debug/Obj/saadc_pca10040/nrfx_timer.o
                0x00003c3c                TIMER1_IRQHandler
 .text.__NVIC_EnableIRQ
                0x00003c54       0x34 Output/Debug/Obj/saadc_pca10040/nrfx_uart.o
 .text.__NVIC_DisableIRQ
                0x00003c88       0x44 Output/Debug/Obj/saadc_pca10040/nrfx_uart.o
 .text.__NVIC_SetPriority
                0x00003ccc       0x50 Output/Debug/Obj/saadc_pca10040/nrfx_uart.o
 .text.nrfx_get_irq_number
                0x00003d1c       0x10 Output/Debug/Obj/saadc_pca10040/nrfx_uart.o
 .text._NRFX_IRQ_PRIORITY_SET
                0x00003d2c       0x40 Output/Debug/Obj/saadc_pca10040/nrfx_uart.o
 .text._NRFX_IRQ_ENABLE
                0x00003d6c       0x1c Output/Debug/Obj/saadc_pca10040/nrfx_uart.o
 .text._NRFX_IRQ_DISABLE
                0x00003d88       0x1c Output/Debug/Obj/saadc_pca10040/nrfx_uart.o
 .text.nrf_uart_event_clear
                0x00003da4       0x2a Output/Debug/Obj/saadc_pca10040/nrfx_uart.o
 .text.nrf_uart_event_check
                0x00003dce       0x24 Output/Debug/Obj/saadc_pca10040/nrfx_uart.o
 .text.nrf_uart_int_enable
                0x00003df2       0x14 Output/Debug/Obj/saadc_pca10040/nrfx_uart.o
 .text.nrf_uart_int_enable_check
                0x00003e06       0x20 Output/Debug/Obj/saadc_pca10040/nrfx_uart.o
 .text.nrf_uart_int_disable
                0x00003e26       0x14 Output/Debug/Obj/saadc_pca10040/nrfx_uart.o
 .text.nrf_uart_errorsrc_get_and_clear
                0x00003e3a       0x1c Output/Debug/Obj/saadc_pca10040/nrfx_uart.o
 .text.nrf_uart_enable
                0x00003e56       0x12 Output/Debug/Obj/saadc_pca10040/nrfx_uart.o
 .text.nrf_uart_disable
                0x00003e68       0x12 Output/Debug/Obj/saadc_pca10040/nrfx_uart.o
 .text.nrf_uart_txrx_pins_set
                0x00003e7a       0x1e Output/Debug/Obj/saadc_pca10040/nrfx_uart.o
 .text.nrf_uart_txrx_pins_disconnect
                0x00003e98       0x1c Output/Debug/Obj/saadc_pca10040/nrfx_uart.o
 .text.nrf_uart_tx_pin_get
                0x00003eb4       0x10 Output/Debug/Obj/saadc_pca10040/nrfx_uart.o
 .text.nrf_uart_rx_pin_get
                0x00003ec4       0x10 Output/Debug/Obj/saadc_pca10040/nrfx_uart.o
 .text.nrf_uart_rts_pin_get
                0x00003ed4       0x10 Output/Debug/Obj/saadc_pca10040/nrfx_uart.o
 .text.nrf_uart_cts_pin_get
                0x00003ee4       0x10 Output/Debug/Obj/saadc_pca10040/nrfx_uart.o
 .text.nrf_uart_hwfc_pins_set
                0x00003ef4       0x1e Output/Debug/Obj/saadc_pca10040/nrfx_uart.o
 .text.nrf_uart_hwfc_pins_disconnect
                0x00003f12       0x1c Output/Debug/Obj/saadc_pca10040/nrfx_uart.o
 .text.nrf_uart_rxd_get
                0x00003f2e       0x12 Output/Debug/Obj/saadc_pca10040/nrfx_uart.o
 .text.nrf_uart_txd_set
                0x00003f40       0x1a Output/Debug/Obj/saadc_pca10040/nrfx_uart.o
 .text.nrf_uart_task_trigger
                0x00003f5a       0x1c Output/Debug/Obj/saadc_pca10040/nrfx_uart.o
 .text.nrf_uart_configure
                0x00003f76       0x2a Output/Debug/Obj/saadc_pca10040/nrfx_uart.o
 .text.nrf_uart_baudrate_set
                0x00003fa0       0x14 Output/Debug/Obj/saadc_pca10040/nrfx_uart.o
 .text.nrf_gpio_pin_port_decode
                0x00003fb4       0x30 Output/Debug/Obj/saadc_pca10040/nrfx_uart.o
 .text.nrf_gpio_cfg
                0x00003fe4       0x62 Output/Debug/Obj/saadc_pca10040/nrfx_uart.o
 .text.nrf_gpio_cfg_output
                0x00004046       0x22 Output/Debug/Obj/saadc_pca10040/nrfx_uart.o
 .text.nrf_gpio_cfg_input
                0x00004068       0x2a Output/Debug/Obj/saadc_pca10040/nrfx_uart.o
 .text.nrf_gpio_cfg_default
                0x00004092       0x22 Output/Debug/Obj/saadc_pca10040/nrfx_uart.o
 .text.nrf_gpio_pin_set
                0x000040b4       0x28 Output/Debug/Obj/saadc_pca10040/nrfx_uart.o
 .text.nrf_gpio_port_out_set
                0x000040dc       0x14 Output/Debug/Obj/saadc_pca10040/nrfx_uart.o
 .text.nrf_gpio_pin_present_check
                0x000040f0       0x40 Output/Debug/Obj/saadc_pca10040/nrfx_uart.o
 .text.apply_config
                0x00004130       0xc6 Output/Debug/Obj/saadc_pca10040/nrfx_uart.o
 *fill*         0x000041f6        0x2 
 .text.interrupts_enable
                0x000041f8       0x6c Output/Debug/Obj/saadc_pca10040/nrfx_uart.o
 .text.interrupts_disable
                0x00004264       0x30 Output/Debug/Obj/saadc_pca10040/nrfx_uart.o
 .text.pins_to_default
                0x00004294       0x8a Output/Debug/Obj/saadc_pca10040/nrfx_uart.o
 *fill*         0x0000431e        0x2 
 .text.nrfx_uart_init
                0x00004320       0xd4 Output/Debug/Obj/saadc_pca10040/nrfx_uart.o
                0x00004320                nrfx_uart_init
 .text.nrfx_uart_uninit
                0x000043f4       0x5c Output/Debug/Obj/saadc_pca10040/nrfx_uart.o
                0x000043f4                nrfx_uart_uninit
 .text.tx_byte  0x00004450       0x40 Output/Debug/Obj/saadc_pca10040/nrfx_uart.o
 .text.tx_blocking
                0x00004490       0x52 Output/Debug/Obj/saadc_pca10040/nrfx_uart.o
 *fill*         0x000044e2        0x2 
 .text.nrfx_uart_tx
                0x000044e4      0x110 Output/Debug/Obj/saadc_pca10040/nrfx_uart.o
                0x000044e4                nrfx_uart_tx
 .text.nrfx_uart_tx_in_progress
                0x000045f4       0x2c Output/Debug/Obj/saadc_pca10040/nrfx_uart.o
                0x000045f4                nrfx_uart_tx_in_progress
 .text.rx_byte  0x00004620       0x4e Output/Debug/Obj/saadc_pca10040/nrfx_uart.o
 .text.rx_done_event
                0x0000466e       0x2e Output/Debug/Obj/saadc_pca10040/nrfx_uart.o
 .text.tx_done_event
                0x0000469c       0x34 Output/Debug/Obj/saadc_pca10040/nrfx_uart.o
 .text.uart_irq_handler
                0x000046d0      0x1de Output/Debug/Obj/saadc_pca10040/nrfx_uart.o
 *fill*         0x000048ae        0x2 
 .text.nrfx_uart_0_irq_handler
                0x000048b0       0x18 Output/Debug/Obj/saadc_pca10040/nrfx_uart.o
                0x000048b0                nrfx_uart_0_irq_handler
 .text.__NVIC_EnableIRQ
                0x000048c8       0x34 Output/Debug/Obj/saadc_pca10040/nrfx_uarte.o
 .text.__NVIC_DisableIRQ
                0x000048fc       0x44 Output/Debug/Obj/saadc_pca10040/nrfx_uarte.o
 .text.__NVIC_SetPriority
                0x00004940       0x50 Output/Debug/Obj/saadc_pca10040/nrfx_uarte.o
 .text.nrfx_is_in_ram
                0x00004990       0x1c Output/Debug/Obj/saadc_pca10040/nrfx_uarte.o
 .text.nrfx_get_irq_number
                0x000049ac       0x10 Output/Debug/Obj/saadc_pca10040/nrfx_uarte.o
 .text._NRFX_IRQ_PRIORITY_SET
                0x000049bc       0x40 Output/Debug/Obj/saadc_pca10040/nrfx_uarte.o
 .text._NRFX_IRQ_ENABLE
                0x000049fc       0x1c Output/Debug/Obj/saadc_pca10040/nrfx_uarte.o
 .text._NRFX_IRQ_DISABLE
                0x00004a18       0x1c Output/Debug/Obj/saadc_pca10040/nrfx_uarte.o
 .text.nrf_uarte_event_clear
                0x00004a34       0x2a Output/Debug/Obj/saadc_pca10040/nrfx_uarte.o
 .text.nrf_uarte_event_check
                0x00004a5e       0x24 Output/Debug/Obj/saadc_pca10040/nrfx_uarte.o
 .text.nrf_uarte_shorts_disable
                0x00004a82       0x1e Output/Debug/Obj/saadc_pca10040/nrfx_uarte.o
 .text.nrf_uarte_int_enable
                0x00004aa0       0x14 Output/Debug/Obj/saadc_pca10040/nrfx_uarte.o
 .text.nrf_uarte_int_disable
                0x00004ab4       0x14 Output/Debug/Obj/saadc_pca10040/nrfx_uarte.o
 .text.nrf_uarte_errorsrc_get_and_clear
                0x00004ac8       0x1c Output/Debug/Obj/saadc_pca10040/nrfx_uarte.o
 .text.nrf_uarte_enable
                0x00004ae4       0x12 Output/Debug/Obj/saadc_pca10040/nrfx_uarte.o
 .text.nrf_uarte_disable
                0x00004af6       0x12 Output/Debug/Obj/saadc_pca10040/nrfx_uarte.o
 .text.nrf_uarte_txrx_pins_set
                0x00004b08       0x1e Output/Debug/Obj/saadc_pca10040/nrfx_uarte.o
 .text.nrf_uarte_txrx_pins_disconnect
                0x00004b26       0x1c Output/Debug/Obj/saadc_pca10040/nrfx_uarte.o
 .text.nrf_uarte_tx_pin_get
                0x00004b42       0x10 Output/Debug/Obj/saadc_pca10040/nrfx_uarte.o
 .text.nrf_uarte_rx_pin_get
                0x00004b52       0x10 Output/Debug/Obj/saadc_pca10040/nrfx_uarte.o
 .text.nrf_uarte_rts_pin_get
                0x00004b62       0x10 Output/Debug/Obj/saadc_pca10040/nrfx_uarte.o
 .text.nrf_uarte_cts_pin_get
                0x00004b72       0x10 Output/Debug/Obj/saadc_pca10040/nrfx_uarte.o
 .text.nrf_uarte_hwfc_pins_set
                0x00004b82       0x1e Output/Debug/Obj/saadc_pca10040/nrfx_uarte.o
 .text.nrf_uarte_hwfc_pins_disconnect
                0x00004ba0       0x1c Output/Debug/Obj/saadc_pca10040/nrfx_uarte.o
 .text.nrf_uarte_task_trigger
                0x00004bbc       0x1c Output/Debug/Obj/saadc_pca10040/nrfx_uarte.o
 .text.nrf_uarte_configure
                0x00004bd8       0x2a Output/Debug/Obj/saadc_pca10040/nrfx_uarte.o
 .text.nrf_uarte_baudrate_set
                0x00004c02       0x14 Output/Debug/Obj/saadc_pca10040/nrfx_uarte.o
 .text.nrf_uarte_tx_buffer_set
                0x00004c16       0x1e Output/Debug/Obj/saadc_pca10040/nrfx_uarte.o
 .text.nrf_uarte_tx_amount_get
                0x00004c34       0x10 Output/Debug/Obj/saadc_pca10040/nrfx_uarte.o
 .text.nrf_uarte_rx_amount_get
                0x00004c44       0x10 Output/Debug/Obj/saadc_pca10040/nrfx_uarte.o
 .text.nrf_gpio_pin_port_decode
                0x00004c54       0x30 Output/Debug/Obj/saadc_pca10040/nrfx_uarte.o
 .text.nrf_gpio_cfg
                0x00004c84       0x62 Output/Debug/Obj/saadc_pca10040/nrfx_uarte.o
 .text.nrf_gpio_cfg_output
                0x00004ce6       0x22 Output/Debug/Obj/saadc_pca10040/nrfx_uarte.o
 .text.nrf_gpio_cfg_input
                0x00004d08       0x2a Output/Debug/Obj/saadc_pca10040/nrfx_uarte.o
 .text.nrf_gpio_cfg_default
                0x00004d32       0x22 Output/Debug/Obj/saadc_pca10040/nrfx_uarte.o
 .text.nrf_gpio_pin_set
                0x00004d54       0x28 Output/Debug/Obj/saadc_pca10040/nrfx_uarte.o
 .text.nrf_gpio_port_out_set
                0x00004d7c       0x14 Output/Debug/Obj/saadc_pca10040/nrfx_uarte.o
 .text.nrf_gpio_pin_present_check
                0x00004d90       0x40 Output/Debug/Obj/saadc_pca10040/nrfx_uarte.o
 .text.apply_config
                0x00004dd0       0xc6 Output/Debug/Obj/saadc_pca10040/nrfx_uarte.o
 *fill*         0x00004e96        0x2 
 .text.interrupts_enable
                0x00004e98       0x98 Output/Debug/Obj/saadc_pca10040/nrfx_uarte.o
 .text.interrupts_disable
                0x00004f30       0x30 Output/Debug/Obj/saadc_pca10040/nrfx_uarte.o
 .text.pins_to_default
                0x00004f60       0x8a Output/Debug/Obj/saadc_pca10040/nrfx_uarte.o
 *fill*         0x00004fea        0x2 
 .text.nrfx_uarte_init
                0x00004fec       0xcc Output/Debug/Obj/saadc_pca10040/nrfx_uarte.o
                0x00004fec                nrfx_uarte_init
 .text.nrfx_uarte_uninit
                0x000050b8       0xc4 Output/Debug/Obj/saadc_pca10040/nrfx_uarte.o
                0x000050b8                nrfx_uarte_uninit
 .text.nrfx_uarte_tx
                0x0000517c      0x17c Output/Debug/Obj/saadc_pca10040/nrfx_uarte.o
                0x0000517c                nrfx_uarte_tx
 .text.nrfx_uarte_tx_in_progress
                0x000052f8       0x30 Output/Debug/Obj/saadc_pca10040/nrfx_uarte.o
                0x000052f8                nrfx_uarte_tx_in_progress
 .text.rx_done_event
                0x00005328       0x2e Output/Debug/Obj/saadc_pca10040/nrfx_uarte.o
 .text.tx_done_event
                0x00005356       0x34 Output/Debug/Obj/saadc_pca10040/nrfx_uarte.o
 .text.uarte_irq_handler
                0x0000538a      0x18c Output/Debug/Obj/saadc_pca10040/nrfx_uarte.o
 *fill*         0x00005516        0x2 
 .text.nrfx_uarte_0_irq_handler
                0x00005518       0x18 Output/Debug/Obj/saadc_pca10040/nrfx_uarte.o
                0x00005518                nrfx_uarte_0_irq_handler
 .text.nrf_drv_saadc_init
                0x00005530       0x28 Output/Debug/Obj/saadc_pca10040/main.o
 .text.nrf_timer_event_address_get
                0x00005558       0x18 Output/Debug/Obj/saadc_pca10040/main.o
 .text.nrf_timer_frequency_get
                0x00005570       0x12 Output/Debug/Obj/saadc_pca10040/main.o
 .text.nrf_timer_compare_event_get
                0x00005582       0x14 Output/Debug/Obj/saadc_pca10040/main.o
 *fill*         0x00005596        0x2 
 .text.nrf_timer_ms_to_ticks
                0x00005598       0xb8 Output/Debug/Obj/saadc_pca10040/main.o
 .text.nrfx_timer_compare_event_address_get
                0x00005650       0x40 Output/Debug/Obj/saadc_pca10040/main.o
 .text.nrfx_timer_ms_to_ticks
                0x00005690       0x26 Output/Debug/Obj/saadc_pca10040/main.o
 .text.timer_handler
                0x000056b6       0x10 Output/Debug/Obj/saadc_pca10040/main.o
                0x000056b6                timer_handler
 *fill*         0x000056c6        0x2 
 .text.timer_with_ppi_init
                0x000056c8       0xec Output/Debug/Obj/saadc_pca10040/main.o
                0x000056c8                timer_with_ppi_init
 *fill*         0x000057b4        0x4 
 .text.saadc_callback_handler
                0x000057b8      0x190 Output/Debug/Obj/saadc_pca10040/main.o
                0x000057b8                saadc_callback_handler
 .text.saadc_init
                0x00005948       0xa4 Output/Debug/Obj/saadc_pca10040/main.o
                0x00005948                saadc_init
 .text.main     0x000059ec       0x7c Output/Debug/Obj/saadc_pca10040/main.o
                0x000059ec                main
 .text.__NVIC_SystemReset
                0x00005a68       0x28 Output/Debug/Obj/saadc_pca10040/system_nrf52.o
 .text.nrf52_errata_12
                0x00005a90       0x88 Output/Debug/Obj/saadc_pca10040/system_nrf52.o
 .text.nrf52_errata_16
                0x00005b18       0x68 Output/Debug/Obj/saadc_pca10040/system_nrf52.o
 .text.nrf52_errata_31
                0x00005b80       0x88 Output/Debug/Obj/saadc_pca10040/system_nrf52.o
 .text.nrf52_errata_32
                0x00005c08       0x68 Output/Debug/Obj/saadc_pca10040/system_nrf52.o
 .text.nrf52_errata_36
                0x00005c70       0x88 Output/Debug/Obj/saadc_pca10040/system_nrf52.o
 .text.nrf52_errata_37
                0x00005cf8       0x68 Output/Debug/Obj/saadc_pca10040/system_nrf52.o
 .text.nrf52_errata_57
                0x00005d60       0x68 Output/Debug/Obj/saadc_pca10040/system_nrf52.o
 .text.nrf52_errata_66
                0x00005dc8       0x88 Output/Debug/Obj/saadc_pca10040/system_nrf52.o
 .text.nrf52_errata_108
                0x00005e50       0x88 Output/Debug/Obj/saadc_pca10040/system_nrf52.o
 .text.nrf52_errata_136
                0x00005ed8       0x88 Output/Debug/Obj/saadc_pca10040/system_nrf52.o
 .text.nrf52_errata_182
                0x00005f60       0x60 Output/Debug/Obj/saadc_pca10040/system_nrf52.o
 .text.nrf52_errata_249
                0x00005fc0       0x60 Output/Debug/Obj/saadc_pca10040/system_nrf52.o
 .text.nrf52_handle_approtect
                0x00006020       0x20 Output/Debug/Obj/saadc_pca10040/system_nrf52.o
 .text.nvmc_wait
                0x00006040       0x18 Output/Debug/Obj/saadc_pca10040/system_nrf52.o
                0x00006040                nvmc_wait
 .text.nvmc_config
                0x00006058       0x20 Output/Debug/Obj/saadc_pca10040/system_nrf52.o
                0x00006058                nvmc_config
 .text.SystemCoreClockUpdate
                0x00006078       0x14 Output/Debug/Obj/saadc_pca10040/system_nrf52.o
                0x00006078                SystemCoreClockUpdate
 .text.SystemInit
                0x0000608c      0x2ac Output/Debug/Obj/saadc_pca10040/system_nrf52.o
                0x0000608c                SystemInit
 .text.libc.__aeabi_dmul
                0x00006338      0x130 C:/Program Files/SEGGER/SEGGER Embedded Studio 8.22a/lib/libc_v7em_fpv4_sp_d16_hard_t_le_eabi_balanced.a(floatasmops_arm.o)
                0x00006338                __aeabi_dmul
 .text.libc.__aeabi_ddiv
                0x00006468      0x1c4 C:/Program Files/SEGGER/SEGGER Embedded Studio 8.22a/lib/libc_v7em_fpv4_sp_d16_hard_t_le_eabi_balanced.a(floatasmops_arm.o)
                0x00006468                __aeabi_ddiv
 .text.libc.__aeabi_i2d
                0x0000662c       0x24 C:/Program Files/SEGGER/SEGGER Embedded Studio 8.22a/lib/libc_v7em_fpv4_sp_d16_hard_t_le_eabi_balanced.a(floatasmops_arm.o)
                0x0000662c                __aeabi_i2d
 .text.libc.__aeabi_d2f
                0x00006650       0x4c C:/Program Files/SEGGER/SEGGER Embedded Studio 8.22a/lib/libc_v7em_fpv4_sp_d16_hard_t_le_eabi_balanced.a(floatasmops_arm.o)
                0x00006650                __aeabi_d2f
 .text.libc.__SEGGER_RTL_init_heap
                0x0000669c       0x18 C:/Program Files/SEGGER/SEGGER Embedded Studio 8.22a/lib/heapops_basic_v7em_fpv4_sp_d16_hard_t_le_eabi_balanced.a(heapops_basic.o)
                0x0000669c                __SEGGER_RTL_init_heap
 .text.libc.strlen
                0x000066b4       0x2c C:/Program Files/SEGGER/SEGGER Embedded Studio 8.22a/lib/strops_unaligned_v7em_fpv4_sp_d16_hard_t_le_eabi_balanced.a(strops.o)
                0x000066b4                strlen
 .text.libc.memcpy
                0x000066e0       0x5c C:/Program Files/SEGGER/SEGGER Embedded Studio 8.22a/lib/strops_unaligned_v7em_fpv4_sp_d16_hard_t_le_eabi_balanced.a(strasmops_arm.o)
                0x000066e0                __aeabi_memcpy
                0x000066e0                memcpy
                0x000066fe                __aeabi_memcpy8
                0x000066fe                __aeabi_memcpy4
 .text.libc.__SEGGER_RTL_ascii_mbtowc
                0x0000673c       0x34 C:/Program Files/SEGGER/SEGGER Embedded Studio 8.22a/lib/mbops_timeops_v7em_fpv4_sp_d16_hard_t_le_eabi_balanced.a(mbops.o)
                0x0000673c                __SEGGER_RTL_ascii_mbtowc
 .text.libc.__SEGGER_RTL_ascii_wctomb
                0x00006770        0xe C:/Program Files/SEGGER/SEGGER Embedded Studio 8.22a/lib/mbops_timeops_v7em_fpv4_sp_d16_hard_t_le_eabi_balanced.a(mbops.o)
                0x00006770                __SEGGER_RTL_ascii_wctomb
 .text.libc.isprint
                0x0000677e       0x20 C:/Program Files/SEGGER/SEGGER Embedded Studio 8.22a/lib/mbops_timeops_v7em_fpv4_sp_d16_hard_t_le_eabi_balanced.a(mbops.o)
                0x0000677e                isprint
 .text.libc.__SEGGER_RTL_ascii_isctype
                0x0000679e       0x20 C:/Program Files/SEGGER/SEGGER Embedded Studio 8.22a/lib/mbops_timeops_v7em_fpv4_sp_d16_hard_t_le_eabi_balanced.a(mbops.o)
 .text.libc.__SEGGER_RTL_ascii_toupper
                0x000067be        0xc C:/Program Files/SEGGER/SEGGER Embedded Studio 8.22a/lib/mbops_timeops_v7em_fpv4_sp_d16_hard_t_le_eabi_balanced.a(mbops.o)
 .text.libc.__SEGGER_RTL_ascii_tolower
                0x000067ca        0xe C:/Program Files/SEGGER/SEGGER Embedded Studio 8.22a/lib/mbops_timeops_v7em_fpv4_sp_d16_hard_t_le_eabi_balanced.a(mbops.o)
 .text.libc.__SEGGER_RTL_ascii_iswctype
                0x000067d8       0x20 C:/Program Files/SEGGER/SEGGER Embedded Studio 8.22a/lib/mbops_timeops_v7em_fpv4_sp_d16_hard_t_le_eabi_balanced.a(mbops.o)
 .text.libc.__SEGGER_RTL_ascii_towupper
                0x000067f8        0xc C:/Program Files/SEGGER/SEGGER Embedded Studio 8.22a/lib/mbops_timeops_v7em_fpv4_sp_d16_hard_t_le_eabi_balanced.a(mbops.o)
 .text.libc.__SEGGER_RTL_ascii_towlower
                0x00006804        0xe C:/Program Files/SEGGER/SEGGER Embedded Studio 8.22a/lib/mbops_timeops_v7em_fpv4_sp_d16_hard_t_le_eabi_balanced.a(mbops.o)
                0x00006812                        __text_end__ = (__text_start__ + SIZEOF (.text))
                0x0000642e                        __text_size__ = SIZEOF (.text)
                0x00006812                        __text_load_end__ = __text_end__

.vfp11_veneer   0x00000000        0x0
 .vfp11_veneer  0x00000000        0x0 linker stubs

.v4_bx          0x00000000        0x0
 .v4_bx         0x00000000        0x0 linker stubs

.iplt           0x00000000        0x0
 .iplt          0x00000000        0x0 Output/Debug/Obj/saadc_pca10040/thumb_crt0.o
                0x00000001                        . = ASSERT (((__text_start__ == __text_end__) || ((__text_end__ - __FLASH1_segment_start__) <= __FLASH1_segment_size__)), error: .text is too large to fit in FLASH1 memory segment)
                0x00006814                        __pwr_mgmt_data_load_start__ = ALIGN (__text_end__, 0x4)

.pwr_mgmt_data  0x00006814        0x0
                0x00006814                        __pwr_mgmt_data_start__ = .
                0x00006814                        __start_pwr_mgmt_data = __pwr_mgmt_data_start__
 *(SORT_BY_NAME(.pwr_mgmt_data*))
                0x00006814                        __pwr_mgmt_data_end__ = (__pwr_mgmt_data_start__ + SIZEOF (.pwr_mgmt_data))
                0x00000000                        __pwr_mgmt_data_size__ = SIZEOF (.pwr_mgmt_data)
                0x00006814                        __stop_pwr_mgmt_data = __pwr_mgmt_data_end__
                0x00006814                        __pwr_mgmt_data_load_end__ = __pwr_mgmt_data_end__
                0x00000001                        . = ASSERT (((__pwr_mgmt_data_start__ == __pwr_mgmt_data_end__) || ((__pwr_mgmt_data_end__ - __FLASH1_segment_start__) <= __FLASH1_segment_size__)), error: .pwr_mgmt_data is too large to fit in FLASH1 memory segment)
                0x00006814                        __log_const_data_load_start__ = ALIGN (__pwr_mgmt_data_end__, 0x4)

.log_const_data
                0x00006814       0x40
                0x00006814                        __log_const_data_start__ = .
                0x00006814                        __start_log_const_data = __log_const_data_start__
 *(SORT_BY_NAME(.log_const_data*))
 .log_const_data_PPI
                0x00006814        0x8 Output/Debug/Obj/saadc_pca10040/nrfx_ppi.o
                0x00006814                m_nrf_log_PPI_logs_data_const
 .log_const_data_PRS
                0x0000681c        0x8 Output/Debug/Obj/saadc_pca10040/nrfx_prs.o
                0x0000681c                m_nrf_log_PRS_logs_data_const
 .log_const_data_SAADC
                0x00006824        0x8 Output/Debug/Obj/saadc_pca10040/nrfx_saadc.o
                0x00006824                m_nrf_log_SAADC_logs_data_const
 .log_const_data_TIMER
                0x0000682c        0x8 Output/Debug/Obj/saadc_pca10040/nrfx_timer.o
                0x0000682c                m_nrf_log_TIMER_logs_data_const
 .log_const_data_UART
                0x00006834        0x8 Output/Debug/Obj/saadc_pca10040/nrfx_uart.o
                0x00006834                m_nrf_log_UART_logs_data_const
 .log_const_data_UARTE
                0x0000683c        0x8 Output/Debug/Obj/saadc_pca10040/nrfx_uarte.o
                0x0000683c                m_nrf_log_UARTE_logs_data_const
 .log_const_data_app
                0x00006844        0x8 Output/Debug/Obj/saadc_pca10040/nrf_log_frontend.o
                0x00006844                m_nrf_log_app_logs_data_const
 .log_const_data_pwr_mgmt
                0x0000684c        0x8 Output/Debug/Obj/saadc_pca10040/nrf_pwr_mgmt.o
                0x0000684c                m_nrf_log_pwr_mgmt_logs_data_const
                0x00006854                        __log_const_data_end__ = (__log_const_data_start__ + SIZEOF (.log_const_data))
                0x00000040                        __log_const_data_size__ = SIZEOF (.log_const_data)
                0x00006854                        __stop_log_const_data = __log_const_data_end__
                0x00006854                        __log_const_data_load_end__ = __log_const_data_end__
                0x00000001                        . = ASSERT (((__log_const_data_start__ == __log_const_data_end__) || ((__log_const_data_end__ - __FLASH1_segment_start__) <= __FLASH1_segment_size__)), error: .log_const_data is too large to fit in FLASH1 memory segment)
                0x00006854                        __log_backends_load_start__ = ALIGN (__log_const_data_end__, 0x4)

.log_backends   0x00006854       0x10
                0x00006854                        __log_backends_start__ = .
                0x00006854                        __start_log_backends = __log_backends_start__
 *(SORT_BY_NAME(.log_backends*))
 .log_backends  0x00006854       0x10 Output/Debug/Obj/saadc_pca10040/nrf_log_default_backends.o
                0x00006864                        __log_backends_end__ = (__log_backends_start__ + SIZEOF (.log_backends))
                0x00000010                        __log_backends_size__ = SIZEOF (.log_backends)
                0x00006864                        __stop_log_backends = __log_backends_end__
                0x00006864                        __log_backends_load_end__ = __log_backends_end__
                0x00000001                        . = ASSERT (((__log_backends_start__ == __log_backends_end__) || ((__log_backends_end__ - __FLASH1_segment_start__) <= __FLASH1_segment_size__)), error: .log_backends is too large to fit in FLASH1 memory segment)
                0x00006864                        __nrf_balloc_load_start__ = ALIGN (__log_backends_end__, 0x4)

.nrf_balloc     0x00006864       0x14
                0x00006864                        __nrf_balloc_start__ = .
                0x00006864                        __start_nrf_balloc = __nrf_balloc_start__
 *(.nrf_balloc*)
 .nrf_balloc    0x00006864       0x14 Output/Debug/Obj/saadc_pca10040/nrf_log_frontend.o
                0x00006864                log_mempool
                0x00006878                        __nrf_balloc_end__ = (__nrf_balloc_start__ + SIZEOF (.nrf_balloc))
                0x00000014                        __nrf_balloc_size__ = SIZEOF (.nrf_balloc)
                0x00006878                        __stop_nrf_balloc = __nrf_balloc_end__
                0x00006878                        __nrf_balloc_load_end__ = __nrf_balloc_end__
                0x00000001                        . = ASSERT (((__nrf_balloc_start__ == __nrf_balloc_end__) || ((__nrf_balloc_end__ - __FLASH1_segment_start__) <= __FLASH1_segment_size__)), error: .nrf_balloc is too large to fit in FLASH1 memory segment)
                0x00006878                        __nrf_sections_load_start__ = ALIGN (__nrf_balloc_end__, 0x4)

.nrf_sections   0x00006878        0x0
                0x00006878                        __nrf_sections_start__ = .
                0x00006878                        __start_nrf_sections = __nrf_sections_start__
 *(.nrf_sections .nrf_sections.*)
                0x00006878                        __nrf_sections_end__ = (__nrf_sections_start__ + SIZEOF (.nrf_sections))
                0x00000000                        __nrf_sections_size__ = SIZEOF (.nrf_sections)
                0x00006878                        __nrf_sections_load_end__ = __nrf_sections_end__
                0x00000001                        . = ASSERT (((__nrf_sections_start__ == __nrf_sections_end__) || ((__nrf_sections_end__ - __FLASH1_segment_start__) <= __FLASH1_segment_size__)), error: .nrf_sections is too large to fit in FLASH1 memory segment)
                0x00006878                        __log_dynamic_data_load_start__ = ALIGN (__nrf_sections_end__, 0x4)

.log_dynamic_data
                0x20000000        0x0 load address 0x00006878
                0x20000000                        __log_dynamic_data_start__ = .
 *(SORT_BY_NAME(.log_dynamic_data*))
                0x20000000                        __log_dynamic_data_end__ = (__log_dynamic_data_start__ + SIZEOF (.log_dynamic_data))
                0x00000000                        __log_dynamic_data_size__ = SIZEOF (.log_dynamic_data)
                0x00006878                        __log_dynamic_data_load_end__ = (__log_dynamic_data_load_start__ + SIZEOF (.log_dynamic_data))
                0x00000001                        . = ASSERT (((__log_dynamic_data_load_start__ == __log_dynamic_data_load_end__) || ((__log_dynamic_data_load_end__ - __FLASH1_segment_start__) <= __FLASH1_segment_size__)), error: .log_dynamic_data is too large to fit in FLASH1 memory segment)

.log_dynamic_data_run
                0x20000000        0x0
                0x20000000                        __log_dynamic_data_run_start__ = .
                0x20000000                        __start_log_dynamic_data = __log_dynamic_data_run_start__
                0x20000000                        __log_dynamic_data_run_end__ = (__log_dynamic_data_run_start__ + SIZEOF (.log_dynamic_data))
                0x00000000                        __log_dynamic_data_run_size__ = (__log_dynamic_data_run_end__ - __log_dynamic_data_run_start__)
                0x20000000                        __stop_log_dynamic_data = __log_dynamic_data_run_end__
                0x20000000                        __log_dynamic_data_run_load_end__ = __log_dynamic_data_run_end__
                0x00000001                        . = ASSERT (((__log_dynamic_data_run_start__ == __log_dynamic_data_run_end__) || ((__log_dynamic_data_run_end__ - __RAM1_segment_start__) <= __RAM1_segment_size__)), error: .log_dynamic_data_run is too large to fit in RAM1 memory segment)
                0x00006878                        __log_filter_data_load_start__ = ALIGN ((__log_dynamic_data_load_start__ + SIZEOF (.log_dynamic_data)), 0x4)

.log_filter_data
                0x20000000        0x0 load address 0x00006878
                0x20000000                        __log_filter_data_start__ = .
 *(SORT_BY_NAME(.log_filter_data*))
                0x20000000                        __log_filter_data_end__ = (__log_filter_data_start__ + SIZEOF (.log_filter_data))
                0x00000000                        __log_filter_data_size__ = SIZEOF (.log_filter_data)
                0x00006878                        __log_filter_data_load_end__ = (__log_filter_data_load_start__ + SIZEOF (.log_filter_data))
                0x00000001                        . = ASSERT (((__log_filter_data_load_start__ == __log_filter_data_load_end__) || ((__log_filter_data_load_end__ - __FLASH1_segment_start__) <= __FLASH1_segment_size__)), error: .log_filter_data is too large to fit in FLASH1 memory segment)

.log_filter_data_run
                0x20000000        0x0
                0x20000000                        __log_filter_data_run_start__ = .
                0x20000000                        __start_log_filter_data = __log_filter_data_run_start__
                0x20000000                        __log_filter_data_run_end__ = (__log_filter_data_run_start__ + SIZEOF (.log_filter_data))
                0x00000000                        __log_filter_data_run_size__ = (__log_filter_data_run_end__ - __log_filter_data_run_start__)
                0x20000000                        __stop_log_filter_data = __log_filter_data_run_end__
                0x20000000                        __log_filter_data_run_load_end__ = __log_filter_data_run_end__
                0x00000001                        . = ASSERT (((__log_filter_data_run_start__ == __log_filter_data_run_end__) || ((__log_filter_data_run_end__ - __RAM1_segment_start__) <= __RAM1_segment_size__)), error: .log_filter_data_run is too large to fit in RAM1 memory segment)
                0x20000000                        __nrf_sections_run_end_load_start__ = ALIGN (__log_filter_data_run_end__, 0x4)

.nrf_sections_run_end
                0x20000000        0x0
                0x20000000                        __nrf_sections_run_end_start__ = .
                0x20000000                        __end_nrf_sections_run = __nrf_sections_run_end_start__
 *(.nrf_sections_run_end .nrf_sections_run_end.*)
                0x20000000                        __nrf_sections_run_end_end__ = (__nrf_sections_run_end_start__ + SIZEOF (.nrf_sections_run_end))
                0x00000000                        __nrf_sections_run_end_size__ = SIZEOF (.nrf_sections_run_end)
                0x20000000                        __nrf_sections_run_end_load_end__ = __nrf_sections_run_end_end__
                0x00000001                        . = ASSERT (((__nrf_sections_run_end_start__ == __nrf_sections_run_end_end__) || ((__nrf_sections_run_end_end__ - __RAM1_segment_start__) <= __RAM1_segment_size__)), error: .nrf_sections_run_end is too large to fit in RAM1 memory segment)
                0x00006878                        __dtors_load_start__ = ALIGN ((__log_filter_data_load_start__ + SIZEOF (.log_filter_data)), 0x4)

.dtors          0x00006878        0x0
                0x00006878                        __dtors_start__ = .
 *(SORT_BY_NAME(.dtors.*))
 *(.dtors)
 *(.fini_array)
 *(SORT_BY_NAME(.fini_array.*))
                0x00006878                        __dtors_end__ = (__dtors_start__ + SIZEOF (.dtors))
                0x00000000                        __dtors_size__ = SIZEOF (.dtors)
                0x00006878                        __dtors_load_end__ = __dtors_end__
                0x00000001                        . = ASSERT (((__dtors_start__ == __dtors_end__) || ((__dtors_end__ - __FLASH1_segment_start__) <= __FLASH1_segment_size__)), error: .dtors is too large to fit in FLASH1 memory segment)
                0x00006878                        __ctors_load_start__ = ALIGN (__dtors_end__, 0x4)

.ctors          0x00006878        0x0
                0x00006878                        __ctors_start__ = .
 *(SORT_BY_NAME(.ctors.*))
 *(.ctors)
 *(.init_array)
 *(SORT_BY_NAME(.init_array.*))
                0x00006878                        __ctors_end__ = (__ctors_start__ + SIZEOF (.ctors))
                0x00000000                        __ctors_size__ = SIZEOF (.ctors)
                0x00006878                        __ctors_load_end__ = __ctors_end__
                0x00000001                        . = ASSERT (((__ctors_start__ == __ctors_end__) || ((__ctors_end__ - __FLASH1_segment_start__) <= __FLASH1_segment_size__)), error: .ctors is too large to fit in FLASH1 memory segment)
                0x00006878                        __rodata_load_start__ = ALIGN (__ctors_end__, 0x4)

.rodata         0x00006878      0xf4d
                0x00006878                        __rodata_start__ = .
 *(.rodata .rodata.* .gnu.linkonce.r.* .data.rel.ro .data.rel.ro.*)
 .rodata        0x00006878       0x68 Output/Debug/Obj/saadc_pca10040/nrf_log_backend_uart.o
 .rodata.nrf_log_backend_uart_api
                0x000068e0        0xc Output/Debug/Obj/saadc_pca10040/nrf_log_backend_uart.o
                0x000068e0                nrf_log_backend_uart_api
 .rodata        0x000068ec       0x5e Output/Debug/Obj/saadc_pca10040/nrf_log_default_backends.o
 *fill*         0x0000694a        0x2 
 .rodata.m_log_push_ringbuf
                0x0000694c        0xc Output/Debug/Obj/saadc_pca10040/nrf_log_frontend.o
 .rodata        0x00006958       0x59 Output/Debug/Obj/saadc_pca10040/nrf_log_frontend.o
 *fill*         0x000069b1        0x3 
 .rodata        0x000069b4       0xaa Output/Debug/Obj/saadc_pca10040/nrf_log_str_formatter.o
 *fill*         0x00006a5e        0x2 
 .rodata        0x00006a60       0x70 Output/Debug/Obj/saadc_pca10040/app_error_weak.o
 .rodata        0x00006ad0       0x40 Output/Debug/Obj/saadc_pca10040/app_util_platform.o
 .rodata        0x00006b10       0x3b Output/Debug/Obj/saadc_pca10040/nrf_balloc.o
 *fill*         0x00006b4b        0x1 
 .rodata        0x00006b4c       0x31 Output/Debug/Obj/saadc_pca10040/nrf_fprintf.o
 *fill*         0x00006b7d        0x3 
 .rodata        0x00006b80       0x38 Output/Debug/Obj/saadc_pca10040/nrf_fprintf_format.o
 .rodata._aV2C.0
                0x00006bb8       0x10 Output/Debug/Obj/saadc_pca10040/nrf_fprintf_format.o
 .rodata        0x00006bc8       0x3b Output/Debug/Obj/saadc_pca10040/nrf_memobj.o
 *fill*         0x00006c03        0x1 
 .rodata        0x00006c04       0xd7 Output/Debug/Obj/saadc_pca10040/nrf_pwr_mgmt.o
 *fill*         0x00006cdb        0x1 
 .rodata.m_unknown_str
                0x00006cdc       0x13 Output/Debug/Obj/saadc_pca10040/nrf_strerror.o
 *fill*         0x00006cef        0x1 
 .rodata        0x00006cf0      0x3bd Output/Debug/Obj/saadc_pca10040/nrf_strerror.o
 *fill*         0x000070ad        0x3 
 .rodata.nrf_strerror_array
                0x000070b0      0x118 Output/Debug/Obj/saadc_pca10040/nrf_strerror.o
 .rodata        0x000071c8        0x4 Output/Debug/Obj/saadc_pca10040/nrfx_ppi.o
 .rodata        0x000071cc       0x3e Output/Debug/Obj/saadc_pca10040/nrfx_prs.o
 *fill*         0x0000720a        0x2 
 .rodata        0x0000720c       0xa0 Output/Debug/Obj/saadc_pca10040/nrfx_saadc.o
 .rodata        0x000072ac       0x70 Output/Debug/Obj/saadc_pca10040/nrfx_timer.o
 .rodata        0x0000731c       0x9f Output/Debug/Obj/saadc_pca10040/nrfx_uart.o
 *fill*         0x000073bb        0x1 
 .rodata.irq_handlers.0
                0x000073bc        0x4 Output/Debug/Obj/saadc_pca10040/nrfx_uart.o
 .rodata        0x000073c0       0xa0 Output/Debug/Obj/saadc_pca10040/nrfx_uarte.o
 .rodata.irq_handlers.0
                0x00007460        0x4 Output/Debug/Obj/saadc_pca10040/nrfx_uarte.o
 .rodata        0x00007464      0x133 Output/Debug/Obj/saadc_pca10040/main.o
 *fill*         0x00007597        0x1 
 .rodata.m_timer
                0x00007598        0x8 Output/Debug/Obj/saadc_pca10040/main.o
 .rodata.default_config.0
                0x000075a0        0x4 Output/Debug/Obj/saadc_pca10040/main.o
 .rodata.libc.__SEGGER_RTL_c_locale
                0x000075a4        0xc C:/Program Files/SEGGER/SEGGER Embedded Studio 8.22a/lib/mbops_timeops_v7em_fpv4_sp_d16_hard_t_le_eabi_balanced.a(mbops.o)
                0x000075a4                __SEGGER_RTL_c_locale
 .rodata.libc.__SEGGER_RTL_c_locale_day_names
                0x000075b0       0x3a C:/Program Files/SEGGER/SEGGER Embedded Studio 8.22a/lib/mbops_timeops_v7em_fpv4_sp_d16_hard_t_le_eabi_balanced.a(mbops.o)
                0x000075b0                __SEGGER_RTL_c_locale_day_names
 .rodata.libc.__SEGGER_RTL_c_locale_month_names
                0x000075ea       0x57 C:/Program Files/SEGGER/SEGGER Embedded Studio 8.22a/lib/mbops_timeops_v7em_fpv4_sp_d16_hard_t_le_eabi_balanced.a(mbops.o)
                0x000075ea                __SEGGER_RTL_c_locale_month_names
 .rodata.libc.__SEGGER_RTL_c_locale_am_pm_indicator
                0x00007641        0x7 C:/Program Files/SEGGER/SEGGER Embedded Studio 8.22a/lib/mbops_timeops_v7em_fpv4_sp_d16_hard_t_le_eabi_balanced.a(mbops.o)
                0x00007641                __SEGGER_RTL_c_locale_am_pm_indicator
 .rodata.libc.__SEGGER_RTL_c_locale_date_format
                0x00007648        0x9 C:/Program Files/SEGGER/SEGGER Embedded Studio 8.22a/lib/mbops_timeops_v7em_fpv4_sp_d16_hard_t_le_eabi_balanced.a(mbops.o)
                0x00007648                __SEGGER_RTL_c_locale_date_format
 .rodata.libc.__SEGGER_RTL_c_locale_time_format
                0x00007651        0x9 C:/Program Files/SEGGER/SEGGER Embedded Studio 8.22a/lib/mbops_timeops_v7em_fpv4_sp_d16_hard_t_le_eabi_balanced.a(mbops.o)
                0x00007651                __SEGGER_RTL_c_locale_time_format
 .rodata.libc.__SEGGER_RTL_c_locale_date_time_format
                0x0000765a        0xf C:/Program Files/SEGGER/SEGGER Embedded Studio 8.22a/lib/mbops_timeops_v7em_fpv4_sp_d16_hard_t_le_eabi_balanced.a(mbops.o)
                0x0000765a                __SEGGER_RTL_c_locale_date_time_format
 .rodata.libc..L.str
                0x00007669        0x2 C:/Program Files/SEGGER/SEGGER Embedded Studio 8.22a/lib/mbops_timeops_v7em_fpv4_sp_d16_hard_t_le_eabi_balanced.a(mbops.o)
 *fill*         0x0000766b        0x1 
 .rodata.libc.__SEGGER_RTL_codeset_ascii
                0x0000766c       0x20 C:/Program Files/SEGGER/SEGGER Embedded Studio 8.22a/lib/mbops_timeops_v7em_fpv4_sp_d16_hard_t_le_eabi_balanced.a(mbops.o)
                0x0000766c                __SEGGER_RTL_codeset_ascii
 .rodata.libc.__SEGGER_RTL_c_locale_abbrev_day_names
                0x0000768c       0x1d C:/Program Files/SEGGER/SEGGER Embedded Studio 8.22a/lib/mbops_timeops_v7em_fpv4_sp_d16_hard_t_le_eabi_balanced.a(mbops.o)
                0x0000768c                __SEGGER_RTL_c_locale_abbrev_day_names
 .rodata.libc.__SEGGER_RTL_c_locale_abbrev_month_names
                0x000076a9       0x31 C:/Program Files/SEGGER/SEGGER Embedded Studio 8.22a/lib/mbops_timeops_v7em_fpv4_sp_d16_hard_t_le_eabi_balanced.a(mbops.o)
                0x000076a9                __SEGGER_RTL_c_locale_abbrev_month_names
 .rodata.libc.__SEGGER_RTL_data_utf8_period
                0x000076da        0x2 C:/Program Files/SEGGER/SEGGER Embedded Studio 8.22a/lib/mbops_timeops_v7em_fpv4_sp_d16_hard_t_le_eabi_balanced.a(mbops.o)
                0x000076da                __SEGGER_RTL_data_utf8_period
 .rodata.libc.__SEGGER_RTL_data_empty_string
                0x000076dc        0x1 C:/Program Files/SEGGER/SEGGER Embedded Studio 8.22a/lib/mbops_timeops_v7em_fpv4_sp_d16_hard_t_le_eabi_balanced.a(mbops.o)
                0x000076dc                __SEGGER_RTL_data_empty_string
 *fill*         0x000076dd        0x3 
 .rodata.libc.__SEGGER_RTL_c_locale_data
                0x000076e0       0x58 C:/Program Files/SEGGER/SEGGER Embedded Studio 8.22a/lib/mbops_timeops_v7em_fpv4_sp_d16_hard_t_le_eabi_balanced.a(mbops.o)
                0x000076e0                __SEGGER_RTL_c_locale_data
 .rodata.libc.__SEGGER_RTL_ascii_ctype_map
                0x00007738       0x80 C:/Program Files/SEGGER/SEGGER Embedded Studio 8.22a/lib/mbops_timeops_v7em_fpv4_sp_d16_hard_t_le_eabi_balanced.a(mbops.o)
 .rodata.libc.__SEGGER_RTL_ascii_ctype_mask
                0x000077b8        0xd C:/Program Files/SEGGER/SEGGER Embedded Studio 8.22a/lib/mbops_timeops_v7em_fpv4_sp_d16_hard_t_le_eabi_balanced.a(mbops.o)
                0x000077c5                        __rodata_end__ = (__rodata_start__ + SIZEOF (.rodata))
                0x00000f4d                        __rodata_size__ = SIZEOF (.rodata)
                0x000077c5                        __rodata_load_end__ = __rodata_end__

.rel.dyn        0x000077c8        0x0
 .rel.iplt      0x000077c8        0x0 Output/Debug/Obj/saadc_pca10040/thumb_crt0.o
                0x00000001                        . = ASSERT (((__rodata_start__ == __rodata_end__) || ((__rodata_end__ - __FLASH1_segment_start__) <= __FLASH1_segment_size__)), error: .rodata is too large to fit in FLASH1 memory segment)
                0x000077c8                        __ARM.exidx_load_start__ = ALIGN (__rodata_end__, 0x4)

.ARM.exidx      0x000077c8        0x0
                0x000077c8                        __ARM.exidx_start__ = .
                0x000077c8                        __exidx_start = __ARM.exidx_start__
 *(.ARM.exidx .ARM.exidx.*)
                0x000077c8                        __ARM.exidx_end__ = (__ARM.exidx_start__ + SIZEOF (.ARM.exidx))
                0x00000000                        __ARM.exidx_size__ = SIZEOF (.ARM.exidx)
                0x000077c8                        __exidx_end = __ARM.exidx_end__
                0x000077c8                        __ARM.exidx_load_end__ = __ARM.exidx_end__
                0x00000001                        . = ASSERT (((__ARM.exidx_start__ == __ARM.exidx_end__) || ((__ARM.exidx_end__ - __FLASH1_segment_start__) <= __FLASH1_segment_size__)), error: .ARM.exidx is too large to fit in FLASH1 memory segment)
                0x000077c8                        __fast_load_start__ = ALIGN (__ARM.exidx_end__, 0x4)

.fast           0x20000000        0x0 load address 0x000077c8
                0x20000000                        __fast_start__ = .
 *(.fast .fast.*)
                0x20000000                        __fast_end__ = (__fast_start__ + SIZEOF (.fast))
                0x00000000                        __fast_size__ = SIZEOF (.fast)
                0x000077c8                        __fast_load_end__ = (__fast_load_start__ + SIZEOF (.fast))
                0x00000001                        . = ASSERT (((__fast_load_start__ == __fast_load_end__) || ((__fast_load_end__ - __FLASH1_segment_start__) <= __FLASH1_segment_size__)), error: .fast is too large to fit in FLASH1 memory segment)

.fast_run       0x20000000        0x0
                0x20000000                        __fast_run_start__ = .
                0x20000000                        __fast_run_end__ = (__fast_run_start__ + SIZEOF (.fast))
                0x00000000                        __fast_run_size__ = (__fast_run_end__ - __fast_run_start__)
                0x20000000                        __fast_run_load_end__ = __fast_run_end__
                0x00000001                        . = ASSERT (((__fast_run_start__ == __fast_run_end__) || ((__fast_run_end__ - __RAM1_segment_start__) <= __RAM1_segment_size__)), error: .fast_run is too large to fit in RAM1 memory segment)
                0x000077c8                        __data_load_start__ = ALIGN ((__fast_load_start__ + SIZEOF (.fast)), 0x4)

.data           0x20000000       0x70 load address 0x000077c8
                0x20000000                        __data_start__ = .
 *(.data .data.* .gnu.linkonce.d.*)
 .data.m_uart   0x20000000       0x14 Output/Debug/Obj/saadc_pca10040/nrf_log_backend_uart.o
                0x20000000                m_uart
 .data.log_backend_cb_uart_log_backend
                0x20000014        0x8 Output/Debug/Obj/saadc_pca10040/nrf_log_default_backends.o
 .data.m_buffer_mask
                0x2000001c        0x4 Output/Debug/Obj/saadc_pca10040/nrf_log_frontend.o
 .data.severity_names
                0x20000020       0x14 Output/Debug/Obj/saadc_pca10040/nrf_log_str_formatter.o
 .data.m_colors
                0x20000034       0x24 Output/Debug/Obj/saadc_pca10040/nrf_log_str_formatter.o
 .data.SystemCoreClock
                0x20000058        0x4 Output/Debug/Obj/saadc_pca10040/system_nrf52.o
                0x20000058                SystemCoreClock
 .data.libc.__SEGGER_RTL_global_locale
                0x2000005c       0x14 C:/Program Files/SEGGER/SEGGER Embedded Studio 8.22a/lib/mbops_timeops_v7em_fpv4_sp_d16_hard_t_le_eabi_balanced.a(mbops.o)
                0x2000005c                __SEGGER_RTL_global_locale
                0x2000005c                __RAL_global_locale
                0x20000070                        __data_end__ = (__data_start__ + SIZEOF (.data))
                0x00000070                        __data_size__ = SIZEOF (.data)
                0x00007838                        __data_load_end__ = (__data_load_start__ + SIZEOF (.data))

.igot.plt       0x00000000        0x0
 .igot.plt      0x00000000        0x0 Output/Debug/Obj/saadc_pca10040/thumb_crt0.o
                0x00000001                        . = ASSERT (((__data_load_start__ == __data_load_end__) || ((__data_load_end__ - __FLASH1_segment_start__) <= __FLASH1_segment_size__)), error: .data is too large to fit in FLASH1 memory segment)

.data_run       0x20000000        0x0
                0x20000000                        __data_run_start__ = .
                0x20000070                        __data_run_end__ = (__data_run_start__ + SIZEOF (.data))
                0x00000070                        __data_run_size__ = (__data_run_end__ - __data_run_start__)
                0x20000070                        __data_run_load_end__ = __data_run_end__
                0x00000001                        . = ASSERT (((__data_run_start__ == __data_run_end__) || ((__data_run_end__ - __RAM1_segment_start__) <= __RAM1_segment_size__)), error: .data_run is too large to fit in RAM1 memory segment)
                0x00007838                        __tdata_load_start__ = ALIGN ((__data_load_start__ + SIZEOF (.data)), 0x4)

.tdata          0x20000070        0x0 load address 0x00007838
                0x20000070                        __tdata_start__ = .
 *(.tdata .tdata.*)
                0x20000070                        __tdata_end__ = (__tdata_start__ + SIZEOF (.tdata))
                0x00000000                        __tdata_size__ = SIZEOF (.tdata)
                0x00007838                        __tdata_load_end__ = (__tdata_load_start__ + SIZEOF (.tdata))
                0x00007838                        __FLASH1_segment_used_end__ = (ALIGN ((__data_load_start__ + SIZEOF (.data)), 0x4) + SIZEOF (.tdata))
                0x00007838                        __FLASH1_segment_used_size__ = (__FLASH1_segment_used_end__ - __FLASH1_segment_start__)
                0x00000001                        . = ASSERT (((__tdata_load_start__ == __tdata_load_end__) || ((__tdata_load_end__ - __FLASH1_segment_start__) <= __FLASH1_segment_size__)), error: .tdata is too large to fit in FLASH1 memory segment)

.tdata_run      0x20000070        0x0
                0x20000070                        __tdata_run_start__ = .
                0x20000070                        __tdata_run_end__ = (__tdata_run_start__ + SIZEOF (.tdata))
                0x00000000                        __tdata_run_size__ = (__tdata_run_end__ - __tdata_run_start__)
                0x20000070                        __tdata_run_load_end__ = __tdata_run_end__
                0x00000001                        . = ASSERT (((__tdata_run_start__ == __tdata_run_end__) || ((__tdata_run_end__ - __RAM1_segment_start__) <= __RAM1_segment_size__)), error: .tdata_run is too large to fit in RAM1 memory segment)
                0x20000070                        __bss_load_start__ = ALIGN (__tdata_run_end__, 0x4)

.bss            0x20000070      0x6c4
                0x20000070                        __bss_start__ = .
 *(.bss .bss.* .gnu.linkonce.b.*)
 .bss.m_string_buff
                0x20000070       0x40 Output/Debug/Obj/saadc_pca10040/nrf_log_backend_uart.o
 .bss.m_xfer_done
                0x200000b0        0x1 Output/Debug/Obj/saadc_pca10040/nrf_log_backend_uart.o
 .bss.m_async_mode
                0x200000b1        0x1 Output/Debug/Obj/saadc_pca10040/nrf_log_backend_uart.o
 *fill*         0x200000b2        0x2 
 .bss.log_mempool_nrf_balloc_pool_stack
                0x200000b4        0x8 Output/Debug/Obj/saadc_pca10040/nrf_log_frontend.o
 .bss.log_mempool_nrf_balloc_pool_mem
                0x200000bc       0xc0 Output/Debug/Obj/saadc_pca10040/nrf_log_frontend.o
 .bss.log_mempool_nrf_balloc_cb
                0x2000017c        0x8 Output/Debug/Obj/saadc_pca10040/nrf_log_frontend.o
 .bss.m_log_push_ringbuf_buf
                0x20000184       0x80 Output/Debug/Obj/saadc_pca10040/nrf_log_frontend.o
 .bss.m_log_push_ringbuf_cb
                0x20000204       0x18 Output/Debug/Obj/saadc_pca10040/nrf_log_frontend.o
 .bss.m_log_data
                0x2000021c      0x420 Output/Debug/Obj/saadc_pca10040/nrf_log_frontend.o
 .bss.m_error_data.0
                0x2000063c       0x20 Output/Debug/Obj/saadc_pca10040/app_error.o
 .bss.m_in_critical_region
                0x2000065c        0x4 Output/Debug/Obj/saadc_pca10040/app_util_platform.o
 .bss.m_drv_state
                0x20000660        0x1 Output/Debug/Obj/saadc_pca10040/nrf_drv_ppi.o
 *fill*         0x20000661        0x3 
 .bss.m_handlers
                0x20000664        0x4 Output/Debug/Obj/saadc_pca10040/nrf_drv_uart.o
 .bss.m_contexts
                0x20000668        0x4 Output/Debug/Obj/saadc_pca10040/nrf_drv_uart.o
 .bss.nrf_drv_uart_use_easy_dma
                0x2000066c        0x1 Output/Debug/Obj/saadc_pca10040/nrf_drv_uart.o
                0x2000066c                nrf_drv_uart_use_easy_dma
 *fill*         0x2000066d        0x3 
 .bss.m_channels_allocated
                0x20000670        0x4 Output/Debug/Obj/saadc_pca10040/nrfx_ppi.o
 .bss.m_prs_box_4
                0x20000674        0x8 Output/Debug/Obj/saadc_pca10040/nrfx_prs.o
 .bss.m_cb      0x2000067c       0x30 Output/Debug/Obj/saadc_pca10040/nrfx_saadc.o
 .bss.m_cb      0x200006ac       0x18 Output/Debug/Obj/saadc_pca10040/nrfx_timer.o
 .bss.m_cb      0x200006c4       0x2c Output/Debug/Obj/saadc_pca10040/nrfx_uart.o
 .bss.m_cb      0x200006f0       0x24 Output/Debug/Obj/saadc_pca10040/nrfx_uarte.o
 .bss.m_buffer_pool
                0x20000714       0x14 Output/Debug/Obj/saadc_pca10040/main.o
 .bss.m_ppi_channel
                0x20000728        0x1 Output/Debug/Obj/saadc_pca10040/main.o
 *fill*         0x20000729        0x3 
 .bss.libc.__SEGGER_RTL_heap_globals.0
                0x2000072c        0x4 C:/Program Files/SEGGER/SEGGER Embedded Studio 8.22a/lib/heapops_basic_v7em_fpv4_sp_d16_hard_t_le_eabi_balanced.a(heapops_basic.o)
 .bss.libc.__SEGGER_RTL_locale_ptr
                0x20000730        0x4 C:/Program Files/SEGGER/SEGGER Embedded Studio 8.22a/lib/mbops_timeops_v7em_fpv4_sp_d16_hard_t_le_eabi_balanced.a(mbops.o)
                0x20000730                __SEGGER_RTL_locale_ptr
 *(COMMON)
                0x20000734                        __bss_end__ = (__bss_start__ + SIZEOF (.bss))
                0x000006c4                        __bss_size__ = SIZEOF (.bss)
                0x20000734                        __bss_load_end__ = __bss_end__
                0x00000001                        . = ASSERT (((__bss_start__ == __bss_end__) || ((__bss_end__ - __RAM1_segment_start__) <= __RAM1_segment_size__)), error: .bss is too large to fit in RAM1 memory segment)
                0x20000734                        __tbss_load_start__ = ALIGN (__bss_end__, 0x4)

.tbss           0x20000734        0x0
                0x20000734                        __tbss_start__ = .
 *(.tbss .tbss.*)
                0x20000734                        __tbss_end__ = (__tbss_start__ + SIZEOF (.tbss))
                0x00000000                        __tbss_size__ = SIZEOF (.tbss)
                0x20000734                        __tbss_load_end__ = __tbss_end__
                0x00000001                        . = ASSERT (((__tbss_start__ == __tbss_end__) || ((__tbss_end__ - __RAM1_segment_start__) <= __RAM1_segment_size__)), error: .tbss is too large to fit in RAM1 memory segment)
                0x20000734                        __non_init_load_start__ = ALIGN (__tbss_end__, 0x4)

.non_init       0x20000734        0x0
                0x20000734                        __non_init_start__ = .
 *(.non_init .non_init.*)
                0x20000734                        __non_init_end__ = (__non_init_start__ + SIZEOF (.non_init))
                0x00000000                        __non_init_size__ = SIZEOF (.non_init)
                0x20000734                        __non_init_load_end__ = __non_init_end__
                0x00000001                        . = ASSERT (((__non_init_start__ == __non_init_end__) || ((__non_init_end__ - __RAM1_segment_start__) <= __RAM1_segment_size__)), error: .non_init is too large to fit in RAM1 memory segment)
                0x20000734                        __heap_load_start__ = ALIGN (__non_init_end__, 0x4)

.heap           0x20000734     0x2000
                0x20000734                        __heap_start__ = .
 *(.heap .heap.*)
                0x20002734                        . = ALIGN (MAX ((__heap_start__ + __HEAPSIZE__), .), 0x4)
 *fill*         0x20000734     0x2000 
                0x20002734                        __heap_end__ = (__heap_start__ + SIZEOF (.heap))
                0x00002000                        __heap_size__ = SIZEOF (.heap)
                0x20002734                        __heap_load_end__ = __heap_end__
                0x00000001                        . = ASSERT (((__heap_start__ == __heap_end__) || ((__heap_end__ - __RAM1_segment_start__) <= __RAM1_segment_size__)), error: .heap is too large to fit in RAM1 memory segment)
                0x00000001                        . = ASSERT ((__HEAPSIZE__ == ALIGN (__HEAPSIZE__, 0x4)), error: .heap section size does not match alignment)
                0x00000001                        . = ASSERT ((__heap_size__ <= __HEAPSIZE__), error: .heap section is larger than specified size)
                0x2000e000                        __stack_load_start__ = (__RAM1_segment_start__ + (__RAM1_segment_size__ - 0x2000))

.stack          0x2000e000     0x2000
                0x2000e000                        __stack_start__ = .
                0x2000e000                        __StackLimit = __stack_start__
 *(.stack .stack.*)
                0x20010000                        . = ALIGN (MAX ((__stack_start__ + __STACKSIZE__), .), 0x8)
 *fill*         0x2000e000     0x2000 
                0x20010000                        __stack_end__ = (__stack_start__ + SIZEOF (.stack))
                0x00002000                        __stack_size__ = SIZEOF (.stack)
                0x20010000                        __StackTop = __stack_end__
                0x20010000                        __stack_load_end__ = __stack_end__
                0x00000001                        . = ASSERT (((__stack_start__ == __stack_end__) || ((__stack_end__ - __RAM1_segment_start__) <= __RAM1_segment_size__)), error: .stack is too large to fit in RAM1 memory segment)
                0x00000001                        . = ASSERT ((__heap_end__ <= __stack_start__), error: section .heap overlaps absolute placed section .stack)
                0x00000001                        . = ASSERT ((__STACKSIZE__ == ALIGN (__STACKSIZE__, 0x8)), error: .stack section size does not match alignment)
                0x00000001                        . = ASSERT ((__stack_size__ <= __STACKSIZE__), error: .stack section is larger than specified size)
                0x20010000                        __stack_process_load_start__ = ALIGN (__stack_end__, 0x8)

.stack_process  0x20010000        0x0
                0x20010000                        __stack_process_start__ = .
 *(.stack_process .stack_process.*)
                0x20010000                        . = ALIGN (MAX ((__stack_process_start__ + __STACKSIZE_PROCESS__), .), 0x8)
                0x20010000                        __stack_process_end__ = (__stack_process_start__ + SIZEOF (.stack_process))
                0x00000000                        __stack_process_size__ = SIZEOF (.stack_process)
                0x20010000                        __stack_process_load_end__ = __stack_process_end__
                0x20010000                        __RAM1_segment_used_end__ = (ALIGN (__stack_end__, 0x8) + SIZEOF (.stack_process))
                0x00010000                        __RAM1_segment_used_size__ = (__RAM1_segment_used_end__ - __RAM1_segment_start__)
                0x00000001                        . = ASSERT (((__stack_process_start__ == __stack_process_end__) || ((__stack_process_end__ - __RAM1_segment_start__) <= __RAM1_segment_size__)), error: .stack_process is too large to fit in RAM1 memory segment)
                0x00000001                        . = ASSERT ((__STACKSIZE_PROCESS__ == ALIGN (__STACKSIZE_PROCESS__, 0x8)), error: .stack_process section size does not match alignment)
                0x00000001                        . = ASSERT ((__stack_process_size__ <= __STACKSIZE_PROCESS__), error: .stack_process section is larger than specified size)
                0x00002000                        __STACKSIZE__ = 0x2000
                0x00000000                        __STACKSIZE_PROCESS__ = 0x0
                0x00002000                        __HEAPSIZE__ = 0x2000
                0x00000000                        __SEGGER_RTL_vfprintf = __SEGGER_RTL_vfprintf_long
                0x00000000                        __SEGGER_RTL_vfscanf = __SEGGER_RTL_vfscanf_long
START GROUP
LOAD Output/Debug/Obj/saadc_pca10040/thumb_crt0.o
LOAD Output/Debug/Obj/saadc_pca10040/nrf_log_backend_rtt.o
LOAD Output/Debug/Obj/saadc_pca10040/nrf_log_backend_serial.o
LOAD Output/Debug/Obj/saadc_pca10040/nrf_log_backend_uart.o
LOAD Output/Debug/Obj/saadc_pca10040/nrf_log_default_backends.o
LOAD Output/Debug/Obj/saadc_pca10040/nrf_log_frontend.o
LOAD Output/Debug/Obj/saadc_pca10040/nrf_log_str_formatter.o
LOAD Output/Debug/Obj/saadc_pca10040/boards.o
LOAD Output/Debug/Obj/saadc_pca10040/app_error.o
LOAD Output/Debug/Obj/saadc_pca10040/app_error_handler_gcc.o
LOAD Output/Debug/Obj/saadc_pca10040/app_error_weak.o
LOAD Output/Debug/Obj/saadc_pca10040/app_util_platform.o
LOAD Output/Debug/Obj/saadc_pca10040/nrf_assert.o
LOAD Output/Debug/Obj/saadc_pca10040/nrf_atomic.o
LOAD Output/Debug/Obj/saadc_pca10040/nrf_balloc.o
LOAD Output/Debug/Obj/saadc_pca10040/nrf_fprintf.o
LOAD Output/Debug/Obj/saadc_pca10040/nrf_fprintf_format.o
LOAD Output/Debug/Obj/saadc_pca10040/nrf_memobj.o
LOAD Output/Debug/Obj/saadc_pca10040/nrf_pwr_mgmt.o
LOAD Output/Debug/Obj/saadc_pca10040/nrf_ringbuf.o
LOAD Output/Debug/Obj/saadc_pca10040/nrf_section_iter.o
LOAD Output/Debug/Obj/saadc_pca10040/nrf_strerror.o
LOAD Output/Debug/Obj/saadc_pca10040/nrf_drv_ppi.o
LOAD Output/Debug/Obj/saadc_pca10040/nrf_drv_uart.o
LOAD Output/Debug/Obj/saadc_pca10040/nrfx_atomic.o
LOAD Output/Debug/Obj/saadc_pca10040/nrfx_ppi.o
LOAD Output/Debug/Obj/saadc_pca10040/nrfx_prs.o
LOAD Output/Debug/Obj/saadc_pca10040/nrfx_saadc.o
LOAD Output/Debug/Obj/saadc_pca10040/nrfx_timer.o
LOAD Output/Debug/Obj/saadc_pca10040/nrfx_uart.o
LOAD Output/Debug/Obj/saadc_pca10040/nrfx_uarte.o
LOAD Output/Debug/Obj/saadc_pca10040/main.o
LOAD Output/Debug/Obj/saadc_pca10040/SEGGER_RTT.o
LOAD Output/Debug/Obj/saadc_pca10040/SEGGER_RTT_printf.o
LOAD Output/Debug/Obj/saadc_pca10040/ses_startup_nrf52.o
LOAD Output/Debug/Obj/saadc_pca10040/ses_startup_nrf_common.o
LOAD Output/Debug/Obj/saadc_pca10040/system_nrf52.o
LOAD C:/Program Files/SEGGER/SEGGER Embedded Studio 8.22a/lib/libc_v7em_fpv4_sp_d16_hard_t_le_eabi_balanced.a
LOAD C:/Program Files/SEGGER/SEGGER Embedded Studio 8.22a/lib/prinops_rtt_v7em_fpv4_sp_d16_hard_t_le_eabi_balanced.a
LOAD C:/Program Files/SEGGER/SEGGER Embedded Studio 8.22a/lib/heapops_basic_v7em_fpv4_sp_d16_hard_t_le_eabi_balanced.a
LOAD C:/Program Files/SEGGER/SEGGER Embedded Studio 8.22a/lib/heapops_disable_interrupts_locking_v7em_fpv4_sp_d16_hard_t_le_eabi_balanced.a
LOAD C:/Program Files/SEGGER/SEGGER Embedded Studio 8.22a/lib/strops_unaligned_v7em_fpv4_sp_d16_hard_t_le_eabi_balanced.a
LOAD C:/Program Files/SEGGER/SEGGER Embedded Studio 8.22a/lib/mbops_timeops_v7em_fpv4_sp_d16_hard_t_le_eabi_balanced.a
END GROUP
OUTPUT(C:/Nordic_Project/examples/My_Project/24_SAADC_Single_NonBlocking/pca10040/blank/ses/Output/Debug/Exe/saadc_pca10040.elf elf32-littlearm)
LOAD linker stubs

.ARM.attributes
                0x00000000       0x36
 .ARM.attributes
                0x00000000       0x20 Output/Debug/Obj/saadc_pca10040/thumb_crt0.o
 .ARM.attributes
                0x00000020       0x36 Output/Debug/Obj/saadc_pca10040/nrf_log_backend_serial.o
 .ARM.attributes
                0x00000056       0x36 Output/Debug/Obj/saadc_pca10040/nrf_log_backend_uart.o
 .ARM.attributes
                0x0000008c       0x36 Output/Debug/Obj/saadc_pca10040/nrf_log_default_backends.o
 .ARM.attributes
                0x000000c2       0x36 Output/Debug/Obj/saadc_pca10040/nrf_log_frontend.o
 .ARM.attributes
                0x000000f8       0x36 Output/Debug/Obj/saadc_pca10040/nrf_log_str_formatter.o
 .ARM.attributes
                0x0000012e       0x36 Output/Debug/Obj/saadc_pca10040/app_error.o
 .ARM.attributes
                0x00000164       0x36 Output/Debug/Obj/saadc_pca10040/app_error_handler_gcc.o
 .ARM.attributes
                0x0000019a       0x36 Output/Debug/Obj/saadc_pca10040/app_error_weak.o
 .ARM.attributes
                0x000001d0       0x36 Output/Debug/Obj/saadc_pca10040/app_util_platform.o
 .ARM.attributes
                0x00000206       0x36 Output/Debug/Obj/saadc_pca10040/nrf_assert.o
 .ARM.attributes
                0x0000023c       0x36 Output/Debug/Obj/saadc_pca10040/nrf_atomic.o